CALIPTRA_TRACE_BOUND
sh: python: command not found
sh: python: command not found
STRAP_SS_KEY_RELEASE_KEY_SIZE set to default value 0x0040
STRAP_SS_KEY_RELEASE_BASE_ADDR set to default value 0x0000000123440000

JTAG: Virtual JTAG interface jtag0 is listening on port 56013. Use
OpenOCD and the following configuration to connect:
  interface remote_bitbang
  remote_bitbang_host localhost
  remote_bitbang_port 56013
INFO: /private/tmp/caliptra-bfm-pcprobe-socket-20261006/caliptra_top_tb_services_skip_pq_vectors.sv:121: No argument provided for CLP_MAX_CYCLES, defaulting to    20000000
      Time: 0  Scope: caliptra_top_tb.tb_services_i
DCCM pre-load from 50000000 to 5003ffff
DCCM pre-load completed
ICCM pre-load from 40000000 to 4003ffff
ICCM pre-load completed
MBOX pre-load from 00000000 to 000000000000000000010000
MBOX pre-load completed
WARNING: /Users/danielellerbrock/projects/iverilog_uvm/caliptra-rtl/src/entropy_src/rtl/entropy_src_reg_top.sv:3825: value is unhandled for priority or unique case statement
         Time: 0  Scope: caliptra_top_tb.caliptra_top_dut.entropy_src.u_reg
WARNING: /Users/danielellerbrock/projects/iverilog_uvm/caliptra-rtl/src/entropy_src/rtl/entropy_src_reg_top.sv:3825: value is unhandled for priority or unique case statement
         Time: 0  Scope: caliptra_top_tb.caliptra_top_dut.entropy_src.u_reg
WARNING: /Users/danielellerbrock/projects/iverilog_uvm/caliptra-rtl/src/csrng/rtl/csrng_reg_top.sv:2386: value is unhandled for priority or unique case statement
         Time: 0  Scope: caliptra_top_tb.caliptra_top_dut.csrng.u_reg







WARNING: /Users/danielellerbrock/projects/iverilog_uvm/caliptra-rtl/src/entropy_src/rtl/entropy_src_reg_top.sv:3825: value is unhandled for priority or unique case statement
         Time: 0  Scope: caliptra_top_tb.caliptra_top_dut.entropy_src.u_reg
WARNING: /Users/danielellerbrock/projects/iverilog_uvm/caliptra-rtl/src/csrng/rtl/csrng_reg_top.sv:2386: value is unhandled for priority or unique case statement
         Time: 0  Scope: caliptra_top_tb.caliptra_top_dut.csrng.u_reg
WARNING: /Users/danielellerbrock/projects/iverilog_uvm/caliptra-rtl/src/entropy_src/rtl/entropy_src_reg_top.sv:3825: value is unhandled for priority or unique case statement
         Time: 0  Scope: caliptra_top_tb.caliptra_top_dut.entropy_src.u_reg
WARNING: /Users/danielellerbrock/projects/iverilog_uvm/caliptra-rtl/src/csrng/rtl/csrng_reg_top.sv:2386: value is unhandled for priority or unique case statement
         Time: 0  Scope: caliptra_top_tb.caliptra_top_dut.csrng.u_reg
WARNING: /Users/danielellerbrock/projects/iverilog_uvm/caliptra-rtl/src/csrng/rtl/csrng_reg_top.sv:2386: value is unhandled for priority or unique case statement
         Time: 0  Scope: caliptra_top_tb.caliptra_top_dut.csrng.u_reg
WARNING: /Users/danielellerbrock/projects/iverilog_uvm/caliptra-rtl/src/entropy_src/rtl/entropy_src_reg_top.sv:3825: value is unhandled for priority or unique case statement
         Time: 0  Scope: caliptra_top_tb.caliptra_top_dut.entropy_src.u_reg
CLP: Waiting for cptra_rst_b deassertion

SoC: Asserting cptra_pwrgood and breakpoint. cycleCnt [         15] deassert_hard_rst_flag[0]

SoC: De-Asserting cptra_rst_b. cycleCnt [         20] deassert_rst_flag[0]

CLP: Observed cptra_rst_b deassertion

CLP: Ready for fuse download

SoC: Writing obfuscated UDS to fuse bank

SoC: Writing obfuscated Field Entropy to fuse bank

CALIPTRA_TRACE cycle=100 retired=0 pc=00000000 insn=00000000 ready_mb=0 reset_n=1 fatal=0 axi_ar=0 axi_aw=0 axi_w=0 axi_b=0 axi_r=0
SoC: Writing obfuscated HEK seed to fuse bank

SoC: Writing SOC Stepping ID to fuse bank

SoC: Writing fuse done register

SoC: Polling Flow Status...
  >>> SoC: Ready for Fuses deasserted after polling           1 times

SoC: Writing BootGo register

CLP: ROM Flow in progress...

CALIPTRA_TRACE cycle=200 retired=7 pc=00000016 insn=0000100f ready_mb=0 reset_n=1 fatal=0 axi_ar=0 axi_aw=0 axi_w=0 axi_b=0 axi_r=0
CALIPTRA_TRACE cycle=300 retired=32 pc=00000076 insn=0002ae03 ready_mb=0 reset_n=1 fatal=0 axi_ar=0 axi_aw=0 axi_w=0 axi_b=0 axi_r=0
CALIPTRA_TRACE cycle=400 retired=54 pc=0000007e insn=00000291 ready_mb=0 reset_n=1 fatal=0 axi_ar=0 axi_aw=0 axi_w=0 axi_b=0 axi_r=0
CALIPTRA_TRACE cycle=500 retired=76 pc=00000082 insn=fe62eae3 ready_mb=0 reset_n=1 fatal=0 axi_ar=0 axi_aw=0 axi_w=0 axi_b=0 axi_r=0
CALIPTRA_TRACE cycle=600 retired=96 pc=00000082 insn=fe62eae3 ready_mb=0 reset_n=1 fatal=0 axi_ar=0 axi_aw=0 axi_w=0 axi_b=0 axi_r=0
CALIPTRA_TRACE cycle=700 retired=116 pc=00000082 insn=fe62eae3 ready_mb=0 reset_n=1 fatal=0 axi_ar=0 axi_aw=0 axi_w=0 axi_b=0 axi_r=0
CALIPTRA_TRACE cycle=800 retired=137 pc=00000076 insn=0002ae03 ready_mb=0 reset_n=1 fatal=0 axi_ar=0 axi_aw=0 axi_w=0 axi_b=0 axi_r=0
CALIPTRA_TRACE cycle=900 retired=157 pc=00000076 insn=0002ae03 ready_mb=0 reset_n=1 fatal=0 axi_ar=0 axi_aw=0 axi_w=0 axi_b=0 axi_r=0
CALIPTRA_TRACE cycle=1000 retired=179 pc=0000007e insn=00000291 ready_mb=0 reset_n=1 fatal=0 axi_ar=0 axi_aw=0 axi_w=0 axi_b=0 axi_r=0
CALIPTRA_TRACE cycle=1100 retired=201 pc=00000082 insn=fe62eae3 ready_mb=0 reset_n=1 fatal=0 axi_ar=0 axi_aw=0 axi_w=0 axi_b=0 axi_r=0
CALIPTRA_TRACE cycle=1200 retired=221 pc=00000082 insn=fe62eae3 ready_mb=0 reset_n=1 fatal=0 axi_ar=0 axi_aw=0 axi_w=0 axi_b=0 axi_r=0
CALIPTRA_TRACE cycle=1300 retired=241 pc=00000082 insn=fe62eae3 ready_mb=0 reset_n=1 fatal=0 axi_ar=0 axi_aw=0 axi_w=0 axi_b=0 axi_r=0
CALIPTRA_TRACE cycle=1400 retired=262 pc=00000076 insn=0002ae03 ready_mb=0 reset_n=1 fatal=0 axi_ar=0 axi_aw=0 axi_w=0 axi_b=0 axi_r=0
CALIPTRA_TRACE cycle=1500 retired=303 pc=00000764 insn=000007c1 ready_mb=0 reset_n=1 fatal=0 axi_ar=0 axi_aw=0 axi_w=0 axi_b=0 axi_r=0
CALIPTRA_TRACE cycle=1600 retired=349 pc=00000768 insn=fed792e3 ready_mb=0 reset_n=1 fatal=0 axi_ar=0 axi_aw=0 axi_w=0 axi_b=0 axi_r=0
CALIPTRA_TRACE cycle=1700 retired=382 pc=00000768 insn=fed792e3 ready_mb=0 reset_n=1 fatal=0 axi_ar=0 axi_aw=0 axi_w=0 axi_b=0 axi_r=0
CALIPTRA_TRACE cycle=1800 retired=449 pc=0000074c insn=0007a883 ready_mb=0 reset_n=1 fatal=0 axi_ar=0 axi_aw=0 axi_w=0 axi_b=0 axi_r=0
CALIPTRA_TRACE cycle=1900 retired=508 pc=000001fa insn=1b512223 ready_mb=0 reset_n=1 fatal=0 axi_ar=0 axi_aw=0 axi_w=0 axi_b=0 axi_r=0
CALIPTRA_TRACE cycle=2000 retired=545 pc=0000e51e insn=00008a3d ready_mb=0 reset_n=1 fatal=0 axi_ar=0 axi_aw=0 axi_w=0 axi_b=0 axi_r=0
CALIPTRA_TRACE cycle=2100 retired=591 pc=0000e5a0 insn=fa8680e7 ready_mb=0 reset_n=1 fatal=0 axi_ar=0 axi_aw=0 axi_w=0 axi_b=0 axi_r=0
CALIPTRA_TRACE cycle=2200 retired=636 pc=0000e53a insn=00000297 ready_mb=0 reset_n=1 fatal=0 axi_ar=0 axi_aw=0 axi_w=0 axi_b=0 axi_r=0
CALIPTRA_TRACE cycle=2300 retired=670 pc=0000029e insn=000086de ready_mb=0 reset_n=1 fatal=0 axi_ar=0 axi_aw=0 axi_w=0 axi_b=0 axi_r=0
CALIPTRA_TRACE cycle=2400 retired=705 pc=0000343e insn=00008082 ready_mb=0 reset_n=1 fatal=0 axi_ar=0 axi_aw=0 axi_w=0 axi_b=0 axi_r=0
CALIPTRA_TRACE cycle=2500 retired=745 pc=00000324 insn=00279613 ready_mb=0 reset_n=1 fatal=0 axi_ar=0 axi_aw=0 axi_w=0 axi_b=0 axi_r=0
CALIPTRA_TRACE cycle=2600 retired=804 pc=0000033a insn=feb795e3 ready_mb=0 reset_n=1 fatal=0 axi_ar=0 axi_aw=0 axi_w=0 axi_b=0 axi_r=0
CALIPTRA_TRACE cycle=2700 retired=841 pc=0000034c insn=0007a803 ready_mb=0 reset_n=1 fatal=0 axi_ar=0 axi_aw=0 axi_w=0 axi_b=0 axi_r=0
CALIPTRA_TRACE cycle=2800 retired=880 pc=00000474 insn=23440537 ready_mb=0 reset_n=1 fatal=0 axi_ar=0 axi_aw=0 axi_w=0 axi_b=0 axi_r=0
CALIPTRA_TRACE cycle=2900 retired=923 pc=0000cd08 insn=00f82023 ready_mb=0 reset_n=1 fatal=0 axi_ar=0 axi_aw=0 axi_w=0 axi_b=0 axi_r=0
CALIPTRA_AXI AW count=1 addr=000000000000000100100011010001000000000000000000 cycle=2905 pc=0000cd12
CALIPTRA_AXI W count=1 cycle=2906 pc=0000cd12
CALIPTRA_AXI B count=1 cycle=2908 pc=0000cd12
CALIPTRA_TRACE cycle=3000 retired=945 pc=000003c4 insn=f9642823 ready_mb=0 reset_n=1 fatal=0 axi_ar=0 axi_aw=1 axi_w=1 axi_b=1 axi_r=0
CALIPTRA_TRACE cycle=3100 retired=1003 pc=000003f0 insn=fee792e3 ready_mb=0 reset_n=1 fatal=0 axi_ar=0 axi_aw=1 axi_w=1 axi_b=1 axi_r=0
CALIPTRA_TRACE cycle=3200 retired=1046 pc=00000414 insn=03c030ef ready_mb=0 reset_n=1 fatal=0 axi_ar=0 axi_aw=1 axi_w=1 axi_b=1 axi_r=0
CALIPTRA_TRACE cycle=3300 retired=1111 pc=00003520 insn=00d037b3 ready_mb=0 reset_n=1 fatal=0 axi_ar=0 axi_aw=1 axi_w=1 axi_b=1 axi_r=0
CALIPTRA_TRACE cycle=3400 retired=1156 pc=000035be insn=faf42223 ready_mb=0 reset_n=1 fatal=0 axi_ar=0 axi_aw=1 axi_w=1 axi_b=1 axi_r=0
CALIPTRA_TRACE cycle=3500 retired=1204 pc=00003636 insn=feb799e3 ready_mb=0 reset_n=1 fatal=0 axi_ar=0 axi_aw=1 axi_w=1 axi_b=1 axi_r=0
CALIPTRA_TRACE cycle=3600 retired=1252 pc=00003634 insn=0000cfd0 ready_mb=0 reset_n=1 fatal=0 axi_ar=0 axi_aw=1 axi_w=1 axi_b=1 axi_r=0
CALIPTRA_TRACE cycle=3700 retired=1285 pc=0000366e insn=7a079463 ready_mb=0 reset_n=1 fatal=0 axi_ar=0 axi_aw=1 axi_w=1 axi_b=1 axi_r=0
CALIPTRA_TRACE cycle=3800 retired=1318 pc=00003e80 insn=000b2783 ready_mb=0 reset_n=1 fatal=0 axi_ar=0 axi_aw=1 axi_w=1 axi_b=1 axi_r=0
CALIPTRA_TRACE cycle=3900 retired=1341 pc=00003e8e insn=100117b7 ready_mb=0 reset_n=1 fatal=0 axi_ar=0 axi_aw=1 axi_w=1 axi_b=1 axi_r=0
CALIPTRA_TRACE cycle=4000 retired=1391 pc=00003ede insn=00000911 ready_mb=0 reset_n=1 fatal=0 axi_ar=0 axi_aw=1 axi_w=1 axi_b=1 axi_r=0
CALIPTRA_TRACE cycle=4100 retired=1418 pc=00003e9a insn=000b2783 ready_mb=0 reset_n=1 fatal=0 axi_ar=0 axi_aw=1 axi_w=1 axi_b=1 axi_r=0
CALIPTRA_TRACE cycle=4200 retired=1471 pc=00003eee insn=0af48663 ready_mb=0 reset_n=1 fatal=0 axi_ar=0 axi_aw=1 axi_w=1 axi_b=1 axi_r=0
CALIPTRA_TRACE cycle=4300 retired=1513 pc=000041c0 insn=466090ef ready_mb=0 reset_n=1 fatal=0 axi_ar=0 axi_aw=1 axi_w=1 axi_b=1 axi_r=0
CALIPTRA_AXI AR count=1 addr=000000000000000100100011010001000000000000000000 cycle=4359 pc=0000d69c
CALIPTRA_AXI R count=1 cycle=4361 pc=0000d69c
CALIPTRA_TRACE cycle=4400 retired=1563 pc=0000d4b0 insn=0000429c ready_mb=0 reset_n=1 fatal=0 axi_ar=1 axi_aw=1 axi_w=1 axi_b=1 axi_r=1
CALIPTRA_AXI AW count=2 addr=000000000000000100100011010001100000000000000000 cycle=4447 pc=0000d4b6
CALIPTRA_AXI W count=2 cycle=4448 pc=0000d4b6
CALIPTRA_AXI B count=2 cycle=4450 pc=0000d4b6
CALIPTRA_TRACE cycle=4500 retired=1583 pc=0000d4e8 insn=0000d5fd ready_mb=0 reset_n=1 fatal=0 axi_ar=1 axi_aw=2 axi_w=2 axi_b=2 axi_r=1
CALIPTRA_AXI AR count=2 addr=000000000000000100100011010001100000000000000000 cycle=4594 pc=0000cd5a
CALIPTRA_AXI R count=2 cycle=4596 pc=0000cd60
CALIPTRA_TRACE cycle=4600 retired=1618 pc=0000cd62 insn=00c60713 ready_mb=0 reset_n=1 fatal=0 axi_ar=2 axi_aw=2 axi_w=2 axi_b=2 axi_r=2
CALIPTRA_TRACE cycle=4700 retired=1640 pc=0000cc76 insn=00008082 ready_mb=0 reset_n=1 fatal=0 axi_ar=2 axi_aw=2 axi_w=2 axi_b=2 axi_r=2
CALIPTRA_TRACE cycle=4800 retired=1678 pc=00003fe0 insn=0117e7b3 ready_mb=0 reset_n=1 fatal=0 axi_ar=2 axi_aw=2 axi_w=2 axi_b=2 axi_r=2
CALIPTRA_TRACE cycle=4900 retired=1719 pc=000040b0 insn=0000dff5 ready_mb=0 reset_n=1 fatal=0 axi_ar=2 axi_aw=2 axi_w=2 axi_b=2 axi_r=2
CALIPTRA_TRACE cycle=5000 retired=1755 pc=000040e4 insn=00004789 ready_mb=0 reset_n=1 fatal=0 axi_ar=2 axi_aw=2 axi_w=2 axi_b=2 axi_r=2
CALIPTRA_TRACE cycle=5100 retired=1803 pc=00004122 insn=00000485 ready_mb=0 reset_n=1 fatal=0 axi_ar=2 axi_aw=2 axi_w=2 axi_b=2 axi_r=2
CALIPTRA_TRACE cycle=5200 retired=1850 pc=00000798 insn=00f47b63 ready_mb=0 reset_n=1 fatal=0 axi_ar=2 axi_aw=2 axi_w=2 axi_b=2 axi_r=2
* TESTCASE PASSED

Finished : minstret = 1856, mcycle = 5091
See "exec.log" for execution trace with register updates..

/private/tmp/caliptra-bfm-pcprobe-socket-20261006/caliptra_top_tb_services_skip_pq_vectors.sv:2445: $finish called at 52300000 (1ps)
CALIPTRA_TRACE_END cycles=5230 retired=1857 pc=0000305a insn=00008082 axi_ar=2 axi_aw=2 axi_w=2 axi_b=2 axi_r=2
