memory guard: preflight available 13.29 GiB; process-group cap 0.14 GiB; system reserve 5.59 GiB
AXI master rejected burst outside the Caliptra profile
AXI master read data timeout; reset required before reuse
PASS: AXI manager bursts, USER/LOCK, stalls, errors, timeout and reset recovery
tb_axi4_caliptra_master.sv:750: $finish called at 1050000 (1ps)
AXI master rejected burst outside the Caliptra profile
AXI master rejected burst outside the Caliptra profile
PASS: AXI manager WRAP, narrow and unaligned INCR, and invalid burst shapes
tb_axi4_caliptra_master.sv:453: $finish called at 1430000 (1ps)
PASS: AXI manager completes a write when W is accepted before AW
tb_axi4_caliptra_master.sv:470: $finish called at 120000 (1ps)
PASS: AXI manager overlaps independent read and write tasks
tb_axi4_caliptra_master.sv:501: $finish called at 130000 (1ps)
PASS: AXI manager aborts in-flight reads and writes on reset, then recovers
tb_axi4_caliptra_master.sv:631: $finish called at 550000 (1ps)
PASS: AXI manager aborts and recovers when reset follows AR/R/AW/W/B handshakes
tb_axi4_caliptra_master.sv:520: $finish called at 620000 (1ps)
AXI master write response has no outstanding BID
PASS: bad BID poisons manager until reset, then recovers
tb_axi4_caliptra_master.sv:652: $finish called at 170000 (1ps)
AXI master read response ID or RLAST mismatch
PASS: bad RLAST poisons manager until reset, then recovers
tb_axi4_caliptra_master.sv:670: $finish called at 150000 (1ps)
AXI master write request has unknown AWREADY/WREADY
AXI master write request has unknown AWREADY/WREADY
FATAL: tb_axi4_caliptra_master.sv:171: master lost AWUSER or AWLOCK
       Time: 155000  Scope: tb_axi4_caliptra_master
memory guard: command exited 1; minimum available 13.29 GiB; maximum process group 0.01 GiB
