memory guard: preflight available 7.44 GiB; process-group cap 3.73 GiB; system reserve 5.59 GiB
warning: Found both default and explicit timescale based delays. Use
       : -Wtimescale to find the design element(s) with no explicit
       : timescale.
dv/caliptra_bfm/ahb_lite/tests/tb_caliptra_hmac_ahb_uvm_bfm.sv:48: warning: Port 12 (error_code) of module ahb_lite_caliptra_checker expects 4 bit(s), given 1.
dv/caliptra_bfm/ahb_lite/tests/tb_caliptra_hmac_ahb_uvm_bfm.sv:48:        : Padding 3 high bits of the port.
dv/caliptra_bfm/ahb_lite/tests/tb_caliptra_hmac_ahb_uvm_bfm.sv:48: warning: Port 13 (error_count) of module ahb_lite_caliptra_checker expects 32 bit(s), given 1.
dv/caliptra_bfm/ahb_lite/tests/tb_caliptra_hmac_ahb_uvm_bfm.sv:48:        : Padding 31 high bits of the port.
iverilog: note: wrote DPI export C stubs to /var/folders/kt/49lpgwld33s6v4r2xn718tkh0000gn/T/tmp.NTK58vzXrt/caliptra_hmac_ahb_uvm_bfm.dpiexport.c (compile it into your DPI object).
UVM_INFO /private/tmp/iverilog-uvm-install-4b3f342/lib/ivl/uvm/src/base/uvm_root.svh(476) @ 0: reporter [UVM/RELNOTES]
  ***********       IMPORTANT RELEASE NOTES         ************

  This implementation of the UVM Library deviates from the 1800.2-2020
  standard.  See the DEVIATIONS.md file contained in the release
  for more details.

----------------------------------------------------------------
Accellera:1800.2:UVM:2020.3.1

All copyright owners for this kit are listed in NOTICE.txt
All Rights Reserved Worldwide
----------------------------------------------------------------

      (Specify +UVM_NO_RELNOTES to turn off this notice)

UVM_INFO @ 0: reporter [RNTST] Running test hmac_ahb_uvm_test...
UVM_INFO dv/caliptra_bfm/uvm/ahb_lite_caliptra_uvm_pkg.sv(394) @ 5200000: uvm_test_top.env.agent.monitor [AHB_COVERAGE] reads=110/172 writes=62/172 sizes(1/2/4/8B)=0/0/172/0 of 172 addresses; pending_wait=0/516 cycles; errors=0/172 transfers
UVM_INFO /private/tmp/iverilog-uvm-install-4b3f342/lib/ivl/uvm/src/base/uvm_report_server.svh(1009) @ 5200000: reporter [UVM/REPORT/SERVER]
--- UVM Report Summary ---

** Report counts by severity
UVM_INFO :    3
UVM_WARNING :    0
UVM_ERROR :    0
UVM_FATAL :    0
** Report counts by id
[AHB_COVERAGE]     1
[RNTST]     1
[UVM/RELNOTES]     1

/private/tmp/iverilog-uvm-install-4b3f342/lib/ivl/uvm/src/base/uvm_root.svh:633: $finish called at 5200000 (1ps)
PASS: Caliptra HMAC RTL known-answer test through native UVM AHB agent (172 transfers)
dv/caliptra_bfm/ahb_lite/tests/tb_caliptra_hmac_ahb_uvm_bfm.sv:236: $finish called at 5200000 (1ps)
memory guard: command exited 0; minimum available 7.24 GiB; maximum process group 0.37 GiB
