memory guard: preflight 53% free; floor 40%
/var/folders/kt/49lpgwld33s6v4r2xn718tkh0000gn/T/tmp.h5nxkvUhvG/dma_testcase_generator.sv:49: warning: Static variable initialization requires explicit lifetime in this context.
/var/folders/kt/49lpgwld33s6v4r2xn718tkh0000gn/T/tmp.h5nxkvUhvG/dma_testcase_generator.sv:52: warning: Static variable initialization requires explicit lifetime in this context.
/var/folders/kt/49lpgwld33s6v4r2xn718tkh0000gn/T/tmp.h5nxkvUhvG/dma_testcase_generator.sv:105: warning: Static variable initialization requires explicit lifetime in this context.
/Users/danielellerbrock/projects/iverilog_uvm/caliptra-rtl/src/integration/tb/caliptra_top_tb_pkg.sv:40: warning: method function 'randomize' is being called as a task.
warning: Found both default and explicit timescale based delays. Use
       : -Wtimescale to find the design element(s) with no explicit
       : timescale.
Warning: eval_object_select: base is not a signal at dv/caliptra_bfm/uvmf_lite/uvmf_base_pkg.sv:248 (expr_type=7 sube_type=22 sube@dv/caliptra_bfm/uvmf_lite/uvmf_base_pkg.sv:248); emitting null fallback
Warning: eval_object_select: base is not a signal at dv/caliptra_bfm/uvmf_lite/uvmf_base_pkg.sv:248 (expr_type=7 sube_type=22 sube@dv/caliptra_bfm/uvmf_lite/uvmf_base_pkg.sv:248); emitting null fallback
Warning: eval_object_select: base is not a signal at dv/caliptra_bfm/uvmf_lite/uvmf_base_pkg.sv:333 (expr_type=7 sube_type=22 sube@dv/caliptra_bfm/uvmf_lite/uvmf_base_pkg.sv:333); emitting null fallback
Warning: eval_object_select: base is not a signal at dv/caliptra_bfm/uvmf_lite/uvmf_base_pkg.sv:336 (expr_type=7 sube_type=22 sube@dv/caliptra_bfm/uvmf_lite/uvmf_base_pkg.sv:336); emitting null fallback
Warning: eval_object_select: base is not a signal at dv/caliptra_bfm/uvmf_lite/uvmf_base_pkg.sv:342 (expr_type=7 sube_type=22 sube@dv/caliptra_bfm/uvmf_lite/uvmf_base_pkg.sv:342); emitting null fallback
Warning: eval_object_select: base is not a signal at dv/caliptra_bfm/uvmf_lite/uvmf_base_pkg.sv:349 (expr_type=7 sube_type=22 sube@dv/caliptra_bfm/uvmf_lite/uvmf_base_pkg.sv:349); emitting null fallback
Warning: eval_object_select: base is not a signal at dv/caliptra_bfm/uvmf_lite/uvmf_base_pkg.sv:351 (expr_type=7 sube_type=22 sube@dv/caliptra_bfm/uvmf_lite/uvmf_base_pkg.sv:351); emitting null fallback
iverilog: note: wrote DPI export C stubs to /var/folders/kt/49lpgwld33s6v4r2xn718tkh0000gn/T/tmp.h5nxkvUhvG/caliptra_axi_dma_top_uvm_bfm.dpiexport.c (compile it into your DPI object).
UVM_INFO /private/tmp/bfm-work-install/lib/ivl/uvm/src/base/uvm_root.svh(476) @ 0: reporter [UVM/RELNOTES]
  ***********       IMPORTANT RELEASE NOTES         ************

  This implementation of the UVM Library deviates from the 1800.2-2020
  standard.  See the DEVIATIONS.md file contained in the release
  for more details.

----------------------------------------------------------------
Accellera:1800.2:UVM:2020.3.1

All copyright owners for this kit are listed in NOTICE.txt
All Rights Reserved Worldwide
----------------------------------------------------------------

      (Specify +UVM_NO_RELNOTES to turn off this notice)

UVM_INFO @ 0: reporter [RNTST] Running test axi_dma_top_uvm_bfm_test...
INFO: Caliptra DMA randomizer seed=00c0ffee words=65 block_bytes=0 src=000123440308 dst=0001234406d0
PASS: actual Caliptra axi_dma_top reset an accepted write held before B and recovered for a post-reset DMA burst
UVM_INFO /private/tmp/bfm-work-install/lib/ivl/uvm/src/base/uvm_report_server.svh(1009) @ 2680000: reporter [UVM/REPORT/SERVER]
--- UVM Report Summary ---

** Report counts by severity
UVM_INFO :    2
UVM_WARNING :    0
UVM_ERROR :    0
UVM_FATAL :    0
** Report counts by id
[RNTST]     1
[UVM/RELNOTES]     1

/private/tmp/bfm-work-install/lib/ivl/uvm/src/base/uvm_root.svh:633: $finish called at 2680000 (1ps)
memory guard: command exited 0; minimum observed free memory 53%
