memory guard: preflight available 7.31 GiB; process-group cap 3.73 GiB; system reserve 5.59 GiB
%Warning-PINMISSING: tb_axi4_caliptra_parameter_matrix.sv:57:5: Instance has missing pin: 'aw_fire'
   57 |   ) monitor_inst (
      |     ^~~~~~~~~~~~
                     ../axi4_caliptra_monitor.sv:47:14: ... Location of port declaration
   47 |   output reg aw_fire,
      |              ^~~~~~~
                     ... For warning description see https://verilator.org/warn/PINMISSING?v=5.050
                     ... Use "/* verilator lint_off PINMISSING */" and lint_on around source to disable this message.
%Warning-PINMISSING: tb_axi4_caliptra_parameter_matrix.sv:57:5: Instance has missing pin: 'aw_record'
   57 |   ) monitor_inst (
      |     ^~~~~~~~~~~~
                     ../axi4_caliptra_monitor.sv:48:59: ... Location of port declaration
   48 |   output reg [ID_WIDTH+ADDR_WIDTH+8+3+2+1+USER_WIDTH-1:0] aw_record,
      |                                                           ^~~~~~~~~
%Warning-PINMISSING: tb_axi4_caliptra_parameter_matrix.sv:57:5: Instance has missing pin: 'w_fire'
   57 |   ) monitor_inst (
      |     ^~~~~~~~~~~~
                     ../axi4_caliptra_monitor.sv:49:14: ... Location of port declaration
   49 |   output reg w_fire,
      |              ^~~~~~
%Warning-PINMISSING: tb_axi4_caliptra_parameter_matrix.sv:57:5: Instance has missing pin: 'w_record'
   57 |   ) monitor_inst (
      |     ^~~~~~~~~~~~
                     ../axi4_caliptra_monitor.sv:50:53: ... Location of port declaration
   50 |   output reg [DATA_WIDTH+DATA_WIDTH/8+USER_WIDTH:0] w_record,
      |                                                     ^~~~~~~~
%Warning-PINMISSING: tb_axi4_caliptra_parameter_matrix.sv:57:5: Instance has missing pin: 'b_fire'
   57 |   ) monitor_inst (
      |     ^~~~~~~~~~~~
                     ../axi4_caliptra_monitor.sv:51:14: ... Location of port declaration
   51 |   output reg b_fire,
      |              ^~~~~~
%Warning-PINMISSING: tb_axi4_caliptra_parameter_matrix.sv:57:5: Instance has missing pin: 'b_record'
   57 |   ) monitor_inst (
      |     ^~~~~~~~~~~~
                     ../axi4_caliptra_monitor.sv:52:44: ... Location of port declaration
   52 |   output reg [ID_WIDTH+1+1+USER_WIDTH-1:0] b_record,
      |                                            ^~~~~~~~
%Warning-PINMISSING: tb_axi4_caliptra_parameter_matrix.sv:57:5: Instance has missing pin: 'ar_fire'
   57 |   ) monitor_inst (
      |     ^~~~~~~~~~~~
                     ../axi4_caliptra_monitor.sv:53:14: ... Location of port declaration
   53 |   output reg ar_fire,
      |              ^~~~~~~
%Warning-PINMISSING: tb_axi4_caliptra_parameter_matrix.sv:57:5: Instance has missing pin: 'ar_record'
   57 |   ) monitor_inst (
      |     ^~~~~~~~~~~~
                     ../axi4_caliptra_monitor.sv:54:59: ... Location of port declaration
   54 |   output reg [ID_WIDTH+ADDR_WIDTH+8+3+2+1+USER_WIDTH-1:0] ar_record,
      |                                                           ^~~~~~~~~
%Warning-PINMISSING: tb_axi4_caliptra_parameter_matrix.sv:57:5: Instance has missing pin: 'r_fire'
   57 |   ) monitor_inst (
      |     ^~~~~~~~~~~~
                     ../axi4_caliptra_monitor.sv:55:14: ... Location of port declaration
   55 |   output reg r_fire,
      |              ^~~~~~
%Warning-PINMISSING: tb_axi4_caliptra_parameter_matrix.sv:57:5: Instance has missing pin: 'r_record'
   57 |   ) monitor_inst (
      |     ^~~~~~~~~~~~
                     ../axi4_caliptra_monitor.sv:56:57: ... Location of port declaration
   56 |   output reg [ID_WIDTH+DATA_WIDTH+1+1+1+USER_WIDTH-1:0] r_record,
      |                                                         ^~~~~~~~
%Warning-PINMISSING: tb_axi4_caliptra_parameter_matrix.sv:57:5: Instance has missing pin: 'cycle_count'
   57 |   ) monitor_inst (
      |     ^~~~~~~~~~~~
                     ../axi4_caliptra_monitor.sv:57:21: ... Location of port declaration
   57 |   output reg [63:0] cycle_count,
      |                     ^~~~~~~~~~~
%Warning-PINMISSING: tb_axi4_caliptra_parameter_matrix.sv:57:5: Instance has missing pin: 'aw_valid_cycles'
   57 |   ) monitor_inst (
      |     ^~~~~~~~~~~~
                     ../axi4_caliptra_monitor.sv:63:21: ... Location of port declaration
   63 |   output reg [31:0] aw_valid_cycles,
      |                     ^~~~~~~~~~~~~~~
%Warning-PINMISSING: tb_axi4_caliptra_parameter_matrix.sv:57:5: Instance has missing pin: 'aw_stall_cycles'
   57 |   ) monitor_inst (
      |     ^~~~~~~~~~~~
                     ../axi4_caliptra_monitor.sv:64:21: ... Location of port declaration
   64 |   output reg [31:0] aw_stall_cycles,
      |                     ^~~~~~~~~~~~~~~
%Warning-PINMISSING: tb_axi4_caliptra_parameter_matrix.sv:57:5: Instance has missing pin: 'w_valid_cycles'
   57 |   ) monitor_inst (
      |     ^~~~~~~~~~~~
                     ../axi4_caliptra_monitor.sv:65:21: ... Location of port declaration
   65 |   output reg [31:0] w_valid_cycles,
      |                     ^~~~~~~~~~~~~~
%Warning-PINMISSING: tb_axi4_caliptra_parameter_matrix.sv:57:5: Instance has missing pin: 'w_stall_cycles'
   57 |   ) monitor_inst (
      |     ^~~~~~~~~~~~
                     ../axi4_caliptra_monitor.sv:66:21: ... Location of port declaration
   66 |   output reg [31:0] w_stall_cycles,
      |                     ^~~~~~~~~~~~~~
%Warning-PINMISSING: tb_axi4_caliptra_parameter_matrix.sv:57:5: Instance has missing pin: 'b_valid_cycles'
   57 |   ) monitor_inst (
      |     ^~~~~~~~~~~~
                     ../axi4_caliptra_monitor.sv:67:21: ... Location of port declaration
   67 |   output reg [31:0] b_valid_cycles,
      |                     ^~~~~~~~~~~~~~
%Warning-PINMISSING: tb_axi4_caliptra_parameter_matrix.sv:57:5: Instance has missing pin: 'b_stall_cycles'
   57 |   ) monitor_inst (
      |     ^~~~~~~~~~~~
                     ../axi4_caliptra_monitor.sv:68:21: ... Location of port declaration
   68 |   output reg [31:0] b_stall_cycles,
      |                     ^~~~~~~~~~~~~~
%Warning-PINMISSING: tb_axi4_caliptra_parameter_matrix.sv:57:5: Instance has missing pin: 'ar_valid_cycles'
   57 |   ) monitor_inst (
      |     ^~~~~~~~~~~~
                     ../axi4_caliptra_monitor.sv:69:21: ... Location of port declaration
   69 |   output reg [31:0] ar_valid_cycles,
      |                     ^~~~~~~~~~~~~~~
%Warning-PINMISSING: tb_axi4_caliptra_parameter_matrix.sv:57:5: Instance has missing pin: 'ar_stall_cycles'
   57 |   ) monitor_inst (
      |     ^~~~~~~~~~~~
                     ../axi4_caliptra_monitor.sv:70:21: ... Location of port declaration
   70 |   output reg [31:0] ar_stall_cycles,
      |                     ^~~~~~~~~~~~~~~
%Warning-PINMISSING: tb_axi4_caliptra_parameter_matrix.sv:57:5: Instance has missing pin: 'r_valid_cycles'
   57 |   ) monitor_inst (
      |     ^~~~~~~~~~~~
                     ../axi4_caliptra_monitor.sv:71:21: ... Location of port declaration
   71 |   output reg [31:0] r_valid_cycles,
      |                     ^~~~~~~~~~~~~~
%Warning-PINMISSING: tb_axi4_caliptra_parameter_matrix.sv:57:5: Instance has missing pin: 'r_stall_cycles'
   57 |   ) monitor_inst (
      |     ^~~~~~~~~~~~
                     ../axi4_caliptra_monitor.sv:72:21: ... Location of port declaration
   72 |   output reg [31:0] r_stall_cycles,
      |                     ^~~~~~~~~~~~~~
%Warning-PINMISSING: tb_axi4_caliptra_parameter_matrix.sv:57:5: Instance has missing pin: 'aw_burst_fixed_count'
   57 |   ) monitor_inst (
      |     ^~~~~~~~~~~~
                     ../axi4_caliptra_monitor.sv:73:21: ... Location of port declaration
   73 |   output reg [31:0] aw_burst_fixed_count,
      |                     ^~~~~~~~~~~~~~~~~~~~
%Warning-PINMISSING: tb_axi4_caliptra_parameter_matrix.sv:57:5: Instance has missing pin: 'aw_burst_reserved_count'
   57 |   ) monitor_inst (
      |     ^~~~~~~~~~~~
                     ../axi4_caliptra_monitor.sv:76:21: ... Location of port declaration
   76 |   output reg [31:0] aw_burst_reserved_count,
      |                     ^~~~~~~~~~~~~~~~~~~~~~~
%Warning-PINMISSING: tb_axi4_caliptra_parameter_matrix.sv:57:5: Instance has missing pin: 'aw_burst_unknown_count'
   57 |   ) monitor_inst (
      |     ^~~~~~~~~~~~
                     ../axi4_caliptra_monitor.sv:77:21: ... Location of port declaration
   77 |   output reg [31:0] aw_burst_unknown_count,
      |                     ^~~~~~~~~~~~~~~~~~~~~~
%Warning-PINMISSING: tb_axi4_caliptra_parameter_matrix.sv:57:5: Instance has missing pin: 'aw_lock_clear_count'
   57 |   ) monitor_inst (
      |     ^~~~~~~~~~~~
                     ../axi4_caliptra_monitor.sv:78:21: ... Location of port declaration
   78 |   output reg [31:0] aw_lock_clear_count,
      |                     ^~~~~~~~~~~~~~~~~~~
%Warning-PINMISSING: tb_axi4_caliptra_parameter_matrix.sv:57:5: Instance has missing pin: 'aw_lock_set_count'
   57 |   ) monitor_inst (
      |     ^~~~~~~~~~~~
                     ../axi4_caliptra_monitor.sv:79:21: ... Location of port declaration
   79 |   output reg [31:0] aw_lock_set_count,
      |                     ^~~~~~~~~~~~~~~~~
%Warning-PINMISSING: tb_axi4_caliptra_parameter_matrix.sv:57:5: Instance has missing pin: 'aw_lock_unknown_count'
   57 |   ) monitor_inst (
      |     ^~~~~~~~~~~~
                     ../axi4_caliptra_monitor.sv:80:21: ... Location of port declaration
   80 |   output reg [31:0] aw_lock_unknown_count,
      |                     ^~~~~~~~~~~~~~~~~~~~~
%Warning-PINMISSING: tb_axi4_caliptra_parameter_matrix.sv:57:5: Instance has missing pin: 'ar_burst_fixed_count'
   57 |   ) monitor_inst (
      |     ^~~~~~~~~~~~
                     ../axi4_caliptra_monitor.sv:81:21: ... Location of port declaration
   81 |   output reg [31:0] ar_burst_fixed_count,
      |                     ^~~~~~~~~~~~~~~~~~~~
%Warning-PINMISSING: tb_axi4_caliptra_parameter_matrix.sv:57:5: Instance has missing pin: 'ar_burst_reserved_count'
   57 |   ) monitor_inst (
      |     ^~~~~~~~~~~~
                     ../axi4_caliptra_monitor.sv:84:21: ... Location of port declaration
   84 |   output reg [31:0] ar_burst_reserved_count,
      |                     ^~~~~~~~~~~~~~~~~~~~~~~
%Warning-PINMISSING: tb_axi4_caliptra_parameter_matrix.sv:57:5: Instance has missing pin: 'ar_burst_unknown_count'
   57 |   ) monitor_inst (
      |     ^~~~~~~~~~~~
                     ../axi4_caliptra_monitor.sv:85:21: ... Location of port declaration
   85 |   output reg [31:0] ar_burst_unknown_count,
      |                     ^~~~~~~~~~~~~~~~~~~~~~
%Warning-PINMISSING: tb_axi4_caliptra_parameter_matrix.sv:57:5: Instance has missing pin: 'ar_lock_clear_count'
   57 |   ) monitor_inst (
      |     ^~~~~~~~~~~~
                     ../axi4_caliptra_monitor.sv:86:21: ... Location of port declaration
   86 |   output reg [31:0] ar_lock_clear_count,
      |                     ^~~~~~~~~~~~~~~~~~~
%Warning-PINMISSING: tb_axi4_caliptra_parameter_matrix.sv:57:5: Instance has missing pin: 'ar_lock_set_count'
   57 |   ) monitor_inst (
      |     ^~~~~~~~~~~~
                     ../axi4_caliptra_monitor.sv:87:21: ... Location of port declaration
   87 |   output reg [31:0] ar_lock_set_count,
      |                     ^~~~~~~~~~~~~~~~~
%Warning-PINMISSING: tb_axi4_caliptra_parameter_matrix.sv:57:5: Instance has missing pin: 'ar_lock_unknown_count'
   57 |   ) monitor_inst (
      |     ^~~~~~~~~~~~
                     ../axi4_caliptra_monitor.sv:88:21: ... Location of port declaration
   88 |   output reg [31:0] ar_lock_unknown_count,
      |                     ^~~~~~~~~~~~~~~~~~~~~
%Warning-PINMISSING: tb_axi4_caliptra_parameter_matrix.sv:57:5: Instance has missing pin: 'b_resp_okay_count'
   57 |   ) monitor_inst (
      |     ^~~~~~~~~~~~
                     ../axi4_caliptra_monitor.sv:89:21: ... Location of port declaration
   89 |   output reg [31:0] b_resp_okay_count,
      |                     ^~~~~~~~~~~~~~~~~
%Warning-PINMISSING: tb_axi4_caliptra_parameter_matrix.sv:57:5: Instance has missing pin: 'b_resp_exokay_count'
   57 |   ) monitor_inst (
      |     ^~~~~~~~~~~~
                     ../axi4_caliptra_monitor.sv:90:21: ... Location of port declaration
   90 |   output reg [31:0] b_resp_exokay_count,
      |                     ^~~~~~~~~~~~~~~~~~~
%Warning-PINMISSING: tb_axi4_caliptra_parameter_matrix.sv:57:5: Instance has missing pin: 'b_resp_slverr_count'
   57 |   ) monitor_inst (
      |     ^~~~~~~~~~~~
                     ../axi4_caliptra_monitor.sv:91:21: ... Location of port declaration
   91 |   output reg [31:0] b_resp_slverr_count,
      |                     ^~~~~~~~~~~~~~~~~~~
%Warning-PINMISSING: tb_axi4_caliptra_parameter_matrix.sv:57:5: Instance has missing pin: 'b_resp_decerr_count'
   57 |   ) monitor_inst (
      |     ^~~~~~~~~~~~
                     ../axi4_caliptra_monitor.sv:92:21: ... Location of port declaration
   92 |   output reg [31:0] b_resp_decerr_count,
      |                     ^~~~~~~~~~~~~~~~~~~
%Warning-PINMISSING: tb_axi4_caliptra_parameter_matrix.sv:57:5: Instance has missing pin: 'b_resp_unknown_count'
   57 |   ) monitor_inst (
      |     ^~~~~~~~~~~~
                     ../axi4_caliptra_monitor.sv:93:21: ... Location of port declaration
   93 |   output reg [31:0] b_resp_unknown_count,
      |                     ^~~~~~~~~~~~~~~~~~~~
%Warning-PINMISSING: tb_axi4_caliptra_parameter_matrix.sv:57:5: Instance has missing pin: 'r_resp_okay_count'
   57 |   ) monitor_inst (
      |     ^~~~~~~~~~~~
                     ../axi4_caliptra_monitor.sv:94:21: ... Location of port declaration
   94 |   output reg [31:0] r_resp_okay_count,
      |                     ^~~~~~~~~~~~~~~~~
%Warning-PINMISSING: tb_axi4_caliptra_parameter_matrix.sv:57:5: Instance has missing pin: 'r_resp_exokay_count'
   57 |   ) monitor_inst (
      |     ^~~~~~~~~~~~
                     ../axi4_caliptra_monitor.sv:95:21: ... Location of port declaration
   95 |   output reg [31:0] r_resp_exokay_count,
      |                     ^~~~~~~~~~~~~~~~~~~
%Warning-PINMISSING: tb_axi4_caliptra_parameter_matrix.sv:57:5: Instance has missing pin: 'r_resp_slverr_count'
   57 |   ) monitor_inst (
      |     ^~~~~~~~~~~~
                     ../axi4_caliptra_monitor.sv:96:21: ... Location of port declaration
   96 |   output reg [31:0] r_resp_slverr_count,
      |                     ^~~~~~~~~~~~~~~~~~~
%Warning-PINMISSING: tb_axi4_caliptra_parameter_matrix.sv:57:5: Instance has missing pin: 'r_resp_decerr_count'
   57 |   ) monitor_inst (
      |     ^~~~~~~~~~~~
                     ../axi4_caliptra_monitor.sv:97:21: ... Location of port declaration
   97 |   output reg [31:0] r_resp_decerr_count,
      |                     ^~~~~~~~~~~~~~~~~~~
%Warning-PINMISSING: tb_axi4_caliptra_parameter_matrix.sv:57:5: Instance has missing pin: 'r_resp_unknown_count'
   57 |   ) monitor_inst (
      |     ^~~~~~~~~~~~
                     ../axi4_caliptra_monitor.sv:98:21: ... Location of port declaration
   98 |   output reg [31:0] r_resp_unknown_count,
      |                     ^~~~~~~~~~~~~~~~~~~~
%Warning-PINMISSING: tb_axi4_caliptra_parameter_matrix.sv:57:5: Instance has missing pin: 'w_strb_full_count'
   57 |   ) monitor_inst (
      |     ^~~~~~~~~~~~
                     ../axi4_caliptra_monitor.sv:99:21: ... Location of port declaration
   99 |   output reg [31:0] w_strb_full_count,
      |                     ^~~~~~~~~~~~~~~~~
%Warning-PINMISSING: tb_axi4_caliptra_parameter_matrix.sv:57:5: Instance has missing pin: 'w_strb_zero_count'
   57 |   ) monitor_inst (
      |     ^~~~~~~~~~~~
                     ../axi4_caliptra_monitor.sv:101:21: ... Location of port declaration
  101 |   output reg [31:0] w_strb_zero_count,
      |                     ^~~~~~~~~~~~~~~~~
%Warning-PINMISSING: tb_axi4_caliptra_parameter_matrix.sv:57:5: Instance has missing pin: 'w_strb_unknown_count'
   57 |   ) monitor_inst (
      |     ^~~~~~~~~~~~
                     ../axi4_caliptra_monitor.sv:102:21: ... Location of port declaration
  102 |   output reg [31:0] w_strb_unknown_count,
      |                     ^~~~~~~~~~~~~~~~~~~~
%Warning-PINMISSING: tb_axi4_caliptra_parameter_matrix.sv:112:5: Instance has missing pin: 'cycle_count'
  112 |   ) transaction_monitor_inst (
      |     ^~~~~~~~~~~~~~~~~~~~~~~~
                     ../axi4_caliptra_transaction_monitor.sv:50:21: ... Location of port declaration
   50 |   output reg [63:0] cycle_count,
      |                     ^~~~~~~~~~~
%Warning-PINMISSING: tb_axi4_caliptra_parameter_matrix.sv:112:5: Instance has missing pin: 'write_request_complete'
  112 |   ) transaction_monitor_inst (
      |     ^~~~~~~~~~~~~~~~~~~~~~~~
                     ../axi4_caliptra_transaction_monitor.sv:52:14: ... Location of port declaration
   52 |   output reg write_request_complete,
      |              ^~~~~~~~~~~~~~~~~~~~~~
%Warning-PINMISSING: tb_axi4_caliptra_parameter_matrix.sv:112:5: Instance has missing pin: 'write_request_error'
  112 |   ) transaction_monitor_inst (
      |     ^~~~~~~~~~~~~~~~~~~~~~~~
                     ../axi4_caliptra_transaction_monitor.sv:53:14: ... Location of port declaration
   53 |   output reg write_request_error,
      |              ^~~~~~~~~~~~~~~~~~~
%Warning-PINMISSING: tb_axi4_caliptra_parameter_matrix.sv:112:5: Instance has missing pin: 'write_request_status'
  112 |   ) transaction_monitor_inst (
      |     ^~~~~~~~~~~~~~~~~~~~~~~~
                     ../axi4_caliptra_transaction_monitor.sv:54:20: ... Location of port declaration
   54 |   output reg [3:0] write_request_status,
      |                    ^~~~~~~~~~~~~~~~~~~~
%Warning-PINMISSING: tb_axi4_caliptra_parameter_matrix.sv:112:5: Instance has missing pin: 'write_request_id'
  112 |   ) transaction_monitor_inst (
      |     ^~~~~~~~~~~~~~~~~~~~~~~~
                     ../axi4_caliptra_transaction_monitor.sv:55:29: ... Location of port declaration
   55 |   output reg [ID_WIDTH-1:0] write_request_id,
      |                             ^~~~~~~~~~~~~~~~
%Warning-PINMISSING: tb_axi4_caliptra_parameter_matrix.sv:112:5: Instance has missing pin: 'write_request_addr'
  112 |   ) transaction_monitor_inst (
      |     ^~~~~~~~~~~~~~~~~~~~~~~~
                     ../axi4_caliptra_transaction_monitor.sv:56:31: ... Location of port declaration
   56 |   output reg [ADDR_WIDTH-1:0] write_request_addr,
      |                               ^~~~~~~~~~~~~~~~~~
%Warning-PINMISSING: tb_axi4_caliptra_parameter_matrix.sv:112:5: Instance has missing pin: 'write_request_len'
  112 |   ) transaction_monitor_inst (
      |     ^~~~~~~~~~~~~~~~~~~~~~~~
                     ../axi4_caliptra_transaction_monitor.sv:57:20: ... Location of port declaration
   57 |   output reg [7:0] write_request_len,
      |                    ^~~~~~~~~~~~~~~~~
%Warning-PINMISSING: tb_axi4_caliptra_parameter_matrix.sv:112:5: Instance has missing pin: 'write_request_size'
  112 |   ) transaction_monitor_inst (
      |     ^~~~~~~~~~~~~~~~~~~~~~~~
                     ../axi4_caliptra_transaction_monitor.sv:58:20: ... Location of port declaration
   58 |   output reg [2:0] write_request_size,
      |                    ^~~~~~~~~~~~~~~~~~
%Warning-PINMISSING: tb_axi4_caliptra_parameter_matrix.sv:112:5: Instance has missing pin: 'write_request_burst'
  112 |   ) transaction_monitor_inst (
      |     ^~~~~~~~~~~~~~~~~~~~~~~~
                     ../axi4_caliptra_transaction_monitor.sv:59:20: ... Location of port declaration
   59 |   output reg [1:0] write_request_burst,
      |                    ^~~~~~~~~~~~~~~~~~~
%Warning-PINMISSING: tb_axi4_caliptra_parameter_matrix.sv:112:5: Instance has missing pin: 'write_request_lock'
  112 |   ) transaction_monitor_inst (
      |     ^~~~~~~~~~~~~~~~~~~~~~~~
                     ../axi4_caliptra_transaction_monitor.sv:60:14: ... Location of port declaration
   60 |   output reg write_request_lock,
      |              ^~~~~~~~~~~~~~~~~~
%Warning-PINMISSING: tb_axi4_caliptra_parameter_matrix.sv:112:5: Instance has missing pin: 'write_request_awuser'
  112 |   ) transaction_monitor_inst (
      |     ^~~~~~~~~~~~~~~~~~~~~~~~
                     ../axi4_caliptra_transaction_monitor.sv:61:31: ... Location of port declaration
   61 |   output reg [USER_WIDTH-1:0] write_request_awuser,
      |                               ^~~~~~~~~~~~~~~~~~~~
%Warning-PINMISSING: tb_axi4_caliptra_parameter_matrix.sv:112:5: Instance has missing pin: 'write_request_beat_count'
  112 |   ) transaction_monitor_inst (
      |     ^~~~~~~~~~~~~~~~~~~~~~~~
                     ../axi4_caliptra_transaction_monitor.sv:62:20: ... Location of port declaration
   62 |   output reg [8:0] write_request_beat_count,
      |                    ^~~~~~~~~~~~~~~~~~~~~~~~
%Warning-PINMISSING: tb_axi4_caliptra_parameter_matrix.sv:112:5: Instance has missing pin: 'write_request_data'
  112 |   ) transaction_monitor_inst (
      |     ^~~~~~~~~~~~~~~~~~~~~~~~
                     ../axi4_caliptra_transaction_monitor.sv:63:41: ... Location of port declaration
   63 |   output reg [MAX_BEATS*DATA_WIDTH-1:0] write_request_data,
      |                                         ^~~~~~~~~~~~~~~~~~
%Warning-PINMISSING: tb_axi4_caliptra_parameter_matrix.sv:112:5: Instance has missing pin: 'write_request_strb'
  112 |   ) transaction_monitor_inst (
      |     ^~~~~~~~~~~~~~~~~~~~~~~~
                     ../axi4_caliptra_transaction_monitor.sv:64:45: ... Location of port declaration
   64 |   output reg [MAX_BEATS*(DATA_WIDTH/8)-1:0] write_request_strb,
      |                                             ^~~~~~~~~~~~~~~~~~
%Warning-PINMISSING: tb_axi4_caliptra_parameter_matrix.sv:112:5: Instance has missing pin: 'write_request_wuser'
  112 |   ) transaction_monitor_inst (
      |     ^~~~~~~~~~~~~~~~~~~~~~~~
                     ../axi4_caliptra_transaction_monitor.sv:65:41: ... Location of port declaration
   65 |   output reg [MAX_BEATS*USER_WIDTH-1:0] write_request_wuser,
      |                                         ^~~~~~~~~~~~~~~~~~~
%Warning-PINMISSING: tb_axi4_caliptra_parameter_matrix.sv:112:5: Instance has missing pin: 'write_request_last_mask'
  112 |   ) transaction_monitor_inst (
      |     ^~~~~~~~~~~~~~~~~~~~~~~~
                     ../axi4_caliptra_transaction_monitor.sv:66:30: ... Location of port declaration
   66 |   output reg [MAX_BEATS-1:0] write_request_last_mask,
      |                              ^~~~~~~~~~~~~~~~~~~~~~~
%Warning-PINMISSING: tb_axi4_caliptra_parameter_matrix.sv:112:5: Instance has missing pin: 'write_error_code'
  112 |   ) transaction_monitor_inst (
      |     ^~~~~~~~~~~~~~~~~~~~~~~~
                     ../axi4_caliptra_transaction_monitor.sv:68:20: ... Location of port declaration
   68 |   output reg [3:0] write_error_code,
      |                    ^~~~~~~~~~~~~~~~
%Warning-PINMISSING: tb_axi4_caliptra_parameter_matrix.sv:112:5: Instance has missing pin: 'write_cycle'
  112 |   ) transaction_monitor_inst (
      |     ^~~~~~~~~~~~~~~~~~~~~~~~
                     ../axi4_caliptra_transaction_monitor.sv:70:21: ... Location of port declaration
   70 |   output reg [63:0] write_cycle,
      |                     ^~~~~~~~~~~
%Warning-PINMISSING: tb_axi4_caliptra_parameter_matrix.sv:112:5: Instance has missing pin: 'read_error_code'
  112 |   ) transaction_monitor_inst (
      |     ^~~~~~~~~~~~~~~~~~~~~~~~
                     ../axi4_caliptra_transaction_monitor.sv:88:20: ... Location of port declaration
   88 |   output reg [3:0] read_error_code,
      |                    ^~~~~~~~~~~~~~~
%Warning-PINMISSING: tb_axi4_caliptra_parameter_matrix.sv:112:5: Instance has missing pin: 'read_cycle'
  112 |   ) transaction_monitor_inst (
      |     ^~~~~~~~~~~~~~~~~~~~~~~~
                     ../axi4_caliptra_transaction_monitor.sv:90:21: ... Location of port declaration
   90 |   output reg [63:0] read_cycle,
      |                     ^~~~~~~~~~
%Warning-TIMESCALEMOD: ../axi4_caliptra_checker.sv:4:8: Timescale missing on this module as other modules have it (IEEE 1800-2023 3.14.2.3)
    4 | module axi4_caliptra_checker #(
      |        ^~~~~~~~~~~~~~~~~~~~~
                       tb_axi4_caliptra_parameter_matrix.sv:3:8: ... Location of module with timescale
    3 | module tb_axi4_caliptra_parameter_matrix #(
      |        ^~~~~~~~~~~~~~~~~~~~~~~~~~~~~~~~~
                       ... For warning description see https://verilator.org/warn/TIMESCALEMOD?v=5.050
                       ... Use "/* verilator lint_off TIMESCALEMOD */" and lint_on around source to disable this message.
%Warning-TIMESCALEMOD: ../axi4_caliptra_master.sv:3:8: Timescale missing on this module as other modules have it (IEEE 1800-2023 3.14.2.3)
    3 | module axi4_caliptra_master #(
      |        ^~~~~~~~~~~~~~~~~~~~
                       tb_axi4_caliptra_parameter_matrix.sv:3:8: ... Location of module with timescale
    3 | module tb_axi4_caliptra_parameter_matrix #(
      |        ^~~~~~~~~~~~~~~~~~~~~~~~~~~~~~~~~
%Warning-TIMESCALEMOD: ../axi4_caliptra_memory_subordinate.sv:3:8: Timescale missing on this module as other modules have it (IEEE 1800-2023 3.14.2.3)
    3 | module axi4_caliptra_memory_subordinate #(
      |        ^~~~~~~~~~~~~~~~~~~~~~~~~~~~~~~~
                       tb_axi4_caliptra_parameter_matrix.sv:3:8: ... Location of module with timescale
    3 | module tb_axi4_caliptra_parameter_matrix #(
      |        ^~~~~~~~~~~~~~~~~~~~~~~~~~~~~~~~~
%Warning-TIMESCALEMOD: ../axi4_caliptra_monitor.sv:3:8: Timescale missing on this module as other modules have it (IEEE 1800-2023 3.14.2.3)
    3 | module axi4_caliptra_monitor #(
      |        ^~~~~~~~~~~~~~~~~~~~~
                       tb_axi4_caliptra_parameter_matrix.sv:3:8: ... Location of module with timescale
    3 | module tb_axi4_caliptra_parameter_matrix #(
      |        ^~~~~~~~~~~~~~~~~~~~~~~~~~~~~~~~~
%Warning-TIMESCALEMOD: ../axi4_caliptra_transaction_monitor.sv:4:8: Timescale missing on this module as other modules have it (IEEE 1800-2023 3.14.2.3)
    4 | module axi4_caliptra_transaction_monitor #(
      |        ^~~~~~~~~~~~~~~~~~~~~~~~~~~~~~~~~
                       tb_axi4_caliptra_parameter_matrix.sv:3:8: ... Location of module with timescale
    3 | module tb_axi4_caliptra_parameter_matrix #(
      |        ^~~~~~~~~~~~~~~~~~~~~~~~~~~~~~~~~
%Warning-WIDTHEXPAND: tb_axi4_caliptra_parameter_matrix.sv:11:56: Operator ADD expects 48 bits on the RHS, but RHS's VARREF 'DATA_BYTES' generates 32 bits.
                                                                : ... note: In instance 'tb_axi4_caliptra_parameter_matrix'
   11 |   localparam [ADDR_WIDTH-1:0] UNALIGNED_ADDR = 48'h100 + DATA_BYTES - 1;
      |                                                        ^
                      ... For warning description see https://verilator.org/warn/WIDTHEXPAND?v=5.050
                      ... Use "/* verilator lint_off WIDTHEXPAND */" and lint_on around source to disable this message.
%Warning-WIDTHEXPAND: ../axi4_caliptra_transaction_monitor.sv:234:64: Operator ADD expects 32 bits on the LHS, but LHS's ARRAYSEL generates 8 bits.
                                                                    : ... note: In instance 'tb_axi4_caliptra_parameter_matrix.transaction_monitor_inst'
  234 |       else if (write_work_count[slot] != (write_work_len[slot] + 1) &&
      |                                                                ^
%Warning-WIDTHEXPAND: ../axi4_caliptra_transaction_monitor.sv:232:33: Operator ADD expects 32 bits on the LHS, but LHS's ARRAYSEL generates 8 bits.
                                                                    : ... note: In instance 'tb_axi4_caliptra_parameter_matrix.transaction_monitor_inst'
  232 |       if ((write_work_len[slot] + 1) > MAX_BEATS && final_status == STATUS_OK)
      |                                 ^
%Warning-WIDTHTRUNC: ../axi4_caliptra_transaction_monitor.sv:259:32: Operator ASSIGNDLY expects 9 bits on the Assign RHS, but Assign RHS's ARRAYSEL generates 32 bits.
                                                                   : ... note: In instance 'tb_axi4_caliptra_parameter_matrix.transaction_monitor_inst'
  259 |       write_request_beat_count <= write_work_count[slot];
      |                                ^~
                     ... For warning description see https://verilator.org/warn/WIDTHTRUNC?v=5.050
                     ... Use "/* verilator lint_off WIDTHTRUNC */" and lint_on around source to disable this message.
%Warning-WIDTHEXPAND: ../axi4_caliptra_transaction_monitor.sv:271:49: Operator EQ expects 32 bits on the RHS, but RHS's ARRAYSEL generates 8 bits.
                                                                    : ... note: In instance 'tb_axi4_caliptra_parameter_matrix.transaction_monitor_inst'
  271 |           if (WLAST !== (write_work_count[slot] == write_work_len[slot]))
      |                                                 ^~
%Warning-WIDTHEXPAND: ../axi4_caliptra_transaction_monitor.sv:273:63: Operator ADD expects 32 bits on the LHS, but LHS's ARRAYSEL generates 8 bits.
                                                                    : ... note: In instance 'tb_axi4_caliptra_parameter_matrix.transaction_monitor_inst'
  273 |           if (write_work_count[slot] >= (write_work_len[slot] + 1))
      |                                                               ^
%Warning-WIDTHTRUNC: ../axi4_caliptra_transaction_monitor.sv:340:24: Operator ASSIGNDLY expects 9 bits on the Assign RHS, but Assign RHS's ARRAYSEL generates 32 bits.
                                                                   : ... note: In instance 'tb_axi4_caliptra_parameter_matrix.transaction_monitor_inst'
  340 |       write_beat_count <= write_work_count[slot];
      |                        ^~
%Warning-WIDTHEXPAND: ../axi4_caliptra_transaction_monitor.sv:365:57: Operator ADD expects 32 bits on the LHS, but LHS's ARRAYSEL generates 8 bits.
                                                                    : ... note: In instance 'tb_axi4_caliptra_parameter_matrix.transaction_monitor_inst'
  365 |       if (read_work_count[slot] != (read_work_len[slot] + 1) && final_status == STATUS_OK)
      |                                                         ^
%Warning-WIDTHTRUNC: ../axi4_caliptra_transaction_monitor.sv:392:23: Operator ASSIGNDLY expects 9 bits on the Assign RHS, but Assign RHS's ARRAYSEL generates 32 bits.
                                                                   : ... note: In instance 'tb_axi4_caliptra_parameter_matrix.transaction_monitor_inst'
  392 |       read_beat_count <= read_work_count[slot];
      |                       ^~
%Warning-WIDTHEXPAND: ../axi4_caliptra_transaction_monitor.sv:634:66: Operator EQ expects 32 bits on the RHS, but RHS's VARREF 'AWLEN' generates 8 bits.
                                                                    : ... note: In instance 'tb_axi4_caliptra_parameter_matrix.transaction_monitor_inst'
  634 |                   if (write_last_work[write_free_slot][i] !== (i == AWLEN))
      |                                                                  ^~
%Warning-WIDTHEXPAND: ../axi4_caliptra_transaction_monitor.sv:639:63: Operator ADD expects 32 bits on the LHS, but LHS's VARREF 'AWLEN' generates 8 bits.
                                                                    : ... note: In instance 'tb_axi4_caliptra_parameter_matrix.transaction_monitor_inst'
  639 |                   write_work_count[write_free_slot] != (AWLEN + 1))
      |                                                               ^
%Warning-WIDTHEXPAND: ../axi4_caliptra_transaction_monitor.sv:649:24: Operator ADD expects 32 bits on the LHS, but LHS's VARREF 'AWLEN' generates 8 bits.
                                                                    : ... note: In instance 'tb_axi4_caliptra_parameter_matrix.transaction_monitor_inst'
  649 |             if ((AWLEN + 1) > MAX_BEATS)
      |                        ^
%Warning-WIDTHEXPAND: ../axi4_caliptra_transaction_monitor.sv:711:51: Operator EQ expects 32 bits on the RHS, but RHS's ARRAYSEL generates 8 bits.
                                                                    : ... note: In instance 'tb_axi4_caliptra_parameter_matrix.transaction_monitor_inst'
  711 |                 (read_work_count[read_match_slot] == read_work_len[read_match_slot]))
      |                                                   ^~
%Warning-WIDTHEXPAND: ../axi4_caliptra_transaction_monitor.sv:747:22: Operator ADD expects 32 bits on the LHS, but LHS's VARREF 'ARLEN' generates 8 bits.
                                                                    : ... note: In instance 'tb_axi4_caliptra_parameter_matrix.transaction_monitor_inst'
  747 |           if ((ARLEN + 1) > MAX_BEATS)
      |                      ^
%Warning-WIDTHEXPAND: ../axi4_caliptra_checker.sv:105:16: Operator GT expects 32 bits on the LHS, but LHS's VARREF 'size' generates 3 bits.
                                                        : ... note: In instance 'tb_axi4_caliptra_parameter_matrix.checker_inst'
  105 |       if (size > $clog2(DATA_BYTES))
      |                ^
%Warning-WIDTHEXPAND: ../axi4_caliptra_checker.sv:116:32: Operator DIV expects 64 bits on the LHS, but LHS's VARREF 'addr' generates 48 bits.
                                                        : ... note: In instance 'tb_axi4_caliptra_parameter_matrix.checker_inst'
  116 |           aligned_addr = (addr / bytes_per_beat) * bytes_per_beat;
      |                                ^
%Warning-WIDTHEXPAND: ../axi4_caliptra_checker.sv:121:21: Operator MODDIV expects 64 bits on the LHS, but LHS's VARREF 'addr' generates 48 bits.
                                                        : ... note: In instance 'tb_axi4_caliptra_parameter_matrix.checker_inst'
  121 |           if ((addr % bytes_per_beat) != 0)
      |                     ^
%Warning-WIDTHEXPAND: ../axi4_caliptra_checker.sv:126:29: Operator DIV expects 64 bits on the LHS, but LHS's VARREF 'addr' generates 48 bits.
                                                        : ... note: In instance 'tb_axi4_caliptra_parameter_matrix.checker_inst'
  126 |           wrap_base = (addr / span) * span;
      |                             ^
%Warning-WIDTHEXPAND: ../axi4_caliptra_checker.sv:157:17: Operator MODDIV expects 64 bits on the LHS, but LHS's VARREF 'addr' generates 48 bits.
                                                        : ... note: In instance 'tb_axi4_caliptra_parameter_matrix.checker_inst'
  157 |       if ((addr % transfer_bytes) != 0)
      |                 ^
%Warning-WIDTHEXPAND: ../axi4_caliptra_checker.sv:178:23: Operator ASSIGN expects 64 bits on the Assign RHS, but Assign RHS's VARREF 'addr' generates 48 bits.
                                                        : ... note: In instance 'tb_axi4_caliptra_parameter_matrix.checker_inst'
  178 |           range_start = addr;
      |                       ^
%Warning-WIDTHEXPAND: ../axi4_caliptra_checker.sv:182:29: Operator DIV expects 64 bits on the LHS, but LHS's VARREF 'addr' generates 48 bits.
                                                        : ... note: In instance 'tb_axi4_caliptra_parameter_matrix.checker_inst'
  182 |           wrap_base = (addr / span) * span;
      |                             ^
%Warning-WIDTHEXPAND: ../axi4_caliptra_checker.sv:187:23: Operator ASSIGN expects 64 bits on the Assign RHS, but Assign RHS's VARREF 'addr' generates 48 bits.
                                                        : ... note: In instance 'tb_axi4_caliptra_parameter_matrix.checker_inst'
  187 |           range_start = addr;
      |                       ^
%Warning-WIDTHEXPAND: ../axi4_caliptra_checker.sv:245:25: Operator DIV expects 64 bits on the LHS, but LHS's VARREF 'addr' generates 48 bits.
                                                        : ... note: In instance 'tb_axi4_caliptra_parameter_matrix.checker_inst'
  245 |       wrap_base = (addr / span) * span;
      |                         ^
%Warning-WIDTHEXPAND: ../axi4_caliptra_checker.sv:246:20: Operator ASSIGN expects 64 bits on the Assign RHS, but Assign RHS's VARREF 'addr' generates 48 bits.
                                                        : ... note: In instance 'tb_axi4_caliptra_parameter_matrix.checker_inst'
  246 |       beat_address = addr;
      |                    ^
%Warning-WIDTHEXPAND: ../axi4_caliptra_checker.sv:252:51: Operator DIV expects 64 bits on the RHS, but RHS's VARREF 'DATA_BYTES' generates 32 bits.
                                                        : ... note: In instance 'tb_axi4_caliptra_parameter_matrix.checker_inst'
  252 |           invalidate_exclusive_byte((beat_address / DATA_BYTES) * DATA_BYTES + lane);
      |                                                   ^
%Warning-WIDTHEXPAND: ../axi4_caliptra_checker.sv:252:78: Operator ADD expects 64 bits on the RHS, but RHS's VARREF 'lane' generates 32 bits.
                                                        : ... note: In instance 'tb_axi4_caliptra_parameter_matrix.checker_inst'
  252 |           invalidate_exclusive_byte((beat_address / DATA_BYTES) * DATA_BYTES + lane);
      |                                                                              ^
%Warning-WIDTHEXPAND: ../axi4_caliptra_checker.sv:276:22: Operator ASSIGN expects 64 bits on the Assign RHS, but Assign RHS's ARRAYSEL generates 48 bits.
                                                        : ... note: In instance 'tb_axi4_caliptra_parameter_matrix.checker_inst'
  276 |         beat_address = expected_addr[expected_read];
      |                      ^
%Warning-WIDTHEXPAND: ../axi4_caliptra_checker.sv:283:29: Operator GTE expects 64 bits on the LHS, but LHS's VARREF 'byte_index' generates 32 bits.
                                                        : ... note: In instance 'tb_axi4_caliptra_parameter_matrix.checker_inst'
  283 |             if ((byte_index >= (beat_address % DATA_BYTES)) &&
      |                             ^~
%Warning-WIDTHEXPAND: ../axi4_caliptra_checker.sv:283:46: Operator MODDIV expects 64 bits on the RHS, but RHS's VARREF 'DATA_BYTES' generates 32 bits.
                                                        : ... note: In instance 'tb_axi4_caliptra_parameter_matrix.checker_inst'
  283 |             if ((byte_index >= (beat_address % DATA_BYTES)) &&
      |                                              ^
%Warning-WIDTHEXPAND: ../axi4_caliptra_checker.sv:284:29: Operator LT expects 64 bits on the LHS, but LHS's VARREF 'byte_index' generates 32 bits.
                                                        : ... note: In instance 'tb_axi4_caliptra_parameter_matrix.checker_inst'
  284 |                 (byte_index < ((beat_address % DATA_BYTES) + beat_bytes)))
      |                             ^
%Warning-WIDTHEXPAND: ../axi4_caliptra_checker.sv:284:46: Operator MODDIV expects 64 bits on the RHS, but RHS's VARREF 'DATA_BYTES' generates 32 bits.
                                                        : ... note: In instance 'tb_axi4_caliptra_parameter_matrix.checker_inst'
  284 |                 (byte_index < ((beat_address % DATA_BYTES) + beat_bytes)))
      |                                              ^
%Warning-WIDTHEXPAND: ../axi4_caliptra_checker.sv:293:55: Operator DIV expects 64 bits on the RHS, but RHS's VARREF 'DATA_BYTES' generates 32 bits.
                                                        : ... note: In instance 'tb_axi4_caliptra_parameter_matrix.checker_inst'
  293 |               invalidate_exclusive_byte((beat_address / DATA_BYTES) * DATA_BYTES + byte_index);
      |                                                       ^
%Warning-WIDTHEXPAND: ../axi4_caliptra_checker.sv:293:82: Operator ADD expects 64 bits on the RHS, but RHS's VARREF 'byte_index' generates 32 bits.
                                                        : ... note: In instance 'tb_axi4_caliptra_parameter_matrix.checker_inst'
  293 |               invalidate_exclusive_byte((beat_address / DATA_BYTES) * DATA_BYTES + byte_index);
      |                                                                                  ^
%Warning-WIDTHTRUNC: ../axi4_caliptra_checker.sv:397:41: Bit extraction of array[255:0] requires 8 bit index, not 9 bits.
                                                       : ... note: In instance 'tb_axi4_caliptra_parameter_matrix.checker_inst'
  397 |         observed_strobes[observed_write][write_beats_in_progress] = WSTRB;
      |                                         ^
%Warning-WIDTHTRUNC: ../axi4_caliptra_checker.sv:408:11: Operator TASKREF 'invalidate_for_write_beat' expects 8 bits on the Function Argument, but Function Argument's SUB generates 9 bits.
                                                       : ... note: In instance 'tb_axi4_caliptra_parameter_matrix.checker_inst'
  408 |           invalidate_for_write_beat(
      |           ^~~~~~~~~~~~~~~~~~~~~~~~~
%Warning-WIDTHEXPAND: ../axi4_caliptra_checker.sv:411:37: Operator SUB expects 32 bits on the LHS, but LHS's VARREF 'write_beats_in_progress' generates 9 bits.
                                                        : ... note: In instance 'tb_axi4_caliptra_parameter_matrix.checker_inst'
  411 |             write_beats_in_progress - 1'b1);
      |                                     ^
%Warning-WIDTHEXPAND: ../axi4_caliptra_memory_subordinate.sv:129:14: Operator ASSIGN expects 64 bits on the Assign RHS, but Assign RHS's VARREF 'addr' generates 48 bits.
                                                                   : ... note: In instance 'tb_axi4_caliptra_parameter_matrix.memory'
  129 |       addr64 = addr;
      |              ^
%Warning-WIDTHEXPAND: ../axi4_caliptra_memory_subordinate.sv:130:14: Operator ASSIGN expects 64 bits on the Assign RHS, but Assign RHS's VARREF 'BASE_ADDR' generates 48 bits.
                                                                   : ... note: In instance 'tb_axi4_caliptra_parameter_matrix.memory'
  130 |       base64 = BASE_ADDR;
      |              ^
%Warning-WIDTHEXPAND: ../axi4_caliptra_memory_subordinate.sv:131:58: Operator ADD expects 64 bits on the RHS, but RHS's VARREF 'MEM_BYTES' generates 32 bits.
                                                                   : ... note: In instance 'tb_axi4_caliptra_parameter_matrix.memory'
  131 |       in_range = (addr64 >= base64) && (addr64 < (base64 + MEM_BYTES));
      |                                                          ^
%Warning-WIDTHEXPAND: ../axi4_caliptra_memory_subordinate.sv:155:34: Operator DIV expects 64 bits on the LHS, but LHS's VARREF 'addr' generates 48 bits.
                                                                   : ... note: In instance 'tb_axi4_caliptra_parameter_matrix.memory'
  155 |             aligned_addr = (addr / bytes_per_beat) * bytes_per_beat;
      |                                  ^
%Warning-WIDTHEXPAND: ../axi4_caliptra_memory_subordinate.sv:162:33: Operator DIV expects 64 bits on the LHS, but LHS's VARREF 'addr' generates 48 bits.
                                                                   : ... note: In instance 'tb_axi4_caliptra_parameter_matrix.memory'
  162 |               wrap_base = (addr / span) * span;
      |                                 ^
%Warning-WIDTHEXPAND: ../axi4_caliptra_memory_subordinate.sv:159:24: Operator MODDIV expects 64 bits on the LHS, but LHS's VARREF 'addr' generates 48 bits.
                                                                   : ... note: In instance 'tb_axi4_caliptra_parameter_matrix.memory'
  159 |             if (((addr % bytes_per_beat) == 0) &&
      |                        ^
%Warning-WIDTHEXPAND: ../axi4_caliptra_memory_subordinate.sv:150:16: Operator LTE expects 32 bits on the LHS, but LHS's VARREF 'size' generates 3 bits.
                                                                   : ... note: In instance 'tb_axi4_caliptra_parameter_matrix.memory'
  150 |       if (size <= $clog2(DATA_BYTES)) begin
      |                ^~
%Warning-WIDTHEXPAND: ../axi4_caliptra_memory_subordinate.sv:184:17: Operator ASSIGN expects 64 bits on the Assign RHS, but Assign RHS's VARREF 'addr' generates 48 bits.
                                                                   : ... note: In instance 'tb_axi4_caliptra_parameter_matrix.memory'
  184 |       candidate = addr;
      |                 ^
%Warning-WIDTHEXPAND: ../axi4_caliptra_memory_subordinate.sv:186:26: Operator ASSIGN expects 64 bits on the Assign RHS, but Assign RHS's VARREF 'addr' generates 48 bits.
                                                                   : ... note: In instance 'tb_axi4_caliptra_parameter_matrix.memory'
  186 |         2'b00: candidate = addr;
      |                          ^
%Warning-WIDTHEXPAND: ../axi4_caliptra_memory_subordinate.sv:188:35: Operator DIV expects 64 bits on the LHS, but LHS's VARREF 'addr' generates 48 bits.
                                                                   : ... note: In instance 'tb_axi4_caliptra_parameter_matrix.memory'
  188 |         2'b01: candidate = ((addr / bytes_per_beat) + 1) * bytes_per_beat;
      |                                   ^
%Warning-WIDTHEXPAND: ../axi4_caliptra_memory_subordinate.sv:191:29: Operator DIV expects 64 bits on the LHS, but LHS's VARREF 'addr' generates 48 bits.
                                                                   : ... note: In instance 'tb_axi4_caliptra_parameter_matrix.memory'
  191 |           wrap_base = (addr / span) * span;
      |                             ^
%Warning-WIDTHEXPAND: ../axi4_caliptra_memory_subordinate.sv:192:28: Operator ADD expects 64 bits on the LHS, but LHS's VARREF 'addr' generates 48 bits.
                                                                   : ... note: In instance 'tb_axi4_caliptra_parameter_matrix.memory'
  192 |           candidate = addr + bytes_per_beat;
      |                            ^
%Warning-WIDTHEXPAND: ../axi4_caliptra_memory_subordinate.sv:195:28: Operator ASSIGN expects 64 bits on the Assign RHS, but Assign RHS's VARREF 'addr' generates 48 bits.
                                                                   : ... note: In instance 'tb_axi4_caliptra_parameter_matrix.memory'
  195 |         default: candidate = addr;
      |                            ^
%Warning-WIDTHEXPAND: ../axi4_caliptra_memory_subordinate.sv:216:27: Operator ADD expects 64 bits on the LHS, but LHS's VARREF 'BASE_ADDR' generates 48 bits.
                                                                   : ... note: In instance 'tb_axi4_caliptra_parameter_matrix.memory'
  216 |       limit64 = BASE_ADDR + MEM_BYTES;
      |                           ^
%Warning-WIDTHEXPAND: ../axi4_caliptra_memory_subordinate.sv:216:27: Operator ADD expects 64 bits on the RHS, but RHS's VARREF 'MEM_BYTES' generates 32 bits.
                                                                   : ... note: In instance 'tb_axi4_caliptra_parameter_matrix.memory'
  216 |       limit64 = BASE_ADDR + MEM_BYTES;
      |                           ^
%Warning-WIDTHEXPAND: ../axi4_caliptra_memory_subordinate.sv:219:19: Operator ASSIGN expects 64 bits on the Assign RHS, but Assign RHS's VARREF 'current_addr' generates 48 bits.
                                                                   : ... note: In instance 'tb_axi4_caliptra_parameter_matrix.memory'
  219 |         current64 = current_addr;
      |                   ^
%Warning-WIDTHEXPAND: ../axi4_caliptra_memory_subordinate.sv:224:24: Operator LT expects 64 bits on the RHS, but RHS's VARREF 'BASE_ADDR' generates 48 bits.
                                                                   : ... note: In instance 'tb_axi4_caliptra_parameter_matrix.memory'
  224 |         if ((current64 < BASE_ADDR) || ((current64 + beat_extent) > limit64))
      |                        ^
%Warning-WIDTHEXPAND: ../axi4_caliptra_memory_subordinate.sv:244:35: Operator MODDIV expects 64 bits on the LHS, but LHS's VARREF 'addr' generates 48 bits.
                                                                   : ... note: In instance 'tb_axi4_caliptra_parameter_matrix.memory'
  244 |                            ((addr % transfer_bytes) == 0) &&
      |                                   ^
%Warning-WIDTHEXPAND: ../axi4_caliptra_memory_subordinate.sv:265:14: Operator ASSIGN expects 64 bits on the Assign RHS, but Assign RHS's VARREF 'byte_addr' generates 48 bits.
                                                                   : ... note: In instance 'tb_axi4_caliptra_parameter_matrix.memory'
  265 |       target = byte_addr;
      |              ^
%Warning-WIDTHEXPAND: ../axi4_caliptra_memory_subordinate.sv:267:20: Operator ASSIGN expects 64 bits on the Assign RHS, but Assign RHS's VARREF 'beat_addr' generates 48 bits.
                                                                   : ... note: In instance 'tb_axi4_caliptra_parameter_matrix.memory'
  267 |         beat_start = beat_addr;
      |                    ^
%Warning-WIDTHEXPAND: ../axi4_caliptra_memory_subordinate.sv:293:14: Operator ASSIGN expects 64 bits on the Assign RHS, but Assign RHS's VARREF 'addr' generates 48 bits.
                                                                   : ... note: In instance 'tb_axi4_caliptra_parameter_matrix.memory'
  293 |       addr64 = addr;
      |              ^
%Warning-WIDTHEXPAND: ../axi4_caliptra_memory_subordinate.sv:294:14: Operator ASSIGN expects 64 bits on the Assign RHS, but Assign RHS's VARREF 'BASE_ADDR' generates 48 bits.
                                                                   : ... note: In instance 'tb_axi4_caliptra_parameter_matrix.memory'
  294 |       base64 = BASE_ADDR;
      |              ^
%Warning-WIDTHEXPAND: ../axi4_caliptra_memory_subordinate.sv:295:27: Operator DIV expects 64 bits on the RHS, but RHS's VARREF 'DATA_BYTES' generates 32 bits.
                                                                   : ... note: In instance 'tb_axi4_caliptra_parameter_matrix.memory'
  295 |       aligned64 = (addr64 / DATA_BYTES) * DATA_BYTES;
      |                           ^
%Warning-WIDTHEXPAND: ../axi4_caliptra_memory_subordinate.sv:296:36: Operator DIV expects 64 bits on the RHS, but RHS's VARREF 'DATA_BYTES' generates 32 bits.
                                                                   : ... note: In instance 'tb_axi4_caliptra_parameter_matrix.memory'
  296 |       index = (aligned64 - base64) / DATA_BYTES;
      |                                    ^
%Warning-WIDTHTRUNC: ../axi4_caliptra_memory_subordinate.sv:296:13: Operator ASSIGN expects 32 bits on the Assign RHS, but Assign RHS's DIV generates 64 bits.
                                                                  : ... note: In instance 'tb_axi4_caliptra_parameter_matrix.memory'
  296 |       index = (aligned64 - base64) / DATA_BYTES;
      |             ^
%Warning-WIDTHEXPAND: ../axi4_caliptra_memory_subordinate.sv:306:53: Operator MODDIV expects 48 bits on the RHS, but RHS's VARREF 'DATA_BYTES' generates 32 bits.
                                                                   : ... note: In instance 'tb_axi4_caliptra_parameter_matrix.memory'
  306 |         (MEM_BYTES % DATA_BYTES) != 0 || (BASE_ADDR % DATA_BYTES) != 0 ||
      |                                                     ^
%Warning-WIDTHEXPAND: ../axi4_caliptra_memory_subordinate.sv:358:44: Operator DIV expects 48 bits on the RHS, but RHS's VARREF 'DATA_BYTES' generates 32 bits.
                                                                   : ... note: In instance 'tb_axi4_caliptra_parameter_matrix.memory'
  358 |         aligned_addr = (wr_addr_q[wr_head] / DATA_BYTES) * DATA_BYTES;
      |                                            ^
%Warning-WIDTHEXPAND: ../axi4_caliptra_memory_subordinate.sv:361:38: Operator ADD expects 48 bits on the RHS, but RHS's VARREF 'lane_index' generates 32 bits.
                                                                   : ... note: In instance 'tb_axi4_caliptra_parameter_matrix.memory'
  361 |             byte_addr = aligned_addr + lane_index;
      |                                      ^
%Warning-WIDTHEXPAND: ../axi4_caliptra_memory_subordinate.sv:364:52: Operator DIV expects 48 bits on the RHS, but RHS's VARREF 'DATA_BYTES' generates 32 bits.
                                                                   : ... note: In instance 'tb_axi4_caliptra_parameter_matrix.memory'
  364 |               word_index = (byte_addr - BASE_ADDR) / DATA_BYTES;
      |                                                    ^
%Warning-WIDTHTRUNC: ../axi4_caliptra_memory_subordinate.sv:364:26: Operator ASSIGN expects 32 bits on the Assign RHS, but Assign RHS's DIV generates 48 bits.
                                                                  : ... note: In instance 'tb_axi4_caliptra_parameter_matrix.memory'
  364 |               word_index = (byte_addr - BASE_ADDR) / DATA_BYTES;
      |                          ^
%Warning-WIDTHEXPAND: ../axi4_caliptra_master.sv:156:36: Operator EQ expects 32 bits on the RHS, but RHS's ARRAYSEL generates 8 bits.
                                                       : ... note: In instance 'tb_axi4_caliptra_parameter_matrix.manager'
  156 |           end else if (rbeat_index == rd_len_q[rchosen_slot]) begin
      |                                    ^~
%Warning-WIDTHEXPAND: ../axi4_caliptra_master.sv:151:38: Operator EQ expects 32 bits on the RHS, but RHS's ARRAYSEL generates 8 bits.
                                                       : ... note: In instance 'tb_axi4_caliptra_parameter_matrix.manager'
  151 |           if (RLAST !== (rbeat_index == rd_len_q[rchosen_slot])) begin
      |                                      ^~
%Warning-WIDTHEXPAND: ../axi4_caliptra_master.sv:227:34: Operator DIV expects 64 bits on the LHS, but LHS's VARREF 'addr' generates 48 bits.
                                                       : ... note: In instance 'tb_axi4_caliptra_parameter_matrix.manager'
  227 |             aligned_addr = (addr / bytes_per_beat) * bytes_per_beat;
      |                                  ^
%Warning-WIDTHEXPAND: ../axi4_caliptra_master.sv:234:33: Operator DIV expects 64 bits on the LHS, but LHS's VARREF 'addr' generates 48 bits.
                                                       : ... note: In instance 'tb_axi4_caliptra_parameter_matrix.manager'
  234 |               wrap_base = (addr / span) * span;
      |                                 ^
%Warning-WIDTHEXPAND: ../axi4_caliptra_master.sv:231:24: Operator MODDIV expects 64 bits on the LHS, but LHS's VARREF 'addr' generates 48 bits.
                                                       : ... note: In instance 'tb_axi4_caliptra_parameter_matrix.manager'
  231 |             if (((addr % bytes_per_beat) == 0) &&
      |                        ^
%Warning-WIDTHEXPAND: ../axi4_caliptra_master.sv:222:16: Operator LTE expects 32 bits on the LHS, but LHS's VARREF 'size' generates 3 bits.
                                                       : ... note: In instance 'tb_axi4_caliptra_parameter_matrix.manager'
  222 |       if (size <= $clog2(DATA_WIDTH/8)) begin
      |                ^~
%Warning-WIDTHEXPAND: ../axi4_caliptra_master.sv:343:26: Operator ADD expects 32 bits on the LHS, but LHS's REPLICATE generates 9 bits.
                                                       : ... note: In instance 'tb_axi4_caliptra_parameter_matrix.manager'
  343 |         if (({1'b0, len} + 1) > MAX_BEATS)
      |                          ^
%Warning-WIDTHEXPAND: ../axi4_caliptra_master.sv:445:33: Operator EQ expects 32 bits on the RHS, but RHS's VARREF 'len' generates 8 bits.
                                                       : ... note: In instance 'tb_axi4_caliptra_parameter_matrix.manager'
  445 |                   WLAST = (beat == len);
      |                                 ^~
%Warning-WIDTHEXPAND: ../axi4_caliptra_master.sv:439:26: Operator EQ expects 32 bits on the RHS, but RHS's VARREF 'len' generates 8 bits.
                                                       : ... note: In instance 'tb_axi4_caliptra_parameter_matrix.manager'
  439 |                 if (beat == len) begin WVALID = 0; WLAST = 0; w_done = 1; end
      |                          ^~
%Warning-WIDTHEXPAND: ../axi4_caliptra_master.sv:340:37: Operator ADD expects 32 bits on the LHS, but LHS's REPLICATE generates 9 bits.
                                                       : ... note: In instance 'tb_axi4_caliptra_parameter_matrix.manager'
  340 |       if (poisoned || (({1'b0, len} + 1) > MAX_BEATS) ||
      |                                     ^
%Warning-WIDTHEXPAND: ../axi4_caliptra_master.sv:342:27: Operator MODDIV expects 64 bits on the LHS, but LHS's VARREF 'addr' generates 48 bits.
                                                       : ... note: In instance 'tb_axi4_caliptra_parameter_matrix.manager'
  342 |           (lock && ((addr % (64'd1 << size)) != 0))) begin
      |                           ^
%Warning-WIDTHEXPAND: ../axi4_caliptra_master.sv:534:26: Operator ADD expects 32 bits on the LHS, but LHS's REPLICATE generates 9 bits.
                                                       : ... note: In instance 'tb_axi4_caliptra_parameter_matrix.manager'
  534 |         if (({1'b0, len} + 1) > MAX_BEATS)
      |                          ^
%Warning-WIDTHEXPAND: ../axi4_caliptra_master.sv:531:37: Operator ADD expects 32 bits on the LHS, but LHS's REPLICATE generates 9 bits.
                                                       : ... note: In instance 'tb_axi4_caliptra_parameter_matrix.manager'
  531 |       if (poisoned || (({1'b0, len} + 1) > MAX_BEATS) ||
      |                                     ^
%Warning-WIDTHEXPAND: ../axi4_caliptra_master.sv:533:27: Operator MODDIV expects 64 bits on the LHS, but LHS's VARREF 'addr' generates 48 bits.
                                                       : ... note: In instance 'tb_axi4_caliptra_parameter_matrix.manager'
  533 |           (lock && ((addr % (64'd1 << size)) != 0))) begin
      |                           ^
%Warning-WIDTHEXPAND: tb_axi4_caliptra_parameter_matrix.sv:217:17: Operator ADD expects 32 bits on the LHS, but LHS's CONST '8'h40' generates 8 bits.
                                                                 : ... note: In instance 'tb_axi4_caliptra_parameter_matrix'
  217 |           8'h40 + beat*DATA_BYTES + lane;
      |                 ^
%Warning-WIDTHTRUNC: tb_axi4_caliptra_parameter_matrix.sv:216:51: Operator ASSIGN expects 8 bits on the Assign RHS, but Assign RHS's ADD generates 32 bits.
                                                                : ... note: In instance 'tb_axi4_caliptra_parameter_matrix'
  216 |         write_data[beat*DATA_WIDTH + lane*8 +: 8] =
      |                                                   ^
%Warning-WIDTHEXPAND: tb_axi4_caliptra_parameter_matrix.sv:220:57: Operator ADD expects 32 bits on the LHS, but LHS's CONST '8'h60' generates 8 bits.
                                                                 : ... note: In instance 'tb_axi4_caliptra_parameter_matrix'
  220 |       write_user[beat*USER_WIDTH +: USER_WIDTH] = 8'h60 + beat;
      |                                                         ^
%Warning-WIDTHTRUNC: tb_axi4_caliptra_parameter_matrix.sv:220:49: Operator ASSIGN expects 8 bits on the Assign RHS, but Assign RHS's ADD generates 32 bits.
                                                                : ... note: In instance 'tb_axi4_caliptra_parameter_matrix'
  220 |       write_user[beat*USER_WIDTH +: USER_WIDTH] = 8'h60 + beat;
      |                                                 ^
%Warning-WIDTHTRUNC: tb_axi4_caliptra_parameter_matrix.sv:222:13: Operator TASKREF 'write_burst' expects 3 bits on the Function Argument, but Function Argument's CLOG2 generates 32 bits.
                                                                : ... note: In instance 'tb_axi4_caliptra_parameter_matrix'
  222 |     manager.write_burst(WRAP_START, 3, $clog2(DATA_BYTES), 2'b10,
      |             ^~~~~~~~~~~
%Warning-WIDTHTRUNC: tb_axi4_caliptra_parameter_matrix.sv:227:13: Operator TASKREF 'read_burst' expects 3 bits on the Function Argument, but Function Argument's CLOG2 generates 32 bits.
                                                                : ... note: In instance 'tb_axi4_caliptra_parameter_matrix'
  227 |     manager.read_burst(WRAP_START, 3, $clog2(DATA_BYTES), 2'b10,
      |             ^~~~~~~~~~
%Warning-WIDTHEXPAND: tb_axi4_caliptra_parameter_matrix.sv:254:30: Operator EQ expects 32 bits on the LHS, but LHS's VARREF 'transaction_write_size' generates 3 bits.
                                                                 : ... note: In instance 'tb_axi4_caliptra_parameter_matrix'
  254 |       transaction_write_size == $clog2(DATA_BYTES) &&
      |                              ^~
%Warning-WIDTHEXPAND: tb_axi4_caliptra_parameter_matrix.sv:270:29: Operator EQ expects 32 bits on the LHS, but LHS's VARREF 'transaction_read_size' generates 3 bits.
                                                                 : ... note: In instance 'tb_axi4_caliptra_parameter_matrix'
  270 |       transaction_read_size == $clog2(DATA_BYTES) &&
      |                             ^~
%Warning-UNSIGNED: ../axi4_caliptra_memory_subordinate.sv:224:24: Comparison is constant due to unsigned arithmetic
                                                                : ... note: In instance 'tb_axi4_caliptra_parameter_matrix.memory'
  224 |         if ((current64 < BASE_ADDR) || ((current64 + beat_extent) > limit64))
      |                        ^
                   ... For warning description see https://verilator.org/warn/UNSIGNED?v=5.050
                   ... Use "/* verilator lint_off UNSIGNED */" and lint_on around source to disable this message.
%Warning-CASEINCOMPLETE: ../axi4_caliptra_checker.sv:217:7: Case values incompletely covered (example pattern 0x0)
  217 |       case (burst)
      |       ^~~~
                         ... For warning description see https://verilator.org/warn/CASEINCOMPLETE?v=5.050
                         ... Use "/* verilator lint_off CASEINCOMPLETE */" and lint_on around source to disable this message.
c++ -Os  -I.  -MMD -I/opt/homebrew/Cellar/verilator/5.050/share/verilator/include -I/opt/homebrew/Cellar/verilator/5.050/share/verilator/include/vltstd -DVERILATOR=1 -DVM_COVERAGE=0 -DVM_SC=0 -DVM_TIMING=1 -DVM_TRACE=0 -DVM_TRACE_FST=0 -DVM_TRACE_VCD=0 -DVM_TRACE_SAIF=0 -DVM_VPI=0 -faligned-new -fbracket-depth=4096 -fcf-protection=none -Xclang -fno-pch-timestamp -Qunused-arguments -Wno-bool-operation -Wno-c++11-narrowing -Wno-constant-logical-operand -Wno-int-in-bool-context -Wno-non-pod-varargs -Wno-parentheses-equality -Wno-shadow -Wno-sign-compare -Wno-tautological-bitwise-compare -Wno-tautological-compare -Wno-uninitialized -Wno-unnecessary-virtual-specifier -Wno-unused-but-set-parameter -Wno-unused-but-set-variable -Wno-unused-parameter -Wno-unused-variable -Wno-vla-cxx-extension    -DVL_TIME_CONTEXT   -std=gnu++20 -c -o verilated.o /opt/homebrew/Cellar/verilator/5.050/share/verilator/include/verilated.cpp
c++ -Os  -I.  -MMD -I/opt/homebrew/Cellar/verilator/5.050/share/verilator/include -I/opt/homebrew/Cellar/verilator/5.050/share/verilator/include/vltstd -DVERILATOR=1 -DVM_COVERAGE=0 -DVM_SC=0 -DVM_TIMING=1 -DVM_TRACE=0 -DVM_TRACE_FST=0 -DVM_TRACE_VCD=0 -DVM_TRACE_SAIF=0 -DVM_VPI=0 -faligned-new -fbracket-depth=4096 -fcf-protection=none -Xclang -fno-pch-timestamp -Qunused-arguments -Wno-bool-operation -Wno-c++11-narrowing -Wno-constant-logical-operand -Wno-int-in-bool-context -Wno-non-pod-varargs -Wno-parentheses-equality -Wno-shadow -Wno-sign-compare -Wno-tautological-bitwise-compare -Wno-tautological-compare -Wno-uninitialized -Wno-unnecessary-virtual-specifier -Wno-unused-but-set-parameter -Wno-unused-but-set-variable -Wno-unused-parameter -Wno-unused-variable -Wno-vla-cxx-extension    -DVL_TIME_CONTEXT   -std=gnu++20 -c -o verilated_timing.o /opt/homebrew/Cellar/verilator/5.050/share/verilator/include/verilated_timing.cpp
c++ -Os  -I.  -MMD -I/opt/homebrew/Cellar/verilator/5.050/share/verilator/include -I/opt/homebrew/Cellar/verilator/5.050/share/verilator/include/vltstd -DVERILATOR=1 -DVM_COVERAGE=0 -DVM_SC=0 -DVM_TIMING=1 -DVM_TRACE=0 -DVM_TRACE_FST=0 -DVM_TRACE_VCD=0 -DVM_TRACE_SAIF=0 -DVM_VPI=0 -faligned-new -fbracket-depth=4096 -fcf-protection=none -Xclang -fno-pch-timestamp -Qunused-arguments -Wno-bool-operation -Wno-c++11-narrowing -Wno-constant-logical-operand -Wno-int-in-bool-context -Wno-non-pod-varargs -Wno-parentheses-equality -Wno-shadow -Wno-sign-compare -Wno-tautological-bitwise-compare -Wno-tautological-compare -Wno-uninitialized -Wno-unnecessary-virtual-specifier -Wno-unused-but-set-parameter -Wno-unused-but-set-variable -Wno-unused-parameter -Wno-unused-variable -Wno-vla-cxx-extension    -DVL_TIME_CONTEXT   -std=gnu++20 -c -o verilated_threads.o /opt/homebrew/Cellar/verilator/5.050/share/verilator/include/verilated_threads.cpp
c++ -Os  -I.  -MMD -I/opt/homebrew/Cellar/verilator/5.050/share/verilator/include -I/opt/homebrew/Cellar/verilator/5.050/share/verilator/include/vltstd -DVERILATOR=1 -DVM_COVERAGE=0 -DVM_SC=0 -DVM_TIMING=1 -DVM_TRACE=0 -DVM_TRACE_FST=0 -DVM_TRACE_VCD=0 -DVM_TRACE_SAIF=0 -DVM_VPI=0 -faligned-new -fbracket-depth=4096 -fcf-protection=none -Xclang -fno-pch-timestamp -Qunused-arguments -Wno-bool-operation -Wno-c++11-narrowing -Wno-constant-logical-operand -Wno-int-in-bool-context -Wno-non-pod-varargs -Wno-parentheses-equality -Wno-shadow -Wno-sign-compare -Wno-tautological-bitwise-compare -Wno-tautological-compare -Wno-uninitialized -Wno-unnecessary-virtual-specifier -Wno-unused-but-set-parameter -Wno-unused-but-set-variable -Wno-unused-parameter -Wno-unused-variable -Wno-vla-cxx-extension    -DVL_TIME_CONTEXT   -std=gnu++20 -x c++-header Vtb_axi4_caliptra_parameter_matrix__pch.h -o Vtb_axi4_caliptra_parameter_matrix__pch.h.fast.gch
c++ -Os  -I.  -MMD -I/opt/homebrew/Cellar/verilator/5.050/share/verilator/include -I/opt/homebrew/Cellar/verilator/5.050/share/verilator/include/vltstd -DVERILATOR=1 -DVM_COVERAGE=0 -DVM_SC=0 -DVM_TIMING=1 -DVM_TRACE=0 -DVM_TRACE_FST=0 -DVM_TRACE_VCD=0 -DVM_TRACE_SAIF=0 -DVM_VPI=0 -faligned-new -fbracket-depth=4096 -fcf-protection=none -Xclang -fno-pch-timestamp -Qunused-arguments -Wno-bool-operation -Wno-c++11-narrowing -Wno-constant-logical-operand -Wno-int-in-bool-context -Wno-non-pod-varargs -Wno-parentheses-equality -Wno-shadow -Wno-sign-compare -Wno-tautological-bitwise-compare -Wno-tautological-compare -Wno-uninitialized -Wno-unnecessary-virtual-specifier -Wno-unused-but-set-parameter -Wno-unused-but-set-variable -Wno-unused-parameter -Wno-unused-variable -Wno-vla-cxx-extension    -DVL_TIME_CONTEXT   -std=gnu++20 -include-pch Vtb_axi4_caliptra_parameter_matrix__pch.h.fast.gch -c Vtb_axi4_caliptra_parameter_matrix.cpp
c++ -Os  -I.  -MMD -I/opt/homebrew/Cellar/verilator/5.050/share/verilator/include -I/opt/homebrew/Cellar/verilator/5.050/share/verilator/include/vltstd -DVERILATOR=1 -DVM_COVERAGE=0 -DVM_SC=0 -DVM_TIMING=1 -DVM_TRACE=0 -DVM_TRACE_FST=0 -DVM_TRACE_VCD=0 -DVM_TRACE_SAIF=0 -DVM_VPI=0 -faligned-new -fbracket-depth=4096 -fcf-protection=none -Xclang -fno-pch-timestamp -Qunused-arguments -Wno-bool-operation -Wno-c++11-narrowing -Wno-constant-logical-operand -Wno-int-in-bool-context -Wno-non-pod-varargs -Wno-parentheses-equality -Wno-shadow -Wno-sign-compare -Wno-tautological-bitwise-compare -Wno-tautological-compare -Wno-uninitialized -Wno-unnecessary-virtual-specifier -Wno-unused-but-set-parameter -Wno-unused-but-set-variable -Wno-unused-parameter -Wno-unused-variable -Wno-vla-cxx-extension    -DVL_TIME_CONTEXT   -std=gnu++20 -include-pch Vtb_axi4_caliptra_parameter_matrix__pch.h.fast.gch -c Vtb_axi4_caliptra_parameter_matrix___024root__0.cpp
c++ -Os  -I.  -MMD -I/opt/homebrew/Cellar/verilator/5.050/share/verilator/include -I/opt/homebrew/Cellar/verilator/5.050/share/verilator/include/vltstd -DVERILATOR=1 -DVM_COVERAGE=0 -DVM_SC=0 -DVM_TIMING=1 -DVM_TRACE=0 -DVM_TRACE_FST=0 -DVM_TRACE_VCD=0 -DVM_TRACE_SAIF=0 -DVM_VPI=0 -faligned-new -fbracket-depth=4096 -fcf-protection=none -Xclang -fno-pch-timestamp -Qunused-arguments -Wno-bool-operation -Wno-c++11-narrowing -Wno-constant-logical-operand -Wno-int-in-bool-context -Wno-non-pod-varargs -Wno-parentheses-equality -Wno-shadow -Wno-sign-compare -Wno-tautological-bitwise-compare -Wno-tautological-compare -Wno-uninitialized -Wno-unnecessary-virtual-specifier -Wno-unused-but-set-parameter -Wno-unused-but-set-variable -Wno-unused-parameter -Wno-unused-variable -Wno-vla-cxx-extension    -DVL_TIME_CONTEXT   -std=gnu++20 -include-pch Vtb_axi4_caliptra_parameter_matrix__pch.h.fast.gch -c Vtb_axi4_caliptra_parameter_matrix___024root__1.cpp
c++ -Os  -I.  -MMD -I/opt/homebrew/Cellar/verilator/5.050/share/verilator/include -I/opt/homebrew/Cellar/verilator/5.050/share/verilator/include/vltstd -DVERILATOR=1 -DVM_COVERAGE=0 -DVM_SC=0 -DVM_TIMING=1 -DVM_TRACE=0 -DVM_TRACE_FST=0 -DVM_TRACE_VCD=0 -DVM_TRACE_SAIF=0 -DVM_VPI=0 -faligned-new -fbracket-depth=4096 -fcf-protection=none -Xclang -fno-pch-timestamp -Qunused-arguments -Wno-bool-operation -Wno-c++11-narrowing -Wno-constant-logical-operand -Wno-int-in-bool-context -Wno-non-pod-varargs -Wno-parentheses-equality -Wno-shadow -Wno-sign-compare -Wno-tautological-bitwise-compare -Wno-tautological-compare -Wno-uninitialized -Wno-unnecessary-virtual-specifier -Wno-unused-but-set-parameter -Wno-unused-but-set-variable -Wno-unused-parameter -Wno-unused-variable -Wno-vla-cxx-extension    -DVL_TIME_CONTEXT   -std=gnu++20 -include-pch Vtb_axi4_caliptra_parameter_matrix__pch.h.fast.gch -c Vtb_axi4_caliptra_parameter_matrix__main.cpp
c++   -I.  -MMD -I/opt/homebrew/Cellar/verilator/5.050/share/verilator/include -I/opt/homebrew/Cellar/verilator/5.050/share/verilator/include/vltstd -DVERILATOR=1 -DVM_COVERAGE=0 -DVM_SC=0 -DVM_TIMING=1 -DVM_TRACE=0 -DVM_TRACE_FST=0 -DVM_TRACE_VCD=0 -DVM_TRACE_SAIF=0 -DVM_VPI=0 -faligned-new -fbracket-depth=4096 -fcf-protection=none -Xclang -fno-pch-timestamp -Qunused-arguments -Wno-bool-operation -Wno-c++11-narrowing -Wno-constant-logical-operand -Wno-int-in-bool-context -Wno-non-pod-varargs -Wno-parentheses-equality -Wno-shadow -Wno-sign-compare -Wno-tautological-bitwise-compare -Wno-tautological-compare -Wno-uninitialized -Wno-unnecessary-virtual-specifier -Wno-unused-but-set-parameter -Wno-unused-but-set-variable -Wno-unused-parameter -Wno-unused-variable -Wno-vla-cxx-extension    -DVL_TIME_CONTEXT   -std=gnu++20 -x c++-header Vtb_axi4_caliptra_parameter_matrix__pch.h -o Vtb_axi4_caliptra_parameter_matrix__pch.h.slow.gch
c++   -I.  -MMD -I/opt/homebrew/Cellar/verilator/5.050/share/verilator/include -I/opt/homebrew/Cellar/verilator/5.050/share/verilator/include/vltstd -DVERILATOR=1 -DVM_COVERAGE=0 -DVM_SC=0 -DVM_TIMING=1 -DVM_TRACE=0 -DVM_TRACE_FST=0 -DVM_TRACE_VCD=0 -DVM_TRACE_SAIF=0 -DVM_VPI=0 -faligned-new -fbracket-depth=4096 -fcf-protection=none -Xclang -fno-pch-timestamp -Qunused-arguments -Wno-bool-operation -Wno-c++11-narrowing -Wno-constant-logical-operand -Wno-int-in-bool-context -Wno-non-pod-varargs -Wno-parentheses-equality -Wno-shadow -Wno-sign-compare -Wno-tautological-bitwise-compare -Wno-tautological-compare -Wno-uninitialized -Wno-unnecessary-virtual-specifier -Wno-unused-but-set-parameter -Wno-unused-but-set-variable -Wno-unused-parameter -Wno-unused-variable -Wno-vla-cxx-extension    -DVL_TIME_CONTEXT   -std=gnu++20 -include-pch Vtb_axi4_caliptra_parameter_matrix__pch.h.slow.gch -c Vtb_axi4_caliptra_parameter_matrix__ConstPool__0__Slow.cpp
c++   -I.  -MMD -I/opt/homebrew/Cellar/verilator/5.050/share/verilator/include -I/opt/homebrew/Cellar/verilator/5.050/share/verilator/include/vltstd -DVERILATOR=1 -DVM_COVERAGE=0 -DVM_SC=0 -DVM_TIMING=1 -DVM_TRACE=0 -DVM_TRACE_FST=0 -DVM_TRACE_VCD=0 -DVM_TRACE_SAIF=0 -DVM_VPI=0 -faligned-new -fbracket-depth=4096 -fcf-protection=none -Xclang -fno-pch-timestamp -Qunused-arguments -Wno-bool-operation -Wno-c++11-narrowing -Wno-constant-logical-operand -Wno-int-in-bool-context -Wno-non-pod-varargs -Wno-parentheses-equality -Wno-shadow -Wno-sign-compare -Wno-tautological-bitwise-compare -Wno-tautological-compare -Wno-uninitialized -Wno-unnecessary-virtual-specifier -Wno-unused-but-set-parameter -Wno-unused-but-set-variable -Wno-unused-parameter -Wno-unused-variable -Wno-vla-cxx-extension    -DVL_TIME_CONTEXT   -std=gnu++20 -include-pch Vtb_axi4_caliptra_parameter_matrix__pch.h.slow.gch -c Vtb_axi4_caliptra_parameter_matrix___024root__Slow.cpp
c++   -I.  -MMD -I/opt/homebrew/Cellar/verilator/5.050/share/verilator/include -I/opt/homebrew/Cellar/verilator/5.050/share/verilator/include/vltstd -DVERILATOR=1 -DVM_COVERAGE=0 -DVM_SC=0 -DVM_TIMING=1 -DVM_TRACE=0 -DVM_TRACE_FST=0 -DVM_TRACE_VCD=0 -DVM_TRACE_SAIF=0 -DVM_VPI=0 -faligned-new -fbracket-depth=4096 -fcf-protection=none -Xclang -fno-pch-timestamp -Qunused-arguments -Wno-bool-operation -Wno-c++11-narrowing -Wno-constant-logical-operand -Wno-int-in-bool-context -Wno-non-pod-varargs -Wno-parentheses-equality -Wno-shadow -Wno-sign-compare -Wno-tautological-bitwise-compare -Wno-tautological-compare -Wno-uninitialized -Wno-unnecessary-virtual-specifier -Wno-unused-but-set-parameter -Wno-unused-but-set-variable -Wno-unused-parameter -Wno-unused-variable -Wno-vla-cxx-extension    -DVL_TIME_CONTEXT   -std=gnu++20 -include-pch Vtb_axi4_caliptra_parameter_matrix__pch.h.slow.gch -c Vtb_axi4_caliptra_parameter_matrix___024root__0__Slow.cpp
c++   -I.  -MMD -I/opt/homebrew/Cellar/verilator/5.050/share/verilator/include -I/opt/homebrew/Cellar/verilator/5.050/share/verilator/include/vltstd -DVERILATOR=1 -DVM_COVERAGE=0 -DVM_SC=0 -DVM_TIMING=1 -DVM_TRACE=0 -DVM_TRACE_FST=0 -DVM_TRACE_VCD=0 -DVM_TRACE_SAIF=0 -DVM_VPI=0 -faligned-new -fbracket-depth=4096 -fcf-protection=none -Xclang -fno-pch-timestamp -Qunused-arguments -Wno-bool-operation -Wno-c++11-narrowing -Wno-constant-logical-operand -Wno-int-in-bool-context -Wno-non-pod-varargs -Wno-parentheses-equality -Wno-shadow -Wno-sign-compare -Wno-tautological-bitwise-compare -Wno-tautological-compare -Wno-uninitialized -Wno-unnecessary-virtual-specifier -Wno-unused-but-set-parameter -Wno-unused-but-set-variable -Wno-unused-parameter -Wno-unused-variable -Wno-vla-cxx-extension    -DVL_TIME_CONTEXT   -std=gnu++20 -include-pch Vtb_axi4_caliptra_parameter_matrix__pch.h.slow.gch -c Vtb_axi4_caliptra_parameter_matrix__Syms__Slow.cpp
c++  -Wl,-U,__Z15vl_time_stamp64v,-U,__Z13sc_time_stampv,-U,_vlog_startup_routines   verilated.o verilated_timing.o verilated_threads.o Vtb_axi4_caliptra_parameter_matrix__ALL.a    -pthread -lpthread   -o Vtb_axi4_caliptra_parameter_matrix
rm Vtb_axi4_caliptra_parameter_matrix__ALL.verilator_deplist.tmp
- V e r i l a t i o n   R e p o r t: Verilator 5.050 2026-07-01 rev vUNKNOWN-built20260701
- Verilator: Built from 0.522 MB sources in 7 modules, into 1.326 MB in 8 C++ files needing 0.007 MB
- Verilator: Walltime 13.587 s (elab=0.033, cvt=0.127, bld=13.373); cpu 0.196 s on 1 threads; allocated 31.734 MB
AXI master read response ID or RLAST mismatch
[240000] %Fatal: tb_axi4_caliptra_parameter_matrix.sv:172: Assertion failed in tb_axi4_caliptra_parameter_matrix.check: WRAP read failed for parameter configuration
%Error: tb_axi4_caliptra_parameter_matrix.sv:172: Verilog $stop
Aborting...
memory guard: command exited 1; minimum available 7.19 GiB; maximum process group 0.30 GiB
