/private/tmp/qd-bfm-rand-test-dma-20261006-retry3/caliptra_top_sva_icarus.sv:581: warning: Anachronistic use of named begin/end to surround generate schemes.
/private/tmp/qd-bfm-rand-test-dma-20261006-retry3/caliptra_top_sva_icarus.sv:594: warning: Anachronistic use of named begin/end to surround generate schemes.
/private/tmp/qd-bfm-rand-test-dma-20261006-retry3/caliptra_top_sva_icarus.sv:607: warning: Anachronistic use of named begin/end to surround generate schemes.
/private/tmp/qd-bfm-rand-test-dma-20261006-retry3/caliptra_top_sva_icarus.sv:621: warning: Anachronistic use of named begin/end to surround generate schemes.
/private/tmp/qd-bfm-rand-test-dma-20261006-retry3/dma_testcase_generator_icarus.sv:49: warning: Static variable initialization requires explicit lifetime in this context.
/private/tmp/qd-bfm-rand-test-dma-20261006-retry3/dma_testcase_generator_icarus.sv:52: warning: Static variable initialization requires explicit lifetime in this context.
/private/tmp/qd-bfm-rand-test-dma-20261006-retry3/dma_testcase_generator_icarus.sv:105: warning: Static variable initialization requires explicit lifetime in this context.
/private/tmp/qd-bfm-rand-test-dma-20261006-retry3/caliptra_veer_sram_export_icarus.sv:48: warning: Static variable initialization requires explicit lifetime in this context.
/private/tmp/qd-bfm-rand-test-dma-20261006-retry3/caliptra_veer_sram_export_icarus.sv:49: warning: Static variable initialization requires explicit lifetime in this context.
/Users/danielellerbrock/projects/iverilog_uvm/caliptra-rtl/src/integration/tb/caliptra_top_tb_axi_fifo.sv:238: warning: Static variable initialization requires explicit lifetime in this context.
/Users/danielellerbrock/projects/iverilog_uvm/caliptra-rtl/src/integration/tb/caliptra_top_tb_pkg.sv:40: warning: method function 'randomize' is being called as a task.
/Users/danielellerbrock/projects/iverilog_uvm/caliptra-rtl/src/integration/tb/caliptra_top_tb_pkg.sv:40: warning: method function 'randomize' is being called as a task.
warning: Found both default and explicit timescale based delays. Use
       : -Wtimescale to find the design element(s) with no explicit
       : timescale.
/Users/danielellerbrock/projects/iverilog_uvm/caliptra-rtl/src/integration/tb/caliptra_top_tb_services.sv:1170: warning: System task ($display) cannot be synthesized in an always_ff process.
/Users/danielellerbrock/projects/iverilog_uvm/caliptra-rtl/src/integration/tb/caliptra_top_tb_services.sv:1176: warning: System task ($display) cannot be synthesized in an always_ff process.
/Users/danielellerbrock/projects/iverilog_uvm/caliptra-rtl/src/integration/tb/caliptra_top_tb_services.sv:1182: warning: System task ($display) cannot be synthesized in an always_ff process.
/Users/danielellerbrock/projects/iverilog_uvm/caliptra-rtl/src/integration/test_suites/libs/jtagdpi/jtagdpi.sv:24: warning: user task (jtagdpi_tick) must be automatic to be synthesized in an always_ff process.
/Users/danielellerbrock/projects/iverilog_uvm/caliptra-rtl/src/integration/tb/caliptra_top_tb_services.sv:2355: vvp.tgt sorry: procedural continuous assignments are not yet fully supported. The RHS of this assignment will only be evaluated once, at the time the assignment statement is executed.
/Users/danielellerbrock/projects/iverilog_uvm/caliptra-rtl/src/integration/tb/caliptra_top_tb_services.sv:2356: vvp.tgt sorry: procedural continuous assignments are not yet fully supported. The RHS of this assignment will only be evaluated once, at the time the assignment statement is executed.
