CALIPTRA_RESET_TRACE_BOUND
CALIPTRA_TRACE_BOUND
jtag0: Failed to bind socket: Operation not permitted (1)
jtag0: Unable to create TCP server on port 0
w =  1 n =  1
STRAP_SS_KEY_RELEASE_KEY_SIZE set to default value 0x0040
STRAP_SS_KEY_RELEASE_BASE_ADDR set to default value 0x0000000123440000

JTAG: Virtual JTAG interface jtag0 is listening on port 0. Use
OpenOCD and the following configuration to connect:
  interface remote_bitbang
  remote_bitbang_host localhost
  remote_bitbang_port 0
INFO: /private/tmp/qd-bfm-checkpoint.H2Ij8x/caliptra-top-axi-wstate-case4-20261008/caliptra_top_tb_services_icarus.sv:121: No argument provided for CLP_MAX_CYCLES, defaulting to    20000000
      Time: 0  Scope: caliptra_top_tb.tb_services_i
DCCM pre-load from 50000000 to 5003ffff
DCCM pre-load completed
ICCM pre-load from 40000000 to 4003ffff
ICCM pre-load completed
MBOX pre-load from 00000000 to 000000000000000000010000
MBOX pre-load completed
WARNING: /Users/danielellerbrock/projects/iverilog_uvm/caliptra-rtl/src/entropy_src/rtl/entropy_src_reg_top.sv:3825: value is unhandled for priority or unique case statement
         Time: 0  Scope: caliptra_top_tb.caliptra_top_dut.entropy_src.u_reg
WARNING: /Users/danielellerbrock/projects/iverilog_uvm/caliptra-rtl/src/entropy_src/rtl/entropy_src_reg_top.sv:3825: value is unhandled for priority or unique case statement
         Time: 0  Scope: caliptra_top_tb.caliptra_top_dut.entropy_src.u_reg
WARNING: /Users/danielellerbrock/projects/iverilog_uvm/caliptra-rtl/src/csrng/rtl/csrng_reg_top.sv:2386: value is unhandled for priority or unique case statement
         Time: 0  Scope: caliptra_top_tb.caliptra_top_dut.csrng.u_reg







WARNING: /Users/danielellerbrock/projects/iverilog_uvm/caliptra-rtl/src/entropy_src/rtl/entropy_src_reg_top.sv:3825: value is unhandled for priority or unique case statement
         Time: 0  Scope: caliptra_top_tb.caliptra_top_dut.entropy_src.u_reg
WARNING: /Users/danielellerbrock/projects/iverilog_uvm/caliptra-rtl/src/csrng/rtl/csrng_reg_top.sv:2386: value is unhandled for priority or unique case statement
         Time: 0  Scope: caliptra_top_tb.caliptra_top_dut.csrng.u_reg
WARNING: /Users/danielellerbrock/projects/iverilog_uvm/caliptra-rtl/src/entropy_src/rtl/entropy_src_reg_top.sv:3825: value is unhandled for priority or unique case statement
         Time: 0  Scope: caliptra_top_tb.caliptra_top_dut.entropy_src.u_reg
WARNING: /Users/danielellerbrock/projects/iverilog_uvm/caliptra-rtl/src/csrng/rtl/csrng_reg_top.sv:2386: value is unhandled for priority or unique case statement
         Time: 0  Scope: caliptra_top_tb.caliptra_top_dut.csrng.u_reg
WARNING: /Users/danielellerbrock/projects/iverilog_uvm/caliptra-rtl/src/csrng/rtl/csrng_reg_top.sv:2386: value is unhandled for priority or unique case statement
         Time: 0  Scope: caliptra_top_tb.caliptra_top_dut.csrng.u_reg
WARNING: /Users/danielellerbrock/projects/iverilog_uvm/caliptra-rtl/src/entropy_src/rtl/entropy_src_reg_top.sv:3825: value is unhandled for priority or unique case statement
         Time: 0  Scope: caliptra_top_tb.caliptra_top_dut.entropy_src.u_reg
CALIPTRA_AXI WSTATE cycle=1 valid=0 ready=0 last=0 pc=00000000
CLP: Waiting for cptra_rst_b deassertion

SoC: Asserting cptra_pwrgood and breakpoint. cycleCnt [         15] deassert_hard_rst_flag[0]

SoC: De-Asserting cptra_rst_b. cycleCnt [         20] deassert_rst_flag[0]

CLP: Observed cptra_rst_b deassertion

CALIPTRA_RESET_EDGE state=deassert cycle=21 pending=0 wait=0 start=0
CLP: Ready for fuse download

SoC: Writing obfuscated UDS to fuse bank

SoC: Writing obfuscated Field Entropy to fuse bank

CALIPTRA_TRACE cycle=100 retired=0 pc=00000000 insn=00000000 ready_mb=0 reset_n=1 fatal=0 axi_ar=0 axi_aw=0 axi_w=0 axi_b=0 axi_r=0
SoC: Writing obfuscated HEK seed to fuse bank

SoC: Writing SOC Stepping ID to fuse bank

SoC: Writing fuse done register

SoC: Polling Flow Status...
  >>> SoC: Ready for Fuses deasserted after polling           1 times

SoC: Writing BootGo register

CLP: ROM Flow in progress...

CALIPTRA_TRACE cycle=200 retired=7 pc=00000016 insn=0000100f ready_mb=0 reset_n=1 fatal=0 axi_ar=0 axi_aw=0 axi_w=0 axi_b=0 axi_r=0
CALIPTRA_TRACE cycle=300 retired=46 pc=0000075e insn=00004489 ready_mb=0 reset_n=1 fatal=0 axi_ar=0 axi_aw=0 axi_w=0 axi_b=0 axi_r=0
CALIPTRA_TRACE cycle=400 retired=87 pc=0000e4fc insn=0000872a ready_mb=0 reset_n=1 fatal=0 axi_ar=0 axi_aw=0 axi_w=0 axi_b=0 axi_r=0
CALIPTRA_TRACE cycle=500 retired=129 pc=0000e512 insn=0000c30c ready_mb=0 reset_n=1 fatal=0 axi_ar=0 axi_aw=0 axi_w=0 axi_b=0 axi_r=0
CALIPTRA_TRACE cycle=600 retired=169 pc=0000e594 insn=00008096 ready_mb=0 reset_n=1 fatal=0 axi_ar=0 axi_aw=0 axi_w=0 axi_b=0 axi_r=0
CALIPTRA_TRACE cycle=700 retired=219 pc=00000458 insn=0000bd21 ready_mb=0 reset_n=1 fatal=0 axi_ar=0 axi_aw=0 axi_w=0 axi_b=0 axi_r=0
CALIPTRA_TRACE cycle=800 retired=263 pc=0000341c insn=00a60963 ready_mb=0 reset_n=1 fatal=0 axi_ar=0 axi_aw=0 axi_w=0 axi_b=0 axi_r=0
CALIPTRA_TRACE cycle=900 retired=296 pc=000002ba insn=020ca783 ready_mb=0 reset_n=1 fatal=0 axi_ar=0 axi_aw=0 axi_w=0 axi_b=0 axi_r=0
CALIPTRA_TRACE cycle=1000 retired=344 pc=0000033a insn=feb795e3 ready_mb=0 reset_n=1 fatal=0 axi_ar=0 axi_aw=0 axi_w=0 axi_b=0 axi_r=0
CALIPTRA_TRACE cycle=1100 retired=404 pc=0000033a insn=feb795e3 ready_mb=0 reset_n=1 fatal=0 axi_ar=0 axi_aw=0 axi_w=0 axi_b=0 axi_r=0
CALIPTRA_TRACE cycle=1200 retired=440 pc=00000364 insn=fed793e3 ready_mb=0 reset_n=1 fatal=0 axi_ar=0 axi_aw=0 axi_w=0 axi_b=0 axi_r=0
CALIPTRA_TRACE cycle=1300 retired=474 pc=0000cc80 insn=0008a803 ready_mb=0 reset_n=1 fatal=0 axi_ar=0 axi_aw=0 axi_w=0 axi_b=0 axi_r=0
CALIPTRA_TRACE cycle=1400 retired=514 pc=0000ccfc insn=fea697e3 ready_mb=0 reset_n=1 fatal=0 axi_ar=0 axi_aw=0 axi_w=0 axi_b=0 axi_r=0
CALIPTRA_AXI AW count=1 addr=000000000000000100100011010001000000000000000000 cycle=1478 pc=0000ccfc
CALIPTRA_AXI W count=1 cycle=1479 pc=0000ccfc
CALIPTRA_AXI WSTATE cycle=1479 valid=1 ready=1 last=0 pc=0000ccfc
CALIPTRA_AXI W count=2 cycle=1480 pc=0000ccfc
CALIPTRA_AXI W count=3 cycle=1481 pc=0000ccfc
CALIPTRA_AXI W count=4 cycle=1482 pc=0000ccfc
CALIPTRA_AXI WSTATE cycle=1482 valid=1 ready=1 last=1 pc=0000ccfc
CALIPTRA_AXI WSTATE cycle=1483 valid=0 ready=0 last=0 pc=0000cd00
CALIPTRA_AXI B count=1 cycle=1484 pc=0000cd02
CALIPTRA_TRACE cycle=1500 retired=544 pc=0000cc0c insn=000006b1 ready_mb=0 reset_n=1 fatal=0 axi_ar=0 axi_aw=1 axi_w=4 axi_b=1 axi_r=0
CALIPTRA_TRACE cycle=1600 retired=567 pc=000003de insn=00b82023 ready_mb=0 reset_n=1 fatal=0 axi_ar=0 axi_aw=1 axi_w=4 axi_b=1 axi_r=0
CALIPTRA_TRACE cycle=1700 retired=621 pc=000003da insn=00d82423 ready_mb=0 reset_n=1 fatal=0 axi_ar=0 axi_aw=1 axi_w=4 axi_b=1 axi_r=0
CALIPTRA_TRACE cycle=1800 retired=680 pc=0000346a insn=000086be ready_mb=0 reset_n=1 fatal=0 axi_ar=0 axi_aw=1 axi_w=4 axi_b=1 axi_r=0
CALIPTRA_TRACE cycle=1900 retired=740 pc=00003546 insn=0000431c ready_mb=0 reset_n=1 fatal=0 axi_ar=0 axi_aw=1 axi_w=4 axi_b=1 axi_r=0
CALIPTRA_TRACE cycle=2000 retired=787 pc=000035ea insn=32f70d63 ready_mb=0 reset_n=1 fatal=0 axi_ar=0 axi_aw=1 axi_w=4 axi_b=1 axi_r=0
CALIPTRA_TRACE cycle=2100 retired=825 pc=00003626 insn=feb799e3 ready_mb=0 reset_n=1 fatal=0 axi_ar=0 axi_aw=1 axi_w=4 axi_b=1 axi_r=0
CALIPTRA_TRACE cycle=2200 retired=872 pc=00003636 insn=0000df75 ready_mb=0 reset_n=1 fatal=0 axi_ar=0 axi_aw=1 axi_w=4 axi_b=1 axi_r=0
CALIPTRA_TRACE cycle=2300 retired=899 pc=0000365e insn=7a079463 ready_mb=0 reset_n=1 fatal=0 axi_ar=0 axi_aw=1 axi_w=4 axi_b=1 axi_r=0
CALIPTRA_TRACE cycle=2400 retired=937 pc=00003e76 insn=0000dfed ready_mb=0 reset_n=1 fatal=0 axi_ar=0 axi_aw=1 axi_w=4 axi_b=1 axi_r=0
CALIPTRA_TRACE cycle=2500 retired=961 pc=00003e8a insn=000b2783 ready_mb=0 reset_n=1 fatal=0 axi_ar=0 axi_aw=1 axi_w=4 axi_b=1 axi_r=0
CALIPTRA_TRACE cycle=2600 retired=994 pc=00003eba insn=073df863 ready_mb=0 reset_n=1 fatal=0 axi_ar=0 axi_aw=1 axi_w=4 axi_b=1 axi_r=0
CALIPTRA_TRACE cycle=2700 retired=1030 pc=00003e70 insn=000b2783 ready_mb=0 reset_n=1 fatal=0 axi_ar=0 axi_aw=1 axi_w=4 axi_b=1 axi_r=0
CALIPTRA_TRACE cycle=2800 retired=1065 pc=00003eba insn=073df863 ready_mb=0 reset_n=1 fatal=0 axi_ar=0 axi_aw=1 axi_w=4 axi_b=1 axi_r=0
CALIPTRA_TRACE cycle=2900 retired=1107 pc=00003670 insn=70f90a63 ready_mb=0 reset_n=1 fatal=0 axi_ar=0 axi_aw=1 axi_w=4 axi_b=1 axi_r=0
CALIPTRA_TRACE cycle=3000 retired=1152 pc=0000d650 insn=03030737 ready_mb=0 reset_n=1 fatal=0 axi_ar=0 axi_aw=1 axi_w=4 axi_b=1 axi_r=0
CALIPTRA_AXI AR count=1 addr=000000000000000100100011010001000000000000000000 cycle=3034 pc=0000d68c
CALIPTRA_AXI R count=1 cycle=3036 pc=0000d488
CALIPTRA_AXI R count=2 cycle=3038 pc=0000d48e
CALIPTRA_AXI R count=3 cycle=3040 pc=0000d492
CALIPTRA_AXI R count=4 cycle=3042 pc=0000d492
CALIPTRA_TRACE cycle=3100 retired=1194 pc=0000d4a6 insn=fec70de3 ready_mb=0 reset_n=1 fatal=0 axi_ar=1 axi_aw=1 axi_w=4 axi_b=1 axi_r=4
CALIPTRA_AXI AW count=2 addr=000000000000000100100011010001100000000000000000 cycle=3128 pc=0000d4a6
CALIPTRA_AXI W count=5 cycle=3129 pc=0000d4a6
CALIPTRA_AXI WSTATE cycle=3129 valid=1 ready=1 last=0 pc=0000d4a6
CALIPTRA_AXI W count=6 cycle=3130 pc=0000d4a6
CALIPTRA_AXI W count=7 cycle=3131 pc=0000d4a6
CALIPTRA_AXI W count=8 cycle=3132 pc=0000d4a6
CALIPTRA_AXI WSTATE cycle=3132 valid=1 ready=1 last=1 pc=0000d4a6
CALIPTRA_AXI WSTATE cycle=3133 valid=0 ready=0 last=0 pc=0000d4a6
CALIPTRA_AXI B count=2 cycle=3134 pc=0000d4a0
CALIPTRA_TRACE cycle=3200 retired=1210 pc=0000d4c6 insn=00080663 ready_mb=0 reset_n=1 fatal=0 axi_ar=1 axi_aw=2 axi_w=8 axi_b=2 axi_r=4
CALIPTRA_AXI AR count=2 addr=000000000000000100100011010001100000000000000000 cycle=3287 pc=0000cd4a
CALIPTRA_AXI R count=5 cycle=3289 pc=0000cd50
CALIPTRA_AXI R count=6 cycle=3291 pc=0000cd56
CALIPTRA_AXI R count=7 cycle=3293 pc=0000cd5a
CALIPTRA_AXI R count=8 cycle=3295 pc=0000cd5a
CALIPTRA_TRACE cycle=3300 retired=1248 pc=0000cd60 insn=00008251 ready_mb=0 reset_n=1 fatal=0 axi_ar=2 axi_aw=2 axi_w=8 axi_b=2 axi_r=8
CALIPTRA_TRACE cycle=3400 retired=1270 pc=0000cd5a insn=0000431c ready_mb=0 reset_n=1 fatal=0 axi_ar=2 axi_aw=2 axi_w=8 axi_b=2 axi_r=8
CALIPTRA_TRACE cycle=3500 retired=1290 pc=0000cc66 insn=00008082 ready_mb=0 reset_n=1 fatal=0 axi_ar=2 axi_aw=2 axi_w=8 axi_b=2 axi_r=8
CALIPTRA_TRACE cycle=3600 retired=1322 pc=000042e6 insn=00000791 ready_mb=0 reset_n=1 fatal=0 axi_ar=2 axi_aw=2 axi_w=8 axi_b=2 axi_r=8
CALIPTRA_TRACE cycle=3700 retired=1360 pc=00003ff8 insn=02fa9563 ready_mb=0 reset_n=1 fatal=0 axi_ar=2 axi_aw=2 axi_w=8 axi_b=2 axi_r=8
CALIPTRA_TRACE cycle=3800 retired=1397 pc=0000409c insn=0000431c ready_mb=0 reset_n=1 fatal=0 axi_ar=2 axi_aw=2 axi_w=8 axi_b=2 axi_r=8
CALIPTRA_TRACE cycle=3900 retired=1447 pc=0000411a insn=012987b3 ready_mb=0 reset_n=1 fatal=0 axi_ar=2 axi_aw=2 axi_w=8 axi_b=2 axi_r=8
CALIPTRA_TRACE cycle=4000 retired=1477 pc=00004138 insn=0000b2d5 ready_mb=0 reset_n=1 fatal=0 axi_ar=2 axi_aw=2 axi_w=8 axi_b=2 axi_r=8
CALIPTRA_TRACE cycle=4100 retired=1521 pc=0000078a insn=00f4fb63 ready_mb=0 reset_n=1 fatal=0 axi_ar=2 axi_aw=2 axi_w=8 axi_b=2 axi_r=8
* TESTCASE PASSED

Finished : minstret = 1527, mcycle = 4000
See "exec.log" for execution trace with register updates..

/private/tmp/qd-bfm-checkpoint.H2Ij8x/caliptra-top-axi-wstate-case4-20261008/caliptra_top_tb_services_icarus.sv:2445: $finish called at 41390000 (1ps)
CALIPTRA_TRACE_END cycles=4139 retired=1528 pc=0000304a insn=00008082 axi_ar=2 axi_aw=2 axi_w=8 axi_b=2 axi_r=8
