CALIPTRA_RESET_TRACE_BOUND
CALIPTRA_TRACE_BOUND
jtag0: Failed to bind socket: Operation not permitted (1)
jtag0: Unable to create TCP server on port 0
w =  1 n =  1
STRAP_SS_KEY_RELEASE_KEY_SIZE set to default value 0x0040
STRAP_SS_KEY_RELEASE_BASE_ADDR set to default value 0x0000000123440000

JTAG: Virtual JTAG interface jtag0 is listening on port 0. Use
OpenOCD and the following configuration to connect:
  interface remote_bitbang
  remote_bitbang_host localhost
  remote_bitbang_port 0
INFO: /private/tmp/qd-bfm-checkpoint.H2Ij8x/caliptra-top-axi-wstate-case2-20261008/caliptra_top_tb_services_icarus.sv:121: No argument provided for CLP_MAX_CYCLES, defaulting to    20000000
      Time: 0  Scope: caliptra_top_tb.tb_services_i
DCCM pre-load from 50000000 to 5003ffff
DCCM pre-load completed
ICCM pre-load from 40000000 to 4003ffff
ICCM pre-load completed
MBOX pre-load from 00000000 to 000000000000000000010000
MBOX pre-load completed
WARNING: /Users/danielellerbrock/projects/iverilog_uvm/caliptra-rtl/src/entropy_src/rtl/entropy_src_reg_top.sv:3825: value is unhandled for priority or unique case statement
         Time: 0  Scope: caliptra_top_tb.caliptra_top_dut.entropy_src.u_reg
WARNING: /Users/danielellerbrock/projects/iverilog_uvm/caliptra-rtl/src/entropy_src/rtl/entropy_src_reg_top.sv:3825: value is unhandled for priority or unique case statement
         Time: 0  Scope: caliptra_top_tb.caliptra_top_dut.entropy_src.u_reg
WARNING: /Users/danielellerbrock/projects/iverilog_uvm/caliptra-rtl/src/csrng/rtl/csrng_reg_top.sv:2386: value is unhandled for priority or unique case statement
         Time: 0  Scope: caliptra_top_tb.caliptra_top_dut.csrng.u_reg







WARNING: /Users/danielellerbrock/projects/iverilog_uvm/caliptra-rtl/src/entropy_src/rtl/entropy_src_reg_top.sv:3825: value is unhandled for priority or unique case statement
         Time: 0  Scope: caliptra_top_tb.caliptra_top_dut.entropy_src.u_reg
WARNING: /Users/danielellerbrock/projects/iverilog_uvm/caliptra-rtl/src/csrng/rtl/csrng_reg_top.sv:2386: value is unhandled for priority or unique case statement
         Time: 0  Scope: caliptra_top_tb.caliptra_top_dut.csrng.u_reg
WARNING: /Users/danielellerbrock/projects/iverilog_uvm/caliptra-rtl/src/entropy_src/rtl/entropy_src_reg_top.sv:3825: value is unhandled for priority or unique case statement
         Time: 0  Scope: caliptra_top_tb.caliptra_top_dut.entropy_src.u_reg
WARNING: /Users/danielellerbrock/projects/iverilog_uvm/caliptra-rtl/src/csrng/rtl/csrng_reg_top.sv:2386: value is unhandled for priority or unique case statement
         Time: 0  Scope: caliptra_top_tb.caliptra_top_dut.csrng.u_reg
WARNING: /Users/danielellerbrock/projects/iverilog_uvm/caliptra-rtl/src/csrng/rtl/csrng_reg_top.sv:2386: value is unhandled for priority or unique case statement
         Time: 0  Scope: caliptra_top_tb.caliptra_top_dut.csrng.u_reg
WARNING: /Users/danielellerbrock/projects/iverilog_uvm/caliptra-rtl/src/entropy_src/rtl/entropy_src_reg_top.sv:3825: value is unhandled for priority or unique case statement
         Time: 0  Scope: caliptra_top_tb.caliptra_top_dut.entropy_src.u_reg
CALIPTRA_AXI WSTATE cycle=1 valid=0 ready=0 last=0 pc=00000000
CLP: Waiting for cptra_rst_b deassertion

SoC: Asserting cptra_pwrgood and breakpoint. cycleCnt [         15] deassert_hard_rst_flag[0]

SoC: De-Asserting cptra_rst_b. cycleCnt [         20] deassert_rst_flag[0]

CLP: Observed cptra_rst_b deassertion

CALIPTRA_RESET_EDGE state=deassert cycle=21 pending=0 wait=0 start=0
CLP: Ready for fuse download

SoC: Writing obfuscated UDS to fuse bank

SoC: Writing obfuscated Field Entropy to fuse bank

CALIPTRA_TRACE cycle=100 retired=0 pc=00000000 insn=00000000 ready_mb=0 reset_n=1 fatal=0 axi_ar=0 axi_aw=0 axi_w=0 axi_b=0 axi_r=0
SoC: Writing obfuscated HEK seed to fuse bank

SoC: Writing SOC Stepping ID to fuse bank

SoC: Writing fuse done register

SoC: Polling Flow Status...
  >>> SoC: Ready for Fuses deasserted after polling           1 times

SoC: Writing BootGo register

CLP: ROM Flow in progress...

CALIPTRA_TRACE cycle=200 retired=7 pc=00000016 insn=0000100f ready_mb=0 reset_n=1 fatal=0 axi_ar=0 axi_aw=0 axi_w=0 axi_b=0 axi_r=0
CALIPTRA_TRACE cycle=300 retired=46 pc=0000075e insn=00004489 ready_mb=0 reset_n=1 fatal=0 axi_ar=0 axi_aw=0 axi_w=0 axi_b=0 axi_r=0
CALIPTRA_TRACE cycle=400 retired=87 pc=0000e4fc insn=0000872a ready_mb=0 reset_n=1 fatal=0 axi_ar=0 axi_aw=0 axi_w=0 axi_b=0 axi_r=0
CALIPTRA_TRACE cycle=500 retired=129 pc=0000e512 insn=0000c30c ready_mb=0 reset_n=1 fatal=0 axi_ar=0 axi_aw=0 axi_w=0 axi_b=0 axi_r=0
CALIPTRA_TRACE cycle=600 retired=169 pc=0000e594 insn=00008096 ready_mb=0 reset_n=1 fatal=0 axi_ar=0 axi_aw=0 axi_w=0 axi_b=0 axi_r=0
CALIPTRA_TRACE cycle=700 retired=219 pc=00000458 insn=0000bd21 ready_mb=0 reset_n=1 fatal=0 axi_ar=0 axi_aw=0 axi_w=0 axi_b=0 axi_r=0
CALIPTRA_TRACE cycle=800 retired=264 pc=000033ce insn=00004705 ready_mb=0 reset_n=1 fatal=0 axi_ar=0 axi_aw=0 axi_w=0 axi_b=0 axi_r=0
CALIPTRA_TRACE cycle=900 retired=303 pc=00000318 insn=f8f42223 ready_mb=0 reset_n=1 fatal=0 axi_ar=0 axi_aw=0 axi_w=0 axi_b=0 axi_r=0
CALIPTRA_TRACE cycle=1000 retired=356 pc=0000033a insn=feb795e3 ready_mb=0 reset_n=1 fatal=0 axi_ar=0 axi_aw=0 axi_w=0 axi_b=0 axi_r=0
CALIPTRA_TRACE cycle=1100 retired=400 pc=00000364 insn=fed793e3 ready_mb=0 reset_n=1 fatal=0 axi_ar=0 axi_aw=0 axi_w=0 axi_b=0 axi_r=0
CALIPTRA_TRACE cycle=1200 retired=442 pc=00000380 insn=00004789 ready_mb=0 reset_n=1 fatal=0 axi_ar=0 axi_aw=0 axi_w=0 axi_b=0 axi_r=0
CALIPTRA_TRACE cycle=1300 retired=472 pc=0000ccbc insn=30022637 ready_mb=0 reset_n=1 fatal=0 axi_ar=0 axi_aw=0 axi_w=0 axi_b=0 axi_r=0
CALIPTRA_AXI AW count=1 addr=000000000000000100100011010001000000000000000000 cycle=1378 pc=0000ccfc
CALIPTRA_AXI W count=1 cycle=1379 pc=0000ccfc
CALIPTRA_AXI WSTATE cycle=1379 valid=1 ready=1 last=0 pc=0000ccfc
CALIPTRA_AXI W count=2 cycle=1380 pc=0000ccfc
CALIPTRA_AXI WSTATE cycle=1380 valid=1 ready=1 last=1 pc=0000ccfc
CALIPTRA_AXI WSTATE cycle=1381 valid=0 ready=0 last=0 pc=0000ccfc
CALIPTRA_AXI B count=1 cycle=1382 pc=0000ccfc
CALIPTRA_TRACE cycle=1400 retired=510 pc=0000cc0c insn=000006b1 ready_mb=0 reset_n=1 fatal=0 axi_ar=0 axi_aw=1 axi_w=2 axi_b=1 axi_r=0
CALIPTRA_TRACE cycle=1500 retired=533 pc=000003de insn=00b82023 ready_mb=0 reset_n=1 fatal=0 axi_ar=0 axi_aw=1 axi_w=2 axi_b=1 axi_r=0
CALIPTRA_TRACE cycle=1600 retired=583 pc=000003f0 insn=fee792e3 ready_mb=0 reset_n=1 fatal=0 axi_ar=0 axi_aw=1 axi_w=2 axi_b=1 axi_r=0
CALIPTRA_TRACE cycle=1700 retired=626 pc=00000414 insn=02c030ef ready_mb=0 reset_n=1 fatal=0 axi_ar=0 axi_aw=1 axi_w=2 axi_b=1 axi_r=0
CALIPTRA_TRACE cycle=1800 retired=688 pc=00003504 insn=080bc683 ready_mb=0 reset_n=1 fatal=0 axi_ar=0 axi_aw=1 axi_w=2 axi_b=1 axi_r=0
CALIPTRA_TRACE cycle=1900 retired=736 pc=000035ae insn=faf42223 ready_mb=0 reset_n=1 fatal=0 axi_ar=0 axi_aw=1 axi_w=2 axi_b=1 axi_r=0
CALIPTRA_TRACE cycle=2000 retired=777 pc=00003616 insn=0000875e ready_mb=0 reset_n=1 fatal=0 axi_ar=0 axi_aw=1 axi_w=2 axi_b=1 axi_r=0
CALIPTRA_TRACE cycle=2100 retired=826 pc=00003626 insn=feb799e3 ready_mb=0 reset_n=1 fatal=0 axi_ar=0 axi_aw=1 axi_w=2 axi_b=1 axi_r=0
CALIPTRA_TRACE cycle=2200 retired=852 pc=0000363a insn=6ad7eb63 ready_mb=0 reset_n=1 fatal=0 axi_ar=0 axi_aw=1 axi_w=2 axi_b=1 axi_r=0
CALIPTRA_TRACE cycle=2300 retired=897 pc=00003e76 insn=0000dfed ready_mb=0 reset_n=1 fatal=0 axi_ar=0 axi_aw=1 axi_w=2 axi_b=1 axi_r=0
CALIPTRA_TRACE cycle=2400 retired=916 pc=00003e70 insn=000b2783 ready_mb=0 reset_n=1 fatal=0 axi_ar=0 axi_aw=1 axi_w=2 axi_b=1 axi_r=0
CALIPTRA_TRACE cycle=2500 retired=951 pc=00003eba insn=073df863 ready_mb=0 reset_n=1 fatal=0 axi_ar=0 axi_aw=1 axi_w=2 axi_b=1 axi_r=0
CALIPTRA_TRACE cycle=2600 retired=991 pc=00003e74 insn=00008b85 ready_mb=0 reset_n=1 fatal=0 axi_ar=0 axi_aw=1 axi_w=2 axi_b=1 axi_r=0
CALIPTRA_TRACE cycle=2700 retired=1021 pc=00003eb8 insn=00004b85 ready_mb=0 reset_n=1 fatal=0 axi_ar=0 axi_aw=1 axi_w=2 axi_b=1 axi_r=0
CALIPTRA_TRACE cycle=2800 retired=1055 pc=00003ed0 insn=00000d85 ready_mb=0 reset_n=1 fatal=0 axi_ar=0 axi_aw=1 axi_w=2 axi_b=1 axi_r=0
CALIPTRA_TRACE cycle=2900 retired=1102 pc=000041b0 insn=466090ef ready_mb=0 reset_n=1 fatal=0 axi_ar=0 axi_aw=1 axi_w=2 axi_b=1 axi_r=0
CALIPTRA_AXI AR count=1 addr=000000000000000100100011010001000000000000000000 cycle=2973 pc=0000d68c
CALIPTRA_AXI R count=1 cycle=2975 pc=0000d488
CALIPTRA_AXI R count=2 cycle=2977 pc=0000d48e
CALIPTRA_TRACE cycle=3000 retired=1151 pc=0000d4a6 insn=fec70de3 ready_mb=0 reset_n=1 fatal=0 axi_ar=1 axi_aw=1 axi_w=2 axi_b=1 axi_r=2
CALIPTRA_AXI AW count=2 addr=000000000000000100100011010001100000000000000000 cycle=3063 pc=0000d4a0
CALIPTRA_AXI W count=3 cycle=3064 pc=0000d4a0
CALIPTRA_AXI WSTATE cycle=3064 valid=1 ready=1 last=0 pc=0000d4a0
CALIPTRA_AXI W count=4 cycle=3065 pc=0000d4a0
CALIPTRA_AXI WSTATE cycle=3065 valid=1 ready=1 last=1 pc=0000d4a0
CALIPTRA_AXI WSTATE cycle=3066 valid=0 ready=0 last=0 pc=0000d4a2
CALIPTRA_AXI B count=2 cycle=3067 pc=0000d4a6
CALIPTRA_TRACE cycle=3100 retired=1172 pc=0000d4d8 insn=0000d5fd ready_mb=0 reset_n=1 fatal=0 axi_ar=1 axi_aw=2 axi_w=4 axi_b=2 axi_r=2
CALIPTRA_TRACE cycle=3200 retired=1198 pc=0000cd36 insn=0000c601 ready_mb=0 reset_n=1 fatal=0 axi_ar=1 axi_aw=2 axi_w=4 axi_b=2 axi_r=2
CALIPTRA_AXI AR count=2 addr=000000000000000100100011010001100000000000000000 cycle=3212 pc=0000cd4a
CALIPTRA_AXI R count=3 cycle=3214 pc=0000cd50
CALIPTRA_AXI R count=4 cycle=3216 pc=0000cd56
CALIPTRA_TRACE cycle=3300 retired=1233 pc=0000cc14 insn=00e61763 ready_mb=0 reset_n=1 fatal=0 axi_ar=2 axi_aw=2 axi_w=4 axi_b=2 axi_r=4
CALIPTRA_TRACE cycle=3400 retired=1256 pc=000042e8 insn=00e68463 ready_mb=0 reset_n=1 fatal=0 axi_ar=2 axi_aw=2 axi_w=4 axi_b=2 axi_r=4
CALIPTRA_TRACE cycle=3500 retired=1293 pc=00003ff8 insn=02fa9563 ready_mb=0 reset_n=1 fatal=0 axi_ar=2 axi_aw=2 axi_w=4 axi_b=2 axi_r=4
CALIPTRA_TRACE cycle=3600 retired=1330 pc=0000409c insn=0000431c ready_mb=0 reset_n=1 fatal=0 axi_ar=2 axi_aw=2 axi_w=4 axi_b=2 axi_r=4
CALIPTRA_TRACE cycle=3700 retired=1381 pc=0000411e insn=8a4d2683 ready_mb=0 reset_n=1 fatal=0 axi_ar=2 axi_aw=2 axi_w=4 axi_b=2 axi_r=4
CALIPTRA_TRACE cycle=3800 retired=1410 pc=00004138 insn=0000b2d5 ready_mb=0 reset_n=1 fatal=0 axi_ar=2 axi_aw=2 axi_w=4 axi_b=2 axi_r=4
CALIPTRA_TRACE cycle=3900 retired=1454 pc=0000078a insn=00f4fb63 ready_mb=0 reset_n=1 fatal=0 axi_ar=2 axi_aw=2 axi_w=4 axi_b=2 axi_r=4
* TESTCASE PASSED

Finished : minstret = 1460, mcycle = 3799
See "exec.log" for execution trace with register updates..

/private/tmp/qd-bfm-checkpoint.H2Ij8x/caliptra-top-axi-wstate-case2-20261008/caliptra_top_tb_services_icarus.sv:2445: $finish called at 39380000 (1ps)
CALIPTRA_TRACE_END cycles=3938 retired=1461 pc=0000304a insn=00008082 axi_ar=2 axi_aw=2 axi_w=4 axi_b=2 axi_r=4
