CALIPTRA_RESET_TRACE_BOUND
CALIPTRA_TRACE_BOUND
jtag0: Failed to bind socket: Operation not permitted (1)
jtag0: Unable to create TCP server on port 0
w =  1 n =  1
STRAP_SS_KEY_RELEASE_KEY_SIZE set to default value 0x0040
STRAP_SS_KEY_RELEASE_BASE_ADDR set to default value 0x0000000123440000

JTAG: Virtual JTAG interface jtag0 is listening on port 0. Use
OpenOCD and the following configuration to connect:
  interface remote_bitbang
  remote_bitbang_host localhost
  remote_bitbang_port 0
INFO: /private/tmp/qd-bfm-checkpoint.H2Ij8x/caliptra-top-axi-wstate-case7-20261008/caliptra_top_tb_services_icarus.sv:121: No argument provided for CLP_MAX_CYCLES, defaulting to    20000000
      Time: 0  Scope: caliptra_top_tb.tb_services_i
DCCM pre-load from 50000000 to 5003ffff
DCCM pre-load completed
ICCM pre-load from 40000000 to 4003ffff
ICCM pre-load completed
MBOX pre-load from 00000000 to 000000000000000000010000
MBOX pre-load completed
WARNING: /Users/danielellerbrock/projects/iverilog_uvm/caliptra-rtl/src/entropy_src/rtl/entropy_src_reg_top.sv:3825: value is unhandled for priority or unique case statement
         Time: 0  Scope: caliptra_top_tb.caliptra_top_dut.entropy_src.u_reg
WARNING: /Users/danielellerbrock/projects/iverilog_uvm/caliptra-rtl/src/entropy_src/rtl/entropy_src_reg_top.sv:3825: value is unhandled for priority or unique case statement
         Time: 0  Scope: caliptra_top_tb.caliptra_top_dut.entropy_src.u_reg
WARNING: /Users/danielellerbrock/projects/iverilog_uvm/caliptra-rtl/src/csrng/rtl/csrng_reg_top.sv:2386: value is unhandled for priority or unique case statement
         Time: 0  Scope: caliptra_top_tb.caliptra_top_dut.csrng.u_reg







WARNING: /Users/danielellerbrock/projects/iverilog_uvm/caliptra-rtl/src/entropy_src/rtl/entropy_src_reg_top.sv:3825: value is unhandled for priority or unique case statement
         Time: 0  Scope: caliptra_top_tb.caliptra_top_dut.entropy_src.u_reg
WARNING: /Users/danielellerbrock/projects/iverilog_uvm/caliptra-rtl/src/csrng/rtl/csrng_reg_top.sv:2386: value is unhandled for priority or unique case statement
         Time: 0  Scope: caliptra_top_tb.caliptra_top_dut.csrng.u_reg
WARNING: /Users/danielellerbrock/projects/iverilog_uvm/caliptra-rtl/src/entropy_src/rtl/entropy_src_reg_top.sv:3825: value is unhandled for priority or unique case statement
         Time: 0  Scope: caliptra_top_tb.caliptra_top_dut.entropy_src.u_reg
WARNING: /Users/danielellerbrock/projects/iverilog_uvm/caliptra-rtl/src/csrng/rtl/csrng_reg_top.sv:2386: value is unhandled for priority or unique case statement
         Time: 0  Scope: caliptra_top_tb.caliptra_top_dut.csrng.u_reg
WARNING: /Users/danielellerbrock/projects/iverilog_uvm/caliptra-rtl/src/csrng/rtl/csrng_reg_top.sv:2386: value is unhandled for priority or unique case statement
         Time: 0  Scope: caliptra_top_tb.caliptra_top_dut.csrng.u_reg
WARNING: /Users/danielellerbrock/projects/iverilog_uvm/caliptra-rtl/src/entropy_src/rtl/entropy_src_reg_top.sv:3825: value is unhandled for priority or unique case statement
         Time: 0  Scope: caliptra_top_tb.caliptra_top_dut.entropy_src.u_reg
CALIPTRA_AXI WSTATE cycle=1 valid=0 ready=0 last=0 pc=00000000
CLP: Waiting for cptra_rst_b deassertion

SoC: Asserting cptra_pwrgood and breakpoint. cycleCnt [         15] deassert_hard_rst_flag[0]

SoC: De-Asserting cptra_rst_b. cycleCnt [         20] deassert_rst_flag[0]

CLP: Observed cptra_rst_b deassertion

CALIPTRA_RESET_EDGE state=deassert cycle=21 pending=0 wait=0 start=0
CLP: Ready for fuse download

SoC: Writing obfuscated UDS to fuse bank

SoC: Writing obfuscated Field Entropy to fuse bank

CALIPTRA_TRACE cycle=100 retired=0 pc=00000000 insn=00000000 ready_mb=0 reset_n=1 fatal=0 axi_ar=0 axi_aw=0 axi_w=0 axi_b=0 axi_r=0
SoC: Writing obfuscated HEK seed to fuse bank

SoC: Writing SOC Stepping ID to fuse bank

SoC: Writing fuse done register

SoC: Polling Flow Status...
  >>> SoC: Ready for Fuses deasserted after polling           1 times

SoC: Writing BootGo register

CLP: ROM Flow in progress...

CALIPTRA_TRACE cycle=200 retired=7 pc=00000016 insn=0000100f ready_mb=0 reset_n=1 fatal=0 axi_ar=0 axi_aw=0 axi_w=0 axi_b=0 axi_r=0
CALIPTRA_TRACE cycle=300 retired=46 pc=0000075e insn=00004489 ready_mb=0 reset_n=1 fatal=0 axi_ar=0 axi_aw=0 axi_w=0 axi_b=0 axi_r=0
CALIPTRA_TRACE cycle=400 retired=87 pc=0000e4fc insn=0000872a ready_mb=0 reset_n=1 fatal=0 axi_ar=0 axi_aw=0 axi_w=0 axi_b=0 axi_r=0
CALIPTRA_TRACE cycle=500 retired=129 pc=0000e512 insn=0000c30c ready_mb=0 reset_n=1 fatal=0 axi_ar=0 axi_aw=0 axi_w=0 axi_b=0 axi_r=0
CALIPTRA_TRACE cycle=600 retired=169 pc=0000e594 insn=00008096 ready_mb=0 reset_n=1 fatal=0 axi_ar=0 axi_aw=0 axi_w=0 axi_b=0 axi_r=0
CALIPTRA_TRACE cycle=700 retired=219 pc=00000458 insn=0000bd21 ready_mb=0 reset_n=1 fatal=0 axi_ar=0 axi_aw=0 axi_w=0 axi_b=0 axi_r=0
CALIPTRA_TRACE cycle=800 retired=268 pc=0000342a insn=fef616e3 ready_mb=0 reset_n=1 fatal=0 axi_ar=0 axi_aw=0 axi_w=0 axi_b=0 axi_r=0
CALIPTRA_TRACE cycle=900 retired=317 pc=0000341c insn=00a60963 ready_mb=0 reset_n=1 fatal=0 axi_ar=0 axi_aw=0 axi_w=0 axi_b=0 axi_r=0
CALIPTRA_TRACE cycle=1000 retired=361 pc=00000338 insn=00000711 ready_mb=0 reset_n=1 fatal=0 axi_ar=0 axi_aw=0 axi_w=0 axi_b=0 axi_r=0
CALIPTRA_TRACE cycle=1100 retired=412 pc=0000033a insn=feb795e3 ready_mb=0 reset_n=1 fatal=0 axi_ar=0 axi_aw=0 axi_w=0 axi_b=0 axi_r=0
CALIPTRA_TRACE cycle=1200 retired=467 pc=00000360 insn=fec72e23 ready_mb=0 reset_n=1 fatal=0 axi_ar=0 axi_aw=0 axi_w=0 axi_b=0 axi_r=0
CALIPTRA_TRACE cycle=1300 retired=502 pc=0000cc80 insn=0008a803 ready_mb=0 reset_n=1 fatal=0 axi_ar=0 axi_aw=0 axi_w=0 axi_b=0 axi_r=0
CALIPTRA_TRACE cycle=1400 retired=542 pc=0000ccfc insn=fea697e3 ready_mb=0 reset_n=1 fatal=0 axi_ar=0 axi_aw=0 axi_w=0 axi_b=0 axi_r=0
CALIPTRA_TRACE cycle=1500 retired=571 pc=0000ccf4 insn=0000429c ready_mb=0 reset_n=1 fatal=0 axi_ar=0 axi_aw=0 axi_w=0 axi_b=0 axi_r=0
CALIPTRA_AXI AW count=1 addr=000000000000000100100011010001000000000000000000 cycle=1565 pc=0000ccfc
CALIPTRA_AXI W count=1 cycle=1566 pc=0000ccfc
CALIPTRA_AXI WSTATE cycle=1566 valid=1 ready=1 last=0 pc=0000ccfc
CALIPTRA_AXI W count=2 cycle=1567 pc=0000ccfc
CALIPTRA_AXI W count=3 cycle=1568 pc=0000ccfc
CALIPTRA_AXI W count=4 cycle=1569 pc=0000ccfc
CALIPTRA_AXI W count=5 cycle=1570 pc=0000cd00
CALIPTRA_AXI W count=6 cycle=1571 pc=0000cd02
CALIPTRA_AXI W count=7 cycle=1572 pc=0000cd02
CALIPTRA_AXI WSTATE cycle=1572 valid=1 ready=1 last=1 pc=0000cd02
CALIPTRA_AXI WSTATE cycle=1573 valid=0 ready=0 last=0 pc=0000cd02
CALIPTRA_AXI B count=1 cycle=1574 pc=0000cd02
CALIPTRA_TRACE cycle=1600 retired=599 pc=0000cc14 insn=00e61763 ready_mb=0 reset_n=1 fatal=0 axi_ar=0 axi_aw=1 axi_w=7 axi_b=1 axi_r=0
CALIPTRA_TRACE cycle=1700 retired=635 pc=000003f0 insn=fee792e3 ready_mb=0 reset_n=1 fatal=0 axi_ar=0 axi_aw=1 axi_w=7 axi_b=1 axi_r=0
CALIPTRA_TRACE cycle=1800 retired=679 pc=000003f0 insn=fee792e3 ready_mb=0 reset_n=1 fatal=0 axi_ar=0 axi_aw=1 axi_w=7 axi_b=1 axi_r=0
CALIPTRA_TRACE cycle=1900 retired=728 pc=00003460 insn=00008bb6 ready_mb=0 reset_n=1 fatal=0 axi_ar=0 axi_aw=1 axi_w=7 axi_b=1 axi_r=0
CALIPTRA_TRACE cycle=2000 retired=789 pc=0000353e insn=10011737 ready_mb=0 reset_n=1 fatal=0 axi_ar=0 axi_aw=1 axi_w=7 axi_b=1 axi_r=0
CALIPTRA_TRACE cycle=2100 retired=836 pc=000035e2 insn=f9c42703 ready_mb=0 reset_n=1 fatal=0 axi_ar=0 axi_aw=1 axi_w=7 axi_b=1 axi_r=0
CALIPTRA_TRACE cycle=2200 retired=874 pc=00003622 insn=00005310 ready_mb=0 reset_n=1 fatal=0 axi_ar=0 axi_aw=1 axi_w=7 axi_b=1 axi_r=0
CALIPTRA_TRACE cycle=2300 retired=921 pc=00003632 insn=00004398 ready_mb=0 reset_n=1 fatal=0 axi_ar=0 axi_aw=1 axi_w=7 axi_b=1 axi_r=0
CALIPTRA_TRACE cycle=2400 retired=950 pc=0000365e insn=7a079463 ready_mb=0 reset_n=1 fatal=0 axi_ar=0 axi_aw=1 axi_w=7 axi_b=1 axi_r=0
CALIPTRA_TRACE cycle=2500 retired=986 pc=00003e70 insn=000b2783 ready_mb=0 reset_n=1 fatal=0 axi_ar=0 axi_aw=1 axi_w=7 axi_b=1 axi_r=0
CALIPTRA_TRACE cycle=2600 retired=1009 pc=00003e7e insn=100117b7 ready_mb=0 reset_n=1 fatal=0 axi_ar=0 axi_aw=1 axi_w=7 axi_b=1 axi_r=0
CALIPTRA_TRACE cycle=2700 retired=1045 pc=00003eba insn=073df863 ready_mb=0 reset_n=1 fatal=0 axi_ar=0 axi_aw=1 axi_w=7 axi_b=1 axi_r=0
CALIPTRA_TRACE cycle=2800 retired=1081 pc=00003e70 insn=000b2783 ready_mb=0 reset_n=1 fatal=0 axi_ar=0 axi_aw=1 axi_w=7 axi_b=1 axi_r=0
CALIPTRA_TRACE cycle=2900 retired=1116 pc=00003eba insn=073df863 ready_mb=0 reset_n=1 fatal=0 axi_ar=0 axi_aw=1 axi_w=7 axi_b=1 axi_r=0
CALIPTRA_TRACE cycle=3000 retired=1154 pc=00003662 insn=f7042783 ready_mb=0 reset_n=1 fatal=0 axi_ar=0 axi_aw=1 axi_w=7 axi_b=1 axi_r=0
CALIPTRA_TRACE cycle=3100 retired=1199 pc=0000d640 insn=00b32c23 ready_mb=0 reset_n=1 fatal=0 axi_ar=0 axi_aw=1 axi_w=7 axi_b=1 axi_r=0
CALIPTRA_AXI AR count=1 addr=000000000000000100100011010001000000000000000000 cycle=3138 pc=0000d68c
CALIPTRA_AXI R count=1 cycle=3140 pc=0000d488
CALIPTRA_AXI R count=2 cycle=3142 pc=0000d48e
CALIPTRA_AXI R count=3 cycle=3144 pc=0000d492
CALIPTRA_AXI R count=4 cycle=3146 pc=0000d492
CALIPTRA_AXI R count=5 cycle=3148 pc=0000d494
CALIPTRA_AXI R count=6 cycle=3150 pc=0000d49a
CALIPTRA_AXI R count=7 cycle=3152 pc=0000d49c
CALIPTRA_TRACE cycle=3200 retired=1243 pc=0000d4a0 insn=0000429c ready_mb=0 reset_n=1 fatal=0 axi_ar=1 axi_aw=1 axi_w=7 axi_b=1 axi_r=7
CALIPTRA_AXI AW count=2 addr=000000000000000100100011010001100000000000000000 cycle=3280 pc=0000d4a0
CALIPTRA_AXI W count=8 cycle=3281 pc=0000d4a0
CALIPTRA_AXI WSTATE cycle=3281 valid=1 ready=1 last=0 pc=0000d4a0
CALIPTRA_AXI W count=9 cycle=3282 pc=0000d4a0
CALIPTRA_AXI W count=10 cycle=3283 pc=0000d4a0
CALIPTRA_AXI W count=11 cycle=3284 pc=0000d4a0
CALIPTRA_AXI WSTATE cycle=3284 valid=1 ready=1 last=1 pc=0000d4a0
CALIPTRA_AXI WSTATE cycle=3285 valid=0 ready=0 last=0 pc=0000d4a0
CALIPTRA_AXI B count=2 cycle=3286 pc=0000d4a0
CALIPTRA_TRACE cycle=3300 retired=1264 pc=0000d4a0 insn=0000429c ready_mb=0 reset_n=1 fatal=0 axi_ar=1 axi_aw=2 axi_w=11 axi_b=2 axi_r=7
CALIPTRA_AXI AW count=3 addr=000000000000000100100011010001100000000000010000 cycle=3349 pc=0000d4a6
CALIPTRA_AXI W count=12 cycle=3350 pc=0000d4a0
CALIPTRA_AXI WSTATE cycle=3350 valid=1 ready=1 last=0 pc=0000d4a0
CALIPTRA_AXI W count=13 cycle=3351 pc=0000d4a0
CALIPTRA_AXI W count=14 cycle=3352 pc=0000d4a0
CALIPTRA_AXI WSTATE cycle=3352 valid=1 ready=1 last=1 pc=0000d4a0
CALIPTRA_AXI WSTATE cycle=3353 valid=0 ready=0 last=0 pc=0000d4a0
CALIPTRA_AXI B count=3 cycle=3354 pc=0000d4a0
CALIPTRA_TRACE cycle=3400 retired=1284 pc=0000d4d8 insn=0000d5fd ready_mb=0 reset_n=1 fatal=0 axi_ar=1 axi_aw=3 axi_w=14 axi_b=3 axi_r=7
CALIPTRA_TRACE cycle=3500 retired=1313 pc=0000cd44 insn=000041dc ready_mb=0 reset_n=1 fatal=0 axi_ar=1 axi_aw=3 axi_w=14 axi_b=3 axi_r=7
CALIPTRA_AXI AR count=2 addr=000000000000000100100011010001100000000000000000 cycle=3503 pc=0000cd4a
CALIPTRA_AXI R count=8 cycle=3505 pc=0000cd50
CALIPTRA_AXI R count=9 cycle=3507 pc=0000cd56
CALIPTRA_AXI R count=10 cycle=3509 pc=0000cd5a
CALIPTRA_AXI R count=11 cycle=3511 pc=0000cd5a
CALIPTRA_AXI R count=12 cycle=3513 pc=0000cd5a
CALIPTRA_AXI R count=13 cycle=3515 pc=0000cd5c
CALIPTRA_AXI R count=14 cycle=3517 pc=0000cd62
CALIPTRA_TRACE cycle=3600 retired=1344 pc=0000cd6c insn=feb697e3 ready_mb=0 reset_n=1 fatal=0 axi_ar=2 axi_aw=3 axi_w=14 axi_b=3 axi_r=14
CALIPTRA_TRACE cycle=3700 retired=1369 pc=0000cd5a insn=0000431c ready_mb=0 reset_n=1 fatal=0 axi_ar=2 axi_aw=3 axi_w=14 axi_b=3 axi_r=14
CALIPTRA_TRACE cycle=3800 retired=1401 pc=00004200 insn=00004390 ready_mb=0 reset_n=1 fatal=0 axi_ar=2 axi_aw=3 axi_w=14 axi_b=3 axi_r=14
CALIPTRA_TRACE cycle=3900 retired=1428 pc=00004218 insn=0000b7f9 ready_mb=0 reset_n=1 fatal=0 axi_ar=2 axi_aw=3 axi_w=14 axi_b=3 axi_r=14
CALIPTRA_TRACE cycle=4000 retired=1454 pc=00004208 insn=00d60463 ready_mb=0 reset_n=1 fatal=0 axi_ar=2 axi_aw=3 axi_w=14 axi_b=3 axi_r=14
CALIPTRA_TRACE cycle=4100 retired=1481 pc=00003fb8 insn=01875893 ready_mb=0 reset_n=1 fatal=0 axi_ar=2 axi_aw=3 axi_w=14 axi_b=3 axi_r=14
CALIPTRA_TRACE cycle=4200 retired=1530 pc=0000409c insn=0000431c ready_mb=0 reset_n=1 fatal=0 axi_ar=2 axi_aw=3 axi_w=14 axi_b=3 axi_r=14
CALIPTRA_TRACE cycle=4300 retired=1569 pc=000040e2 insn=06498993 ready_mb=0 reset_n=1 fatal=0 axi_ar=2 axi_aw=3 axi_w=14 axi_b=3 axi_r=14
CALIPTRA_TRACE cycle=4400 retired=1609 pc=00004126 insn=fedbf0e3 ready_mb=0 reset_n=1 fatal=0 axi_ar=2 axi_aw=3 axi_w=14 axi_b=3 axi_r=14
CALIPTRA_TRACE cycle=4500 retired=1651 pc=0000043c insn=19c12b83 ready_mb=0 reset_n=1 fatal=0 axi_ar=2 axi_aw=3 axi_w=14 axi_b=3 axi_r=14
* TESTCASE PASSED

Finished : minstret = 1666, mcycle = 4430
See "exec.log" for execution trace with register updates..

/private/tmp/qd-bfm-checkpoint.H2Ij8x/caliptra-top-axi-wstate-case7-20261008/caliptra_top_tb_services_icarus.sv:2445: $finish called at 45690000 (1ps)
CALIPTRA_TRACE_END cycles=4569 retired=1667 pc=0000304a insn=00008082 axi_ar=2 axi_aw=3 axi_w=14 axi_b=3 axi_r=14
