CALIPTRA_RESET_TRACE_BOUND
CALIPTRA_TRACE_BOUND
jtag0: Failed to bind socket: Operation not permitted (1)
jtag0: Unable to create TCP server on port 0
w =  1 n =  1
STRAP_SS_KEY_RELEASE_KEY_SIZE set to default value 0x0040
STRAP_SS_KEY_RELEASE_BASE_ADDR set to default value 0x0000000123440000

JTAG: Virtual JTAG interface jtag0 is listening on port 0. Use
OpenOCD and the following configuration to connect:
  interface remote_bitbang
  remote_bitbang_host localhost
  remote_bitbang_port 0
INFO: /private/tmp/qd-bfm-checkpoint.H2Ij8x/caliptra-top-axi-wstate-case10-20261008/caliptra_top_tb_services_icarus.sv:121: No argument provided for CLP_MAX_CYCLES, defaulting to    20000000
      Time: 0  Scope: caliptra_top_tb.tb_services_i
DCCM pre-load from 50000000 to 5003ffff
DCCM pre-load completed
ICCM pre-load from 40000000 to 4003ffff
ICCM pre-load completed
MBOX pre-load from 00000000 to 000000000000000000010000
MBOX pre-load completed
WARNING: /Users/danielellerbrock/projects/iverilog_uvm/caliptra-rtl/src/entropy_src/rtl/entropy_src_reg_top.sv:3825: value is unhandled for priority or unique case statement
         Time: 0  Scope: caliptra_top_tb.caliptra_top_dut.entropy_src.u_reg
WARNING: /Users/danielellerbrock/projects/iverilog_uvm/caliptra-rtl/src/entropy_src/rtl/entropy_src_reg_top.sv:3825: value is unhandled for priority or unique case statement
         Time: 0  Scope: caliptra_top_tb.caliptra_top_dut.entropy_src.u_reg
WARNING: /Users/danielellerbrock/projects/iverilog_uvm/caliptra-rtl/src/csrng/rtl/csrng_reg_top.sv:2386: value is unhandled for priority or unique case statement
         Time: 0  Scope: caliptra_top_tb.caliptra_top_dut.csrng.u_reg







WARNING: /Users/danielellerbrock/projects/iverilog_uvm/caliptra-rtl/src/entropy_src/rtl/entropy_src_reg_top.sv:3825: value is unhandled for priority or unique case statement
         Time: 0  Scope: caliptra_top_tb.caliptra_top_dut.entropy_src.u_reg
WARNING: /Users/danielellerbrock/projects/iverilog_uvm/caliptra-rtl/src/csrng/rtl/csrng_reg_top.sv:2386: value is unhandled for priority or unique case statement
         Time: 0  Scope: caliptra_top_tb.caliptra_top_dut.csrng.u_reg
WARNING: /Users/danielellerbrock/projects/iverilog_uvm/caliptra-rtl/src/entropy_src/rtl/entropy_src_reg_top.sv:3825: value is unhandled for priority or unique case statement
         Time: 0  Scope: caliptra_top_tb.caliptra_top_dut.entropy_src.u_reg
WARNING: /Users/danielellerbrock/projects/iverilog_uvm/caliptra-rtl/src/csrng/rtl/csrng_reg_top.sv:2386: value is unhandled for priority or unique case statement
         Time: 0  Scope: caliptra_top_tb.caliptra_top_dut.csrng.u_reg
WARNING: /Users/danielellerbrock/projects/iverilog_uvm/caliptra-rtl/src/csrng/rtl/csrng_reg_top.sv:2386: value is unhandled for priority or unique case statement
         Time: 0  Scope: caliptra_top_tb.caliptra_top_dut.csrng.u_reg
WARNING: /Users/danielellerbrock/projects/iverilog_uvm/caliptra-rtl/src/entropy_src/rtl/entropy_src_reg_top.sv:3825: value is unhandled for priority or unique case statement
         Time: 0  Scope: caliptra_top_tb.caliptra_top_dut.entropy_src.u_reg
CALIPTRA_AXI WSTATE cycle=1 valid=0 ready=0 last=0 pc=00000000
CLP: Waiting for cptra_rst_b deassertion

SoC: Asserting cptra_pwrgood and breakpoint. cycleCnt [         15] deassert_hard_rst_flag[0]

SoC: De-Asserting cptra_rst_b. cycleCnt [         20] deassert_rst_flag[0]

CLP: Observed cptra_rst_b deassertion

CALIPTRA_RESET_EDGE state=deassert cycle=21 pending=0 wait=0 start=0
CLP: Ready for fuse download

SoC: Writing obfuscated UDS to fuse bank

SoC: Writing obfuscated Field Entropy to fuse bank

CALIPTRA_TRACE cycle=100 retired=0 pc=00000000 insn=00000000 ready_mb=0 reset_n=1 fatal=0 axi_ar=0 axi_aw=0 axi_w=0 axi_b=0 axi_r=0
SoC: Writing obfuscated HEK seed to fuse bank

SoC: Writing SOC Stepping ID to fuse bank

SoC: Writing fuse done register

SoC: Polling Flow Status...
  >>> SoC: Ready for Fuses deasserted after polling           1 times

SoC: Writing BootGo register

CLP: ROM Flow in progress...

CALIPTRA_TRACE cycle=200 retired=7 pc=00000016 insn=0000100f ready_mb=0 reset_n=1 fatal=0 axi_ar=0 axi_aw=0 axi_w=0 axi_b=0 axi_r=0
CALIPTRA_TRACE cycle=300 retired=46 pc=0000075e insn=00004489 ready_mb=0 reset_n=1 fatal=0 axi_ar=0 axi_aw=0 axi_w=0 axi_b=0 axi_r=0
CALIPTRA_TRACE cycle=400 retired=86 pc=0000e4fe insn=0000433d ready_mb=0 reset_n=1 fatal=0 axi_ar=0 axi_aw=0 axi_w=0 axi_b=0 axi_r=0
CALIPTRA_TRACE cycle=500 retired=128 pc=0000e520 insn=fed76be3 ready_mb=0 reset_n=1 fatal=0 axi_ar=0 axi_aw=0 axi_w=0 axi_b=0 axi_r=0
CALIPTRA_TRACE cycle=600 retired=168 pc=0000e574 insn=00008082 ready_mb=0 reset_n=1 fatal=0 axi_ar=0 axi_aw=0 axi_w=0 axi_b=0 axi_r=0
CALIPTRA_TRACE cycle=700 retired=217 pc=0000025c insn=1f27fc63 ready_mb=0 reset_n=1 fatal=0 axi_ar=0 axi_aw=0 axi_w=0 axi_b=0 axi_r=0
CALIPTRA_TRACE cycle=800 retired=267 pc=0000342a insn=00450793 ready_mb=0 reset_n=1 fatal=0 axi_ar=0 axi_aw=0 axi_w=0 axi_b=0 axi_r=0
CALIPTRA_TRACE cycle=900 retired=316 pc=0000342a insn=00450793 ready_mb=0 reset_n=1 fatal=0 axi_ar=0 axi_aw=0 axi_w=0 axi_b=0 axi_r=0
CALIPTRA_TRACE cycle=1000 retired=356 pc=000002d0 insn=002d1713 ready_mb=0 reset_n=1 fatal=0 axi_ar=0 axi_aw=0 axi_w=0 axi_b=0 axi_r=0
CALIPTRA_TRACE cycle=1100 retired=407 pc=00000338 insn=00000711 ready_mb=0 reset_n=1 fatal=0 axi_ar=0 axi_aw=0 axi_w=0 axi_b=0 axi_r=0
CALIPTRA_TRACE cycle=1200 retired=458 pc=0000033a insn=feb795e3 ready_mb=0 reset_n=1 fatal=0 axi_ar=0 axi_aw=0 axi_w=0 axi_b=0 axi_r=0
CALIPTRA_TRACE cycle=1300 retired=503 pc=0000035e insn=00000741 ready_mb=0 reset_n=1 fatal=0 axi_ar=0 axi_aw=0 axi_w=0 axi_b=0 axi_r=0
CALIPTRA_TRACE cycle=1400 retired=531 pc=0000cc90 insn=300228b7 ready_mb=0 reset_n=1 fatal=0 axi_ar=0 axi_aw=0 axi_w=0 axi_b=0 axi_r=0
CALIPTRA_TRACE cycle=1500 retired=568 pc=0000cd00 insn=fea697e3 ready_mb=0 reset_n=1 fatal=0 axi_ar=0 axi_aw=0 axi_w=0 axi_b=0 axi_r=0
CALIPTRA_TRACE cycle=1600 retired=591 pc=0000ccfc insn=00f82023 ready_mb=0 reset_n=1 fatal=0 axi_ar=0 axi_aw=0 axi_w=0 axi_b=0 axi_r=0
CALIPTRA_TRACE cycle=1700 retired=609 pc=0000ccee insn=0000431c ready_mb=0 reset_n=1 fatal=0 axi_ar=0 axi_aw=0 axi_w=0 axi_b=0 axi_r=0
CALIPTRA_TRACE cycle=1800 retired=631 pc=0000ccfc insn=00f82023 ready_mb=0 reset_n=1 fatal=0 axi_ar=0 axi_aw=0 axi_w=0 axi_b=0 axi_r=0
CALIPTRA_AXI AW count=1 addr=000000000000000100100011010001000000000000000000 cycle=1833 pc=0000ccfc
CALIPTRA_AXI W count=1 cycle=1834 pc=0000ccfc
CALIPTRA_AXI WSTATE cycle=1834 valid=1 ready=1 last=0 pc=0000ccfc
CALIPTRA_AXI W count=2 cycle=1835 pc=0000ccfc
CALIPTRA_AXI W count=3 cycle=1836 pc=0000ccfc
CALIPTRA_AXI W count=4 cycle=1837 pc=0000ccfc
CALIPTRA_AXI W count=5 cycle=1838 pc=0000ccfc
CALIPTRA_AXI W count=6 cycle=1839 pc=0000cd00
CALIPTRA_AXI W count=7 cycle=1840 pc=0000cd04
CALIPTRA_AXI W count=8 cycle=1841 pc=0000cd06
CALIPTRA_AXI W count=9 cycle=1842 pc=0000cd06
CALIPTRA_AXI W count=10 cycle=1843 pc=0000cd06
CALIPTRA_AXI WSTATE cycle=1843 valid=1 ready=1 last=1 pc=0000cd06
CALIPTRA_AXI WSTATE cycle=1844 valid=0 ready=0 last=0 pc=0000cd06
CALIPTRA_AXI B count=1 cycle=1845 pc=0000cd06
CALIPTRA_TRACE cycle=1900 retired=652 pc=0000cc5e insn=0000c591 ready_mb=0 reset_n=1 fatal=0 axi_ar=0 axi_aw=1 axi_w=10 axi_b=1 axi_r=0
CALIPTRA_TRACE cycle=2000 retired=697 pc=000003f0 insn=fee792e3 ready_mb=0 reset_n=1 fatal=0 axi_ar=0 axi_aw=1 axi_w=10 axi_b=1 axi_r=0
CALIPTRA_TRACE cycle=2100 retired=736 pc=000003e2 insn=00c82223 ready_mb=0 reset_n=1 fatal=0 axi_ar=0 axi_aw=1 axi_w=10 axi_b=1 axi_r=0
CALIPTRA_TRACE cycle=2200 retired=788 pc=0000347c insn=f6d42023 ready_mb=0 reset_n=1 fatal=0 axi_ar=0 axi_aw=1 axi_w=10 axi_b=1 axi_r=0
CALIPTRA_TRACE cycle=2300 retired=848 pc=0000355a insn=78ea8463 ready_mb=0 reset_n=1 fatal=0 axi_ar=0 axi_aw=1 axi_w=10 axi_b=1 axi_r=0
CALIPTRA_TRACE cycle=2400 retired=892 pc=00003930 insn=0000431c ready_mb=0 reset_n=1 fatal=0 axi_ar=0 axi_aw=1 axi_w=10 axi_b=1 axi_r=0
CALIPTRA_TRACE cycle=2500 retired=934 pc=0000362a insn=feb799e3 ready_mb=0 reset_n=1 fatal=0 axi_ar=0 axi_aw=1 axi_w=10 axi_b=1 axi_r=0
CALIPTRA_TRACE cycle=2600 retired=975 pc=00003636 insn=00004398 ready_mb=0 reset_n=1 fatal=0 axi_ar=0 axi_aw=1 axi_w=10 axi_b=1 axi_r=0
CALIPTRA_TRACE cycle=2700 retired=1013 pc=00003e36 insn=000045c1 ready_mb=0 reset_n=1 fatal=0 axi_ar=0 axi_aw=1 axi_w=10 axi_b=1 axi_r=0
CALIPTRA_TRACE cycle=2800 retired=1042 pc=00003e7a insn=0000dfed ready_mb=0 reset_n=1 fatal=0 axi_ar=0 axi_aw=1 axi_w=10 axi_b=1 axi_r=0
CALIPTRA_TRACE cycle=2900 retired=1060 pc=00003e8e insn=000b2783 ready_mb=0 reset_n=1 fatal=0 axi_ar=0 axi_aw=1 axi_w=10 axi_b=1 axi_r=0
CALIPTRA_TRACE cycle=3000 retired=1101 pc=00003ed8 insn=ff9913e3 ready_mb=0 reset_n=1 fatal=0 axi_ar=0 axi_aw=1 axi_w=10 axi_b=1 axi_r=0
CALIPTRA_TRACE cycle=3100 retired=1129 pc=00003e74 insn=000b2783 ready_mb=0 reset_n=1 fatal=0 axi_ar=0 axi_aw=1 axi_w=10 axi_b=1 axi_r=0
CALIPTRA_TRACE cycle=3200 retired=1169 pc=00003ed8 insn=ff9913e3 ready_mb=0 reset_n=1 fatal=0 axi_ar=0 axi_aw=1 axi_w=10 axi_b=1 axi_r=0
CALIPTRA_TRACE cycle=3300 retired=1213 pc=00003da2 insn=3d779f63 ready_mb=0 reset_n=1 fatal=0 axi_ar=0 axi_aw=1 axi_w=10 axi_b=1 axi_r=0
CALIPTRA_TRACE cycle=3400 retired=1262 pc=0000d680 insn=00008fd1 ready_mb=0 reset_n=1 fatal=0 axi_ar=0 axi_aw=1 axi_w=10 axi_b=1 axi_r=0
CALIPTRA_AXI AR count=1 addr=000000000000000100100011010001000000000000000000 cycle=3412 pc=0000d690
CALIPTRA_AXI R count=1 cycle=3414 pc=0000d48c
CALIPTRA_AXI R count=2 cycle=3416 pc=0000d492
CALIPTRA_AXI R count=3 cycle=3418 pc=0000d496
CALIPTRA_AXI R count=4 cycle=3420 pc=0000d496
CALIPTRA_AXI R count=5 cycle=3422 pc=0000d498
CALIPTRA_AXI R count=6 cycle=3424 pc=0000d49e
CALIPTRA_AXI R count=7 cycle=3426 pc=0000d4a0
CALIPTRA_AXI R count=8 cycle=3428 pc=0000d4a4
CALIPTRA_AXI R count=9 cycle=3430 pc=0000d4a4
CALIPTRA_AXI R count=10 cycle=3432 pc=0000d4a4
CALIPTRA_TRACE cycle=3500 retired=1294 pc=0000d4a4 insn=0000429c ready_mb=0 reset_n=1 fatal=0 axi_ar=1 axi_aw=1 axi_w=10 axi_b=1 axi_r=10
CALIPTRA_AXI AW count=2 addr=000000000000000100100011010001100000000000000000 cycle=3506 pc=0000d4aa
CALIPTRA_AXI W count=11 cycle=3507 pc=0000d4aa
CALIPTRA_AXI WSTATE cycle=3507 valid=1 ready=1 last=0 pc=0000d4aa
CALIPTRA_AXI W count=12 cycle=3508 pc=0000d4aa
CALIPTRA_AXI W count=13 cycle=3509 pc=0000d4aa
CALIPTRA_AXI W count=14 cycle=3510 pc=0000d4aa
CALIPTRA_AXI WSTATE cycle=3510 valid=1 ready=1 last=1 pc=0000d4aa
CALIPTRA_AXI WSTATE cycle=3511 valid=0 ready=0 last=0 pc=0000d4aa
CALIPTRA_AXI B count=2 cycle=3512 pc=0000d4a4
CALIPTRA_TRACE cycle=3600 retired=1315 pc=0000d4a4 insn=0000429c ready_mb=0 reset_n=1 fatal=0 axi_ar=1 axi_aw=2 axi_w=14 axi_b=2 axi_r=10
CALIPTRA_AXI AW count=3 addr=000000000000000100100011010001100000000000010000 cycle=3626 pc=0000d4a4
CALIPTRA_AXI W count=15 cycle=3627 pc=0000d4a4
CALIPTRA_AXI WSTATE cycle=3627 valid=1 ready=1 last=0 pc=0000d4a4
CALIPTRA_AXI W count=16 cycle=3628 pc=0000d4a4
CALIPTRA_AXI W count=17 cycle=3629 pc=0000d4a4
CALIPTRA_AXI W count=18 cycle=3630 pc=0000d4a4
CALIPTRA_AXI WSTATE cycle=3630 valid=1 ready=1 last=1 pc=0000d4a4
CALIPTRA_AXI WSTATE cycle=3631 valid=0 ready=0 last=0 pc=0000d4a6
CALIPTRA_AXI B count=3 cycle=3632 pc=0000d4aa
CALIPTRA_AXI AW count=4 addr=000000000000000100100011010001100000000000100000 cycle=3693 pc=0000d4aa
CALIPTRA_AXI W count=19 cycle=3694 pc=0000d4a4
CALIPTRA_AXI WSTATE cycle=3694 valid=1 ready=1 last=0 pc=0000d4a4
CALIPTRA_AXI W count=20 cycle=3695 pc=0000d4a4
CALIPTRA_AXI WSTATE cycle=3695 valid=1 ready=1 last=1 pc=0000d4a4
CALIPTRA_AXI WSTATE cycle=3696 valid=0 ready=0 last=0 pc=0000d4a4
CALIPTRA_AXI B count=4 cycle=3697 pc=0000d4a4
CALIPTRA_TRACE cycle=3700 retired=1336 pc=0000d4a4 insn=0000429c ready_mb=0 reset_n=1 fatal=0 axi_ar=1 axi_aw=4 axi_w=20 axi_b=4 axi_r=10
CALIPTRA_TRACE cycle=3800 retired=1358 pc=0000cd0e insn=0008a803 ready_mb=0 reset_n=1 fatal=0 axi_ar=1 axi_aw=4 axi_w=20 axi_b=4 axi_r=10
CALIPTRA_AXI AR count=2 addr=000000000000000100100011010001100000000000000000 cycle=3833 pc=0000cd4e
CALIPTRA_AXI R count=11 cycle=3835 pc=0000cd54
CALIPTRA_AXI R count=12 cycle=3837 pc=0000cd5a
CALIPTRA_AXI R count=13 cycle=3839 pc=0000cd5a
CALIPTRA_AXI R count=14 cycle=3841 pc=0000cd5a
CALIPTRA_AXI R count=15 cycle=3843 pc=0000cd5e
CALIPTRA_AXI R count=16 cycle=3845 pc=0000cd5e
CALIPTRA_AXI R count=17 cycle=3847 pc=0000cd5e
CALIPTRA_AXI R count=18 cycle=3849 pc=0000cd5e
CALIPTRA_AXI R count=19 cycle=3851 pc=0000cd64
CALIPTRA_AXI R count=20 cycle=3853 pc=0000cd68
CALIPTRA_TRACE cycle=3900 retired=1397 pc=0000cd5e insn=0000431c ready_mb=0 reset_n=1 fatal=0 axi_ar=2 axi_aw=4 axi_w=20 axi_b=4 axi_r=20
CALIPTRA_TRACE cycle=4000 retired=1421 pc=0000cd5e insn=0000431c ready_mb=0 reset_n=1 fatal=0 axi_ar=2 axi_aw=4 axi_w=20 axi_b=4 axi_r=20
CALIPTRA_TRACE cycle=4100 retired=1452 pc=0000cd70 insn=feb697e3 ready_mb=0 reset_n=1 fatal=0 axi_ar=2 axi_aw=4 axi_w=20 axi_b=4 axi_r=20
CALIPTRA_TRACE cycle=4200 retired=1473 pc=0000cc6a insn=00008082 ready_mb=0 reset_n=1 fatal=0 axi_ar=2 axi_aw=4 axi_w=20 axi_b=4 axi_r=20
CALIPTRA_TRACE cycle=4300 retired=1503 pc=000042e4 insn=00004394 ready_mb=0 reset_n=1 fatal=0 axi_ar=2 axi_aw=4 axi_w=20 axi_b=4 axi_r=20
CALIPTRA_TRACE cycle=4400 retired=1530 pc=000042f8 insn=ff9496e3 ready_mb=0 reset_n=1 fatal=0 axi_ar=2 axi_aw=4 axi_w=20 axi_b=4 axi_r=20
CALIPTRA_TRACE cycle=4500 retired=1552 pc=000042fc insn=805ff06f ready_mb=0 reset_n=1 fatal=0 axi_ar=2 axi_aw=4 axi_w=20 axi_b=4 axi_r=20
CALIPTRA_TRACE cycle=4600 retired=1598 pc=0000404e insn=010767b3 ready_mb=0 reset_n=1 fatal=0 axi_ar=2 axi_aw=4 axi_w=20 axi_b=4 axi_r=20
CALIPTRA_TRACE cycle=4700 retired=1630 pc=000040b4 insn=fb040713 ready_mb=0 reset_n=1 fatal=0 axi_ar=2 axi_aw=4 axi_w=20 axi_b=4 axi_r=20
CALIPTRA_TRACE cycle=4800 retired=1675 pc=0000412a insn=fedbf0e3 ready_mb=0 reset_n=1 fatal=0 axi_ar=2 axi_aw=4 axi_w=20 axi_b=4 axi_r=20
CALIPTRA_TRACE cycle=4900 retired=1725 pc=00003b54 insn=08078793 ready_mb=0 reset_n=1 fatal=0 axi_ar=2 axi_aw=4 axi_w=20 axi_b=4 axi_r=20
* TESTCASE PASSED

Finished : minstret = 1752, mcycle = 4847
See "exec.log" for execution trace with register updates..

/private/tmp/qd-bfm-checkpoint.H2Ij8x/caliptra-top-axi-wstate-case10-20261008/caliptra_top_tb_services_icarus.sv:2445: $finish called at 49860000 (1ps)
CALIPTRA_TRACE_END cycles=4986 retired=1753 pc=0000304e insn=00008082 axi_ar=2 axi_aw=4 axi_w=20 axi_b=4 axi_r=20
