CALIPTRA_RESET_TRACE_BOUND
CALIPTRA_TRACE_BOUND
jtag0: Failed to bind socket: Operation not permitted (1)
jtag0: Unable to create TCP server on port 0
w =  1 n =  1
STRAP_SS_KEY_RELEASE_KEY_SIZE set to default value 0x0040
STRAP_SS_KEY_RELEASE_BASE_ADDR set to default value 0x0000000123440000

JTAG: Virtual JTAG interface jtag0 is listening on port 0. Use
OpenOCD and the following configuration to connect:
  interface remote_bitbang
  remote_bitbang_host localhost
  remote_bitbang_port 0
INFO: /private/tmp/qd-bfm-first-two-aes-xpack-20261008/caliptra_top_tb_services_icarus.sv:121: No argument provided for CLP_MAX_CYCLES, defaulting to    20000000
      Time: 0  Scope: caliptra_top_tb.tb_services_i
DCCM pre-load from 50000000 to 5003ffff
DCCM pre-load completed
ICCM pre-load from 40000000 to 4003ffff
ICCM pre-load completed
MBOX pre-load from 00000000 to 000000000000000000010000
MBOX pre-load completed
WARNING: /Users/danielellerbrock/projects/iverilog_uvm/caliptra-rtl/src/entropy_src/rtl/entropy_src_reg_top.sv:3825: value is unhandled for priority or unique case statement
         Time: 0  Scope: caliptra_top_tb.caliptra_top_dut.entropy_src.u_reg
WARNING: /Users/danielellerbrock/projects/iverilog_uvm/caliptra-rtl/src/entropy_src/rtl/entropy_src_reg_top.sv:3825: value is unhandled for priority or unique case statement
         Time: 0  Scope: caliptra_top_tb.caliptra_top_dut.entropy_src.u_reg
WARNING: /Users/danielellerbrock/projects/iverilog_uvm/caliptra-rtl/src/csrng/rtl/csrng_reg_top.sv:2386: value is unhandled for priority or unique case statement
         Time: 0  Scope: caliptra_top_tb.caliptra_top_dut.csrng.u_reg







WARNING: /Users/danielellerbrock/projects/iverilog_uvm/caliptra-rtl/src/entropy_src/rtl/entropy_src_reg_top.sv:3825: value is unhandled for priority or unique case statement
         Time: 0  Scope: caliptra_top_tb.caliptra_top_dut.entropy_src.u_reg
WARNING: /Users/danielellerbrock/projects/iverilog_uvm/caliptra-rtl/src/csrng/rtl/csrng_reg_top.sv:2386: value is unhandled for priority or unique case statement
         Time: 0  Scope: caliptra_top_tb.caliptra_top_dut.csrng.u_reg
WARNING: /Users/danielellerbrock/projects/iverilog_uvm/caliptra-rtl/src/entropy_src/rtl/entropy_src_reg_top.sv:3825: value is unhandled for priority or unique case statement
         Time: 0  Scope: caliptra_top_tb.caliptra_top_dut.entropy_src.u_reg
WARNING: /Users/danielellerbrock/projects/iverilog_uvm/caliptra-rtl/src/csrng/rtl/csrng_reg_top.sv:2386: value is unhandled for priority or unique case statement
         Time: 0  Scope: caliptra_top_tb.caliptra_top_dut.csrng.u_reg
WARNING: /Users/danielellerbrock/projects/iverilog_uvm/caliptra-rtl/src/csrng/rtl/csrng_reg_top.sv:2386: value is unhandled for priority or unique case statement
         Time: 0  Scope: caliptra_top_tb.caliptra_top_dut.csrng.u_reg
WARNING: /Users/danielellerbrock/projects/iverilog_uvm/caliptra-rtl/src/entropy_src/rtl/entropy_src_reg_top.sv:3825: value is unhandled for priority or unique case statement
         Time: 0  Scope: caliptra_top_tb.caliptra_top_dut.entropy_src.u_reg
CALIPTRA_AXI WSTATE cycle=1 valid=0 ready=0 last=0 pc=00000000
CLP: Waiting for cptra_rst_b deassertion

SoC: Asserting cptra_pwrgood and breakpoint. cycleCnt [         15] deassert_hard_rst_flag[0]

SoC: De-Asserting cptra_rst_b. cycleCnt [         20] deassert_rst_flag[0]

CLP: Observed cptra_rst_b deassertion

CALIPTRA_RESET_EDGE state=deassert cycle=21 pending=0 wait=0 start=0
CLP: Ready for fuse download

SoC: Writing obfuscated UDS to fuse bank

SoC: Writing obfuscated Field Entropy to fuse bank

CALIPTRA_TRACE cycle=100 retired=0 pc=00000000 insn=00000000 ready_mb=0 reset_n=1 fatal=0 axi_ar=0 axi_aw=0 axi_w=0 axi_b=0 axi_r=0
SoC: Writing obfuscated HEK seed to fuse bank

SoC: Writing SOC Stepping ID to fuse bank

SoC: Writing fuse done register

SoC: Polling Flow Status...
  >>> SoC: Ready for Fuses deasserted after polling           1 times

SoC: Writing BootGo register

CLP: ROM Flow in progress...

CALIPTRA_TRACE cycle=200 retired=7 pc=00000016 insn=0000100f ready_mb=0 reset_n=1 fatal=0 axi_ar=0 axi_aw=0 axi_w=0 axi_b=0 axi_r=0
CALIPTRA_TRACE cycle=300 retired=45 pc=0000075a insn=1bc7a583 ready_mb=0 reset_n=1 fatal=0 axi_ar=0 axi_aw=0 axi_w=0 axi_b=0 axi_r=0
CALIPTRA_TRACE cycle=400 retired=103 pc=000001fe insn=1b612023 ready_mb=0 reset_n=1 fatal=0 axi_ar=0 axi_aw=0 axi_w=0 axi_b=0 axi_r=0
CALIPTRA_TRACE cycle=500 retired=143 pc=0000e57e insn=0000c70c ready_mb=0 reset_n=1 fatal=0 axi_ar=0 axi_aw=0 axi_w=0 axi_b=0 axi_r=0
CALIPTRA_TRACE cycle=600 retired=173 pc=00000240 insn=50021a37 ready_mb=0 reset_n=1 fatal=0 axi_ar=0 axi_aw=0 axi_w=0 axi_b=0 axi_r=0
CALIPTRA_TRACE cycle=700 retired=212 pc=0000e580 insn=0000c74c ready_mb=0 reset_n=1 fatal=0 axi_ar=0 axi_aw=0 axi_w=0 axi_b=0 axi_r=0
CALIPTRA_TRACE cycle=800 retired=241 pc=0000e5d8 insn=00008082 ready_mb=0 reset_n=1 fatal=0 axi_ar=0 axi_aw=0 axi_w=0 axi_b=0 axi_r=0
CALIPTRA_TRACE cycle=900 retired=280 pc=0000347a insn=00f60e63 ready_mb=0 reset_n=1 fatal=0 axi_ar=0 axi_aw=0 axi_w=0 axi_b=0 axi_r=0
CALIPTRA_TRACE cycle=1000 retired=310 pc=000002dc insn=e4d42623 ready_mb=0 reset_n=1 fatal=0 axi_ar=0 axi_aw=0 axi_w=0 axi_b=0 axi_r=0
CALIPTRA_TRACE cycle=1100 retired=358 pc=0000033a insn=feb795e3 ready_mb=0 reset_n=1 fatal=0 axi_ar=0 axi_aw=0 axi_w=0 axi_b=0 axi_r=0
CALIPTRA_TRACE cycle=1200 retired=408 pc=0000033a insn=feb795e3 ready_mb=0 reset_n=1 fatal=0 axi_ar=0 axi_aw=0 axi_w=0 axi_b=0 axi_r=0
CALIPTRA_TRACE cycle=1300 retired=446 pc=0000034c insn=0007a803 ready_mb=0 reset_n=1 fatal=0 axi_ar=0 axi_aw=0 axi_w=0 axi_b=0 axi_r=0
CALIPTRA_TRACE cycle=1400 retired=483 pc=0000ccfc insn=00a8ae23 ready_mb=0 reset_n=1 fatal=0 axi_ar=0 axi_aw=0 axi_w=0 axi_b=0 axi_r=0
CALIPTRA_AXI AW count=1 addr=000000000000000100100011010001000000000000000000 cycle=1475 pc=0000cd6a
CALIPTRA_AXI W count=1 cycle=1476 pc=0000cd6a
CALIPTRA_AXI WSTATE cycle=1476 valid=1 ready=1 last=1 pc=0000cd6a
CALIPTRA_AXI WSTATE cycle=1477 valid=0 ready=0 last=0 pc=0000cd6a
CALIPTRA_AXI B count=1 cycle=1478 pc=0000cd6a
CALIPTRA_TRACE cycle=1500 retired=527 pc=0000cc7c insn=00e61763 ready_mb=0 reset_n=1 fatal=0 axi_ar=0 axi_aw=1 axi_w=1 axi_b=1 axi_r=0
CALIPTRA_TRACE cycle=1600 retired=554 pc=000003d4 insn=00004794 ready_mb=0 reset_n=1 fatal=0 axi_ar=0 axi_aw=1 axi_w=1 axi_b=1 axi_r=0
CALIPTRA_TRACE cycle=1700 retired=608 pc=000003f0 insn=fee792e3 ready_mb=0 reset_n=1 fatal=0 axi_ar=0 axi_aw=1 axi_w=1 axi_b=1 axi_r=0
CALIPTRA_TRACE cycle=1800 retired=659 pc=000034ce insn=f6f42823 ready_mb=0 reset_n=1 fatal=0 axi_ar=0 axi_aw=1 axi_w=1 axi_b=1 axi_r=0
CALIPTRA_TRACE cycle=1900 retired=721 pc=000035b0 insn=00008b85 ready_mb=0 reset_n=1 fatal=0 axi_ar=0 axi_aw=1 axi_w=1 axi_b=1 axi_r=0
CALIPTRA_TRACE cycle=2000 retired=767 pc=00003652 insn=32f70d63 ready_mb=0 reset_n=1 fatal=0 axi_ar=0 axi_aw=1 axi_w=1 axi_b=1 axi_r=0
CALIPTRA_TRACE cycle=2100 retired=813 pc=00003680 insn=00004350 ready_mb=0 reset_n=1 fatal=0 axi_ar=0 axi_aw=1 axi_w=1 axi_b=1 axi_r=0
CALIPTRA_TRACE cycle=2200 retired=856 pc=0000369a insn=00004398 ready_mb=0 reset_n=1 fatal=0 axi_ar=0 axi_aw=1 axi_w=1 axi_b=1 axi_r=0
CALIPTRA_TRACE cycle=2300 retired=895 pc=00003ea6 insn=500217b7 ready_mb=0 reset_n=1 fatal=0 axi_ar=0 axi_aw=1 axi_w=1 axi_b=1 axi_r=0
CALIPTRA_TRACE cycle=2400 retired=922 pc=00003edc insn=00008b85 ready_mb=0 reset_n=1 fatal=0 axi_ar=0 axi_aw=1 axi_w=1 axi_b=1 axi_r=0
CALIPTRA_TRACE cycle=2500 retired=953 pc=00003f1a insn=00249d93 ready_mb=0 reset_n=1 fatal=0 axi_ar=0 axi_aw=1 axi_w=1 axi_b=1 axi_r=0
CALIPTRA_TRACE cycle=2600 retired=1004 pc=00003ed8 insn=000b2783 ready_mb=0 reset_n=1 fatal=0 axi_ar=0 axi_aw=1 axi_w=1 axi_b=1 axi_r=0
CALIPTRA_TRACE cycle=2700 retired=1036 pc=00003f22 insn=073df863 ready_mb=0 reset_n=1 fatal=0 axi_ar=0 axi_aw=1 axi_w=1 axi_b=1 axi_r=0
CALIPTRA_TRACE cycle=2800 retired=1082 pc=0000400c insn=ebeff06f ready_mb=0 reset_n=1 fatal=0 axi_ar=0 axi_aw=1 axi_w=1 axi_b=1 axi_r=0
CALIPTRA_TRACE cycle=2900 retired=1128 pc=0000d6a8 insn=00b32c23 ready_mb=0 reset_n=1 fatal=0 axi_ar=0 axi_aw=1 axi_w=1 axi_b=1 axi_r=0
CALIPTRA_AXI AR count=1 addr=000000000000000100100011010001000000000000000000 cycle=2940 pc=0000d6f4
CALIPTRA_AXI R count=1 cycle=2942 pc=0000d4f4
CALIPTRA_TRACE cycle=3000 retired=1172 pc=0000d508 insn=0000429c ready_mb=0 reset_n=1 fatal=0 axi_ar=1 axi_aw=1 axi_w=1 axi_b=1 axi_r=1
CALIPTRA_AXI AW count=2 addr=000000000000000100100011010001100000000000000000 cycle=3028 pc=0000d508
CALIPTRA_AXI W count=2 cycle=3029 pc=0000d508
CALIPTRA_AXI WSTATE cycle=3029 valid=1 ready=1 last=1 pc=0000d508
CALIPTRA_AXI WSTATE cycle=3030 valid=0 ready=0 last=0 pc=0000d508
CALIPTRA_AXI B count=2 cycle=3031 pc=0000d508
CALIPTRA_TRACE cycle=3100 retired=1190 pc=0000d53e insn=00008082 ready_mb=0 reset_n=1 fatal=0 axi_ar=1 axi_aw=2 axi_w=2 axi_b=2 axi_r=1
CALIPTRA_AXI AR count=2 addr=000000000000000100100011010001100000000000000000 cycle=3154 pc=0000cdb2
CALIPTRA_AXI R count=2 cycle=3156 pc=0000cdb8
CALIPTRA_TRACE cycle=3200 retired=1232 pc=0000cdda insn=0000bd49 ready_mb=0 reset_n=1 fatal=0 axi_ar=2 axi_aw=2 axi_w=2 axi_b=2 axi_r=2
CALIPTRA_TRACE cycle=3300 retired=1255 pc=00004350 insn=00e68463 ready_mb=0 reset_n=1 fatal=0 axi_ar=2 axi_aw=2 axi_w=2 axi_b=2 axi_r=2
CALIPTRA_TRACE cycle=3400 retired=1292 pc=00004060 insn=02fa9563 ready_mb=0 reset_n=1 fatal=0 axi_ar=2 axi_aw=2 axi_w=2 axi_b=2 axi_r=2
CALIPTRA_TRACE cycle=3500 retired=1328 pc=00004108 insn=0000dff5 ready_mb=0 reset_n=1 fatal=0 axi_ar=2 axi_aw=2 axi_w=2 axi_b=2 axi_r=2
CALIPTRA_TRACE cycle=3600 retired=1379 pc=00004182 insn=012987b3 ready_mb=0 reset_n=1 fatal=0 axi_ar=2 axi_aw=2 axi_w=2 axi_b=2 axi_r=2
CALIPTRA_TRACE cycle=3700 retired=1419 pc=00003b9e insn=000050be ready_mb=0 reset_n=1 fatal=0 axi_ar=2 axi_aw=2 axi_w=2 axi_b=2 axi_r=2
CALIPTRA_TRACE cycle=3800 retired=1469 pc=00000804 insn=0000c82a ready_mb=0 reset_n=1 fatal=0 axi_ar=2 axi_aw=2 axi_w=2 axi_b=2 axi_r=2
CALIPTRA_TRACE cycle=3900 retired=1515 pc=0000e5d8 insn=00008082 ready_mb=0 reset_n=1 fatal=0 axi_ar=2 axi_aw=2 axi_w=2 axi_b=2 axi_r=2
CALIPTRA_TRACE cycle=4000 retired=1543 pc=0000e584 insn=fed76be3 ready_mb=0 reset_n=1 fatal=0 axi_ar=2 axi_aw=2 axi_w=2 axi_b=2 axi_r=2
CALIPTRA_TRACE cycle=4100 retired=1576 pc=0000e5bc insn=00b70323 ready_mb=0 reset_n=1 fatal=0 axi_ar=2 axi_aw=2 axi_w=2 axi_b=2 axi_r=2
CALIPTRA_TRACE cycle=4200 retired=1608 pc=0000e57e insn=0000c70c ready_mb=0 reset_n=1 fatal=0 axi_ar=2 axi_aw=2 axi_w=2 axi_b=2 axi_r=2
CALIPTRA_TRACE cycle=4300 retired=1638 pc=0000027c insn=00000c8a ready_mb=0 reset_n=1 fatal=0 axi_ar=2 axi_aw=2 axi_w=2 axi_b=2 axi_r=2
CALIPTRA_TRACE cycle=4400 retired=1672 pc=000002b0 insn=000086de ready_mb=0 reset_n=1 fatal=0 axi_ar=2 axi_aw=2 axi_w=2 axi_b=2 axi_r=2
CALIPTRA_TRACE cycle=4500 retired=1693 pc=000002ba insn=020ca783 ready_mb=0 reset_n=1 fatal=0 axi_ar=2 axi_aw=2 axi_w=2 axi_b=2 axi_r=2
CALIPTRA_TRACE cycle=4600 retired=1743 pc=00000328 insn=00004681 ready_mb=0 reset_n=1 fatal=0 axi_ar=2 axi_aw=2 axi_w=2 axi_b=2 axi_r=2
CALIPTRA_TRACE cycle=4700 retired=1781 pc=0000033a insn=feb795e3 ready_mb=0 reset_n=1 fatal=0 axi_ar=2 axi_aw=2 axi_w=2 axi_b=2 axi_r=2
CALIPTRA_TRACE cycle=4800 retired=1815 pc=00000364 insn=fed793e3 ready_mb=0 reset_n=1 fatal=0 axi_ar=2 axi_aw=2 axi_w=2 axi_b=2 axi_r=2
CALIPTRA_TRACE cycle=4900 retired=1856 pc=0000037c insn=fad42a23 ready_mb=0 reset_n=1 fatal=0 axi_ar=2 axi_aw=2 axi_w=2 axi_b=2 axi_r=2
CALIPTRA_TRACE cycle=5000 retired=1894 pc=0000cd34 insn=000015fd ready_mb=0 reset_n=1 fatal=0 axi_ar=2 axi_aw=2 axi_w=2 axi_b=2 axi_r=2
CALIPTRA_AXI AW count=3 addr=000000000000000100100011010001000000000000000000 cycle=5071 pc=0000cd64
CALIPTRA_AXI W count=3 cycle=5072 pc=0000cd64
CALIPTRA_AXI WSTATE cycle=5072 valid=1 ready=1 last=0 pc=0000cd64
CALIPTRA_AXI W count=4 cycle=5073 pc=0000cd64
CALIPTRA_AXI WSTATE cycle=5073 valid=1 ready=1 last=1 pc=0000cd64
CALIPTRA_AXI WSTATE cycle=5074 valid=0 ready=0 last=0 pc=0000cd64
CALIPTRA_AXI B count=3 cycle=5075 pc=0000cd64
CALIPTRA_TRACE cycle=5100 retired=1928 pc=0000cc7c insn=00e61763 ready_mb=0 reset_n=1 fatal=0 axi_ar=2 axi_aw=3 axi_w=4 axi_b=3 axi_r=2
CALIPTRA_TRACE cycle=5200 retired=1953 pc=000003ec insn=fed82e23 ready_mb=0 reset_n=1 fatal=0 axi_ar=2 axi_aw=3 axi_w=4 axi_b=3 axi_r=2
CALIPTRA_TRACE cycle=5300 retired=2018 pc=000003ea insn=00000841 ready_mb=0 reset_n=1 fatal=0 axi_ar=2 axi_aw=3 axi_w=4 axi_b=3 axi_r=2
CALIPTRA_TRACE cycle=5400 retired=2074 pc=000034fc insn=002bc683 ready_mb=0 reset_n=1 fatal=0 axi_ar=2 axi_aw=3 axi_w=4 axi_b=3 axi_r=2
CALIPTRA_TRACE cycle=5500 retired=2126 pc=000035ba insn=8bcd2783 ready_mb=0 reset_n=1 fatal=0 axi_ar=2 axi_aw=3 axi_w=4 axi_b=3 axi_r=2
CALIPTRA_TRACE cycle=5600 retired=2178 pc=000039aa insn=0000b175 ready_mb=0 reset_n=1 fatal=0 axi_ar=2 axi_aw=3 axi_w=4 axi_b=3 axi_r=2
CALIPTRA_TRACE cycle=5700 retired=2227 pc=0000368e insn=feb799e3 ready_mb=0 reset_n=1 fatal=0 axi_ar=2 axi_aw=3 axi_w=4 axi_b=3 axi_r=2
CALIPTRA_TRACE cycle=5800 retired=2260 pc=0000369a insn=00004398 ready_mb=0 reset_n=1 fatal=0 axi_ar=2 axi_aw=3 axi_w=4 axi_b=3 axi_r=2
CALIPTRA_TRACE cycle=5900 retired=2301 pc=00003eba insn=084b0b13 ready_mb=0 reset_n=1 fatal=0 axi_ar=2 axi_aw=3 axi_w=4 axi_b=3 axi_r=2
CALIPTRA_TRACE cycle=6000 retired=2327 pc=00003ede insn=0000dfed ready_mb=0 reset_n=1 fatal=0 axi_ar=2 axi_aw=3 axi_w=4 axi_b=3 axi_r=2
CALIPTRA_TRACE cycle=6100 retired=2365 pc=00003f3c insn=ff9913e3 ready_mb=0 reset_n=1 fatal=0 axi_ar=2 axi_aw=3 axi_w=4 axi_b=3 axi_r=2
CALIPTRA_TRACE cycle=6200 retired=2408 pc=00003ed8 insn=000b2783 ready_mb=0 reset_n=1 fatal=0 axi_ar=2 axi_aw=3 axi_w=4 axi_b=3 axi_r=2
CALIPTRA_TRACE cycle=6300 retired=2449 pc=00003f38 insn=00000d85 ready_mb=0 reset_n=1 fatal=0 axi_ar=2 axi_aw=3 axi_w=4 axi_b=3 axi_r=2
CALIPTRA_TRACE cycle=6400 retired=2495 pc=00003e06 insn=3d779f63 ready_mb=0 reset_n=1 fatal=0 axi_ar=2 axi_aw=3 axi_w=4 axi_b=3 axi_r=2
CALIPTRA_TRACE cycle=6500 retired=2546 pc=0000d6e8 insn=30022737 ready_mb=0 reset_n=1 fatal=0 axi_ar=2 axi_aw=3 axi_w=4 axi_b=3 axi_r=2
CALIPTRA_AXI AR count=3 addr=000000000000000100100011010001000000000000000000 cycle=6510 pc=0000d4f0
CALIPTRA_AXI R count=3 cycle=6512 pc=0000d4f6
CALIPTRA_AXI R count=4 cycle=6514 pc=0000d4fa
CALIPTRA_AXI AW count=4 addr=000000000000000100100011010001100000000000000000 cycle=6600 pc=0000d508
CALIPTRA_TRACE cycle=6600 retired=2576 pc=0000d508 insn=0000429c ready_mb=0 reset_n=1 fatal=0 axi_ar=3 axi_aw=4 axi_w=4 axi_b=3 axi_r=4
CALIPTRA_AXI W count=5 cycle=6601 pc=0000d508
CALIPTRA_AXI WSTATE cycle=6601 valid=1 ready=1 last=0 pc=0000d508
CALIPTRA_AXI W count=6 cycle=6602 pc=0000d50a
CALIPTRA_AXI WSTATE cycle=6602 valid=1 ready=1 last=1 pc=0000d50a
CALIPTRA_AXI WSTATE cycle=6603 valid=0 ready=0 last=0 pc=0000d50e
CALIPTRA_AXI B count=4 cycle=6604 pc=0000d50e
CALIPTRA_TRACE cycle=6700 retired=2600 pc=0000cd7a insn=fe081ce3 ready_mb=0 reset_n=1 fatal=0 axi_ar=3 axi_aw=4 axi_w=6 axi_b=4 axi_r=4
CALIPTRA_AXI AR count=4 addr=000000000000000100100011010001100000000000000000 cycle=6722 pc=0000cdb2
CALIPTRA_AXI R count=5 cycle=6724 pc=0000cdb8
CALIPTRA_AXI R count=6 cycle=6726 pc=0000cdba
CALIPTRA_TRACE cycle=6800 retired=2637 pc=0000cdd8 insn=00004501 ready_mb=0 reset_n=1 fatal=0 axi_ar=4 axi_aw=4 axi_w=6 axi_b=4 axi_r=6
CALIPTRA_TRACE cycle=6900 retired=2661 pc=00004350 insn=00e68463 ready_mb=0 reset_n=1 fatal=0 axi_ar=4 axi_aw=4 axi_w=6 axi_b=4 axi_r=6
CALIPTRA_TRACE cycle=7000 retired=2694 pc=00004038 insn=0117e7b3 ready_mb=0 reset_n=1 fatal=0 axi_ar=4 axi_aw=4 axi_w=6 axi_b=4 axi_r=6
CALIPTRA_TRACE cycle=7100 retired=2738 pc=00004108 insn=0000dff5 ready_mb=0 reset_n=1 fatal=0 axi_ar=4 axi_aw=4 axi_w=6 axi_b=4 axi_r=6
CALIPTRA_TRACE cycle=7200 retired=2781 pc=0000415e insn=f7c42c03 ready_mb=0 reset_n=1 fatal=0 axi_ar=4 axi_aw=4 axi_w=6 axi_b=4 axi_r=6
CALIPTRA_TRACE cycle=7300 retired=2822 pc=000041a0 insn=0000b2d5 ready_mb=0 reset_n=1 fatal=0 axi_ar=4 axi_aw=4 axi_w=6 axi_b=4 axi_r=6
CALIPTRA_TRACE cycle=7400 retired=2867 pc=00000850 insn=0ff00513 ready_mb=0 reset_n=1 fatal=0 axi_ar=4 axi_aw=4 axi_w=6 axi_b=4 axi_r=6
* TESTCASE PASSED

Finished : minstret = 2872, mcycle = 7279
See "exec.log" for execution trace with register updates..

/private/tmp/qd-bfm-first-two-aes-xpack-20261008/caliptra_top_tb_services_icarus.sv:2445: $finish called at 74180000 (1ps)
CALIPTRA_TRACE_END cycles=7418 retired=2873 pc=000030b2 insn=00008082 axi_ar=4 axi_aw=4 axi_w=6 axi_b=4 axi_r=6
