memory guard: preflight available 7.29 GiB; process-group cap 3.73 GiB; system reserve 5.59 GiB
/var/folders/kt/49lpgwld33s6v4r2xn718tkh0000gn/T/tmp.hCiSWHs77N/dma_testcase_generator.sv:49: warning: Static variable initialization requires explicit lifetime in this context.
/var/folders/kt/49lpgwld33s6v4r2xn718tkh0000gn/T/tmp.hCiSWHs77N/dma_testcase_generator.sv:52: warning: Static variable initialization requires explicit lifetime in this context.
/var/folders/kt/49lpgwld33s6v4r2xn718tkh0000gn/T/tmp.hCiSWHs77N/dma_testcase_generator.sv:105: warning: Static variable initialization requires explicit lifetime in this context.
/Users/danielellerbrock/projects/iverilog_uvm/caliptra-rtl/src/integration/tb/caliptra_top_tb_pkg.sv:40: warning: method function 'randomize' is being called as a task.
warning: Found both default and explicit timescale based delays. Use
       : -Wtimescale to find the design element(s) with no explicit
       : timescale.
iverilog: note: wrote DPI export C stubs to /var/folders/kt/49lpgwld33s6v4r2xn718tkh0000gn/T/tmp.hCiSWHs77N/caliptra_axi_dma_top_uvm_bfm.dpiexport.c (compile it into your DPI object).
UVM_INFO /private/tmp/iverilog-uvm-install-4b3f342/lib/ivl/uvm/src/base/uvm_root.svh(476) @ 0: reporter [UVM/RELNOTES]
  ***********       IMPORTANT RELEASE NOTES         ************

  This implementation of the UVM Library deviates from the 1800.2-2020
  standard.  See the DEVIATIONS.md file contained in the release
  for more details.

----------------------------------------------------------------
Accellera:1800.2:UVM:2020.3.1

All copyright owners for this kit are listed in NOTICE.txt
All Rights Reserved Worldwide
----------------------------------------------------------------

      (Specify +UVM_NO_RELNOTES to turn off this notice)

UVM_INFO @ 0: reporter [RNTST] Running test axi_dma_top_uvm_bfm_test...
    ======================================================
    Running          25 iterations of rand_test_dma
    ======================================================
    ======================================================
    Writing random generated test cases to DCCM completed.
    * Final iteration count of rand_test_dma:          25
    ======================================================
INFO: replaying generated DCCM testcase 0 of 25 cases
INFO: Caliptra DCCM case type=2 words=2 src_off=0003d898 dst_off=00006250 src_fifo=0 dst_fifo=1 fixed_read=0 fixed_write=1 inject_rst=0 inject_rand_delays=0 block_bytes=0
PASS: generated DCCM record index=0 route=2 replayed through axi_dma_top
UVM_INFO dv/caliptra_bfm/uvm/axi4_caliptra_uvm_pkg.sv(309) @ 330000: uvm_test_top.env.agent.monitor [AXI_COVERAGE] accepted AW/W/B/AR/R=1/2/1/1/2; VALID=1/2/1/1/2; stalled AW/W/B/AR/R=0/0/0/0/0
UVM_INFO dv/caliptra_bfm/uvm/axi4_caliptra_uvm_pkg.sv(315) @ 330000: uvm_test_top.env.agent.monitor [AXI_AW_COVERAGE] burst FIXED/INCR/WRAP/RESERVED/X=1/0/0/0/0 of AW=1; lock clear/set/X=1/0/0 of AW=1
UVM_INFO dv/caliptra_bfm/uvm/axi4_caliptra_uvm_pkg.sv(321) @ 330000: uvm_test_top.env.agent.monitor [AXI_AR_COVERAGE] burst FIXED/INCR/WRAP/RESERVED/X=0/1/0/0/0 of AR=1; lock clear/set/X=1/0/0 of AR=1
UVM_INFO dv/caliptra_bfm/uvm/axi4_caliptra_uvm_pkg.sv(327) @ 330000: uvm_test_top.env.agent.monitor [AXI_RESP_COVERAGE] B OKAY/EXOKAY/SLVERR/DECERR/X=1/0/0/0/0 of B=1; R=2/0/0/0/0 of R=2
UVM_INFO dv/caliptra_bfm/uvm/axi4_caliptra_uvm_pkg.sv(332) @ 330000: uvm_test_top.env.agent.monitor [AXI_W_COVERAGE] WSTRB full/partial/zero/X=2/0/0/0 of W=2; LAST W=1 of W=2; R=1 of R=2
UVM_INFO /private/tmp/iverilog-uvm-install-4b3f342/lib/ivl/uvm/src/base/uvm_report_server.svh(1009) @ 330000: reporter [UVM/REPORT/SERVER]
--- UVM Report Summary ---

** Report counts by severity
UVM_INFO :    7
UVM_WARNING :    0
UVM_ERROR :    0
UVM_FATAL :    0
** Report counts by id
[AXI_AR_COVERAGE]     1
[AXI_AW_COVERAGE]     1
[AXI_COVERAGE]     1
[AXI_RESP_COVERAGE]     1
[AXI_W_COVERAGE]     1
[RNTST]     1
[UVM/RELNOTES]     1

/private/tmp/iverilog-uvm-install-4b3f342/lib/ivl/uvm/src/base/uvm_root.svh:633: $finish called at 330000 (1ps)
UVM_INFO /private/tmp/iverilog-uvm-install-4b3f342/lib/ivl/uvm/src/base/uvm_root.svh(476) @ 0: reporter [UVM/RELNOTES]
  ***********       IMPORTANT RELEASE NOTES         ************

  This implementation of the UVM Library deviates from the 1800.2-2020
  standard.  See the DEVIATIONS.md file contained in the release
  for more details.

----------------------------------------------------------------
Accellera:1800.2:UVM:2020.3.1

All copyright owners for this kit are listed in NOTICE.txt
All Rights Reserved Worldwide
----------------------------------------------------------------

      (Specify +UVM_NO_RELNOTES to turn off this notice)

UVM_INFO @ 0: reporter [RNTST] Running test axi_dma_top_uvm_bfm_test...
    ======================================================
    Running          25 iterations of rand_test_dma
    ======================================================
    ======================================================
    Writing random generated test cases to DCCM completed.
    * Final iteration count of rand_test_dma:          25
    ======================================================
INFO: replaying generated DCCM testcase 1 of 25 cases
INFO: Caliptra DCCM case type=1 words=2 src_off=0001dc10 dst_off=00007f44 src_fifo=0 dst_fifo=1 fixed_read=0 fixed_write=1 inject_rst=0 inject_rand_delays=0 block_bytes=0
PASS: generated DCCM record index=1 route=1 replayed through axi_dma_top
UVM_INFO dv/caliptra_bfm/uvm/axi4_caliptra_uvm_pkg.sv(309) @ 310000: uvm_test_top.env.agent.monitor [AXI_COVERAGE] accepted AW/W/B/AR/R=1/2/1/0/0; VALID=1/2/1/0/0; stalled AW/W/B/AR/R=0/0/0/0/0
UVM_INFO dv/caliptra_bfm/uvm/axi4_caliptra_uvm_pkg.sv(315) @ 310000: uvm_test_top.env.agent.monitor [AXI_AW_COVERAGE] burst FIXED/INCR/WRAP/RESERVED/X=1/0/0/0/0 of AW=1; lock clear/set/X=1/0/0 of AW=1
UVM_INFO dv/caliptra_bfm/uvm/axi4_caliptra_uvm_pkg.sv(321) @ 310000: uvm_test_top.env.agent.monitor [AXI_AR_COVERAGE] burst FIXED/INCR/WRAP/RESERVED/X=0/0/0/0/0 of AR=0; lock clear/set/X=0/0/0 of AR=0
UVM_INFO dv/caliptra_bfm/uvm/axi4_caliptra_uvm_pkg.sv(327) @ 310000: uvm_test_top.env.agent.monitor [AXI_RESP_COVERAGE] B OKAY/EXOKAY/SLVERR/DECERR/X=1/0/0/0/0 of B=1; R=0/0/0/0/0 of R=0
UVM_INFO dv/caliptra_bfm/uvm/axi4_caliptra_uvm_pkg.sv(332) @ 310000: uvm_test_top.env.agent.monitor [AXI_W_COVERAGE] WSTRB full/partial/zero/X=2/0/0/0 of W=2; LAST W=1 of W=2; R=0 of R=0
UVM_INFO /private/tmp/iverilog-uvm-install-4b3f342/lib/ivl/uvm/src/base/uvm_report_server.svh(1009) @ 310000: reporter [UVM/REPORT/SERVER]
--- UVM Report Summary ---

** Report counts by severity
UVM_INFO :    7
UVM_WARNING :    0
UVM_ERROR :    0
UVM_FATAL :    0
** Report counts by id
[AXI_AR_COVERAGE]     1
[AXI_AW_COVERAGE]     1
[AXI_COVERAGE]     1
[AXI_RESP_COVERAGE]     1
[AXI_W_COVERAGE]     1
[RNTST]     1
[UVM/RELNOTES]     1

/private/tmp/iverilog-uvm-install-4b3f342/lib/ivl/uvm/src/base/uvm_root.svh:633: $finish called at 310000 (1ps)
UVM_INFO /private/tmp/iverilog-uvm-install-4b3f342/lib/ivl/uvm/src/base/uvm_root.svh(476) @ 0: reporter [UVM/RELNOTES]
  ***********       IMPORTANT RELEASE NOTES         ************

  This implementation of the UVM Library deviates from the 1800.2-2020
  standard.  See the DEVIATIONS.md file contained in the release
  for more details.

----------------------------------------------------------------
Accellera:1800.2:UVM:2020.3.1

All copyright owners for this kit are listed in NOTICE.txt
All Rights Reserved Worldwide
----------------------------------------------------------------

      (Specify +UVM_NO_RELNOTES to turn off this notice)

UVM_INFO @ 0: reporter [RNTST] Running test axi_dma_top_uvm_bfm_test...
    ======================================================
    Running          25 iterations of rand_test_dma
    ======================================================
    ======================================================
    Writing random generated test cases to DCCM completed.
    * Final iteration count of rand_test_dma:          25
    ======================================================
INFO: replaying generated DCCM testcase 2 of 25 cases
INFO: Caliptra DCCM case type=0 words=33 src_off=000253d0 dst_off=00001668 src_fifo=0 dst_fifo=1 fixed_read=0 fixed_write=1 inject_rst=0 inject_rand_delays=0 block_bytes=0
PASS: generated DCCM record index=2 route=0 replayed through axi_dma_top
UVM_INFO dv/caliptra_bfm/uvm/axi4_caliptra_uvm_pkg.sv(309) @ 1730000: uvm_test_top.env.agent.monitor [AXI_COVERAGE] accepted AW/W/B/AR/R=3/33/3/0/0; VALID=18/33/3/0/0; stalled AW/W/B/AR/R=15/0/0/0/0
UVM_INFO dv/caliptra_bfm/uvm/axi4_caliptra_uvm_pkg.sv(315) @ 1730000: uvm_test_top.env.agent.monitor [AXI_AW_COVERAGE] burst FIXED/INCR/WRAP/RESERVED/X=3/0/0/0/0 of AW=3; lock clear/set/X=3/0/0 of AW=3
UVM_INFO dv/caliptra_bfm/uvm/axi4_caliptra_uvm_pkg.sv(321) @ 1730000: uvm_test_top.env.agent.monitor [AXI_AR_COVERAGE] burst FIXED/INCR/WRAP/RESERVED/X=0/0/0/0/0 of AR=0; lock clear/set/X=0/0/0 of AR=0
UVM_INFO dv/caliptra_bfm/uvm/axi4_caliptra_uvm_pkg.sv(327) @ 1730000: uvm_test_top.env.agent.monitor [AXI_RESP_COVERAGE] B OKAY/EXOKAY/SLVERR/DECERR/X=3/0/0/0/0 of B=3; R=0/0/0/0/0 of R=0
UVM_INFO dv/caliptra_bfm/uvm/axi4_caliptra_uvm_pkg.sv(332) @ 1730000: uvm_test_top.env.agent.monitor [AXI_W_COVERAGE] WSTRB full/partial/zero/X=33/0/0/0 of W=33; LAST W=3 of W=33; R=0 of R=0
UVM_INFO /private/tmp/iverilog-uvm-install-4b3f342/lib/ivl/uvm/src/base/uvm_report_server.svh(1009) @ 1730000: reporter [UVM/REPORT/SERVER]
--- UVM Report Summary ---

** Report counts by severity
UVM_INFO :    7
UVM_WARNING :    0
UVM_ERROR :    0
UVM_FATAL :    0
** Report counts by id
[AXI_AR_COVERAGE]     1
[AXI_AW_COVERAGE]     1
[AXI_COVERAGE]     1
[AXI_RESP_COVERAGE]     1
[AXI_W_COVERAGE]     1
[RNTST]     1
[UVM/RELNOTES]     1

/private/tmp/iverilog-uvm-install-4b3f342/lib/ivl/uvm/src/base/uvm_root.svh:633: $finish called at 1730000 (1ps)
UVM_INFO /private/tmp/iverilog-uvm-install-4b3f342/lib/ivl/uvm/src/base/uvm_root.svh(476) @ 0: reporter [UVM/RELNOTES]
  ***********       IMPORTANT RELEASE NOTES         ************

  This implementation of the UVM Library deviates from the 1800.2-2020
  standard.  See the DEVIATIONS.md file contained in the release
  for more details.

----------------------------------------------------------------
Accellera:1800.2:UVM:2020.3.1

All copyright owners for this kit are listed in NOTICE.txt
All Rights Reserved Worldwide
----------------------------------------------------------------

      (Specify +UVM_NO_RELNOTES to turn off this notice)

UVM_INFO @ 0: reporter [RNTST] Running test axi_dma_top_uvm_bfm_test...
    ======================================================
    Running          25 iterations of rand_test_dma
    ======================================================
    ======================================================
    Writing random generated test cases to DCCM completed.
    * Final iteration count of rand_test_dma:          25
    ======================================================
INFO: replaying generated DCCM testcase 3 of 25 cases
INFO: Caliptra DCCM case type=4 words=40 src_off=00000074 dst_off=00009d38 src_fifo=1 dst_fifo=0 fixed_read=1 fixed_write=0 inject_rst=0 inject_rand_delays=0 block_bytes=1024
PASS: actual Caliptra axi_dma_top moved 40 FIFO words through 1024-byte recovery blocks into the component data register
UVM_INFO dv/caliptra_bfm/uvm/axi4_caliptra_uvm_pkg.sv(309) @ 1950000: uvm_test_top.env.agent.monitor [AXI_COVERAGE] accepted AW/W/B/AR/R=0/0/0/3/40; VALID=0/0/0/3/40; stalled AW/W/B/AR/R=0/0/0/0/0
UVM_INFO dv/caliptra_bfm/uvm/axi4_caliptra_uvm_pkg.sv(315) @ 1950000: uvm_test_top.env.agent.monitor [AXI_AW_COVERAGE] burst FIXED/INCR/WRAP/RESERVED/X=0/0/0/0/0 of AW=0; lock clear/set/X=0/0/0 of AW=0
UVM_INFO dv/caliptra_bfm/uvm/axi4_caliptra_uvm_pkg.sv(321) @ 1950000: uvm_test_top.env.agent.monitor [AXI_AR_COVERAGE] burst FIXED/INCR/WRAP/RESERVED/X=3/0/0/0/0 of AR=3; lock clear/set/X=3/0/0 of AR=3
UVM_INFO dv/caliptra_bfm/uvm/axi4_caliptra_uvm_pkg.sv(327) @ 1950000: uvm_test_top.env.agent.monitor [AXI_RESP_COVERAGE] B OKAY/EXOKAY/SLVERR/DECERR/X=0/0/0/0/0 of B=0; R=40/0/0/0/0 of R=40
UVM_INFO dv/caliptra_bfm/uvm/axi4_caliptra_uvm_pkg.sv(332) @ 1950000: uvm_test_top.env.agent.monitor [AXI_W_COVERAGE] WSTRB full/partial/zero/X=0/0/0/0 of W=0; LAST W=0 of W=0; R=3 of R=40
UVM_INFO /private/tmp/iverilog-uvm-install-4b3f342/lib/ivl/uvm/src/base/uvm_report_server.svh(1009) @ 1950000: reporter [UVM/REPORT/SERVER]
--- UVM Report Summary ---

** Report counts by severity
UVM_INFO :    7
UVM_WARNING :    0
UVM_ERROR :    0
UVM_FATAL :    0
** Report counts by id
[AXI_AR_COVERAGE]     1
[AXI_AW_COVERAGE]     1
[AXI_COVERAGE]     1
[AXI_RESP_COVERAGE]     1
[AXI_W_COVERAGE]     1
[RNTST]     1
[UVM/RELNOTES]     1

/private/tmp/iverilog-uvm-install-4b3f342/lib/ivl/uvm/src/base/uvm_root.svh:633: $finish called at 1950000 (1ps)
UVM_INFO /private/tmp/iverilog-uvm-install-4b3f342/lib/ivl/uvm/src/base/uvm_root.svh(476) @ 0: reporter [UVM/RELNOTES]
  ***********       IMPORTANT RELEASE NOTES         ************

  This implementation of the UVM Library deviates from the 1800.2-2020
  standard.  See the DEVIATIONS.md file contained in the release
  for more details.

----------------------------------------------------------------
Accellera:1800.2:UVM:2020.3.1

All copyright owners for this kit are listed in NOTICE.txt
All Rights Reserved Worldwide
----------------------------------------------------------------

      (Specify +UVM_NO_RELNOTES to turn off this notice)

UVM_INFO @ 0: reporter [RNTST] Running test axi_dma_top_uvm_bfm_test...
    ======================================================
    Running          25 iterations of rand_test_dma
    ======================================================
    ======================================================
    Writing random generated test cases to DCCM completed.
    * Final iteration count of rand_test_dma:          25
    ======================================================
INFO: replaying generated DCCM testcase 4 of 25 cases
INFO: Caliptra DCCM case type=1 words=3 src_off=00005858 dst_off=0000c0e4 src_fifo=0 dst_fifo=1 fixed_read=0 fixed_write=1 inject_rst=0 inject_rand_delays=0 block_bytes=0
PASS: generated DCCM record index=4 route=1 replayed through axi_dma_top
UVM_INFO dv/caliptra_bfm/uvm/axi4_caliptra_uvm_pkg.sv(309) @ 350000: uvm_test_top.env.agent.monitor [AXI_COVERAGE] accepted AW/W/B/AR/R=1/3/1/0/0; VALID=1/3/1/0/0; stalled AW/W/B/AR/R=0/0/0/0/0
UVM_INFO dv/caliptra_bfm/uvm/axi4_caliptra_uvm_pkg.sv(315) @ 350000: uvm_test_top.env.agent.monitor [AXI_AW_COVERAGE] burst FIXED/INCR/WRAP/RESERVED/X=1/0/0/0/0 of AW=1; lock clear/set/X=1/0/0 of AW=1
UVM_INFO dv/caliptra_bfm/uvm/axi4_caliptra_uvm_pkg.sv(321) @ 350000: uvm_test_top.env.agent.monitor [AXI_AR_COVERAGE] burst FIXED/INCR/WRAP/RESERVED/X=0/0/0/0/0 of AR=0; lock clear/set/X=0/0/0 of AR=0
UVM_INFO dv/caliptra_bfm/uvm/axi4_caliptra_uvm_pkg.sv(327) @ 350000: uvm_test_top.env.agent.monitor [AXI_RESP_COVERAGE] B OKAY/EXOKAY/SLVERR/DECERR/X=1/0/0/0/0 of B=1; R=0/0/0/0/0 of R=0
UVM_INFO dv/caliptra_bfm/uvm/axi4_caliptra_uvm_pkg.sv(332) @ 350000: uvm_test_top.env.agent.monitor [AXI_W_COVERAGE] WSTRB full/partial/zero/X=3/0/0/0 of W=3; LAST W=1 of W=3; R=0 of R=0
UVM_INFO /private/tmp/iverilog-uvm-install-4b3f342/lib/ivl/uvm/src/base/uvm_report_server.svh(1009) @ 350000: reporter [UVM/REPORT/SERVER]
--- UVM Report Summary ---

** Report counts by severity
UVM_INFO :    7
UVM_WARNING :    0
UVM_ERROR :    0
UVM_FATAL :    0
** Report counts by id
[AXI_AR_COVERAGE]     1
[AXI_AW_COVERAGE]     1
[AXI_COVERAGE]     1
[AXI_RESP_COVERAGE]     1
[AXI_W_COVERAGE]     1
[RNTST]     1
[UVM/RELNOTES]     1

/private/tmp/iverilog-uvm-install-4b3f342/lib/ivl/uvm/src/base/uvm_root.svh:633: $finish called at 350000 (1ps)
UVM_INFO /private/tmp/iverilog-uvm-install-4b3f342/lib/ivl/uvm/src/base/uvm_root.svh(476) @ 0: reporter [UVM/RELNOTES]
  ***********       IMPORTANT RELEASE NOTES         ************

  This implementation of the UVM Library deviates from the 1800.2-2020
  standard.  See the DEVIATIONS.md file contained in the release
  for more details.

----------------------------------------------------------------
Accellera:1800.2:UVM:2020.3.1

All copyright owners for this kit are listed in NOTICE.txt
All Rights Reserved Worldwide
----------------------------------------------------------------

      (Specify +UVM_NO_RELNOTES to turn off this notice)

UVM_INFO @ 0: reporter [RNTST] Running test axi_dma_top_uvm_bfm_test...
    ======================================================
    Running          25 iterations of rand_test_dma
    ======================================================
    ======================================================
    Writing random generated test cases to DCCM completed.
    * Final iteration count of rand_test_dma:          25
    ======================================================
INFO: replaying generated DCCM testcase 5 of 25 cases
INFO: Caliptra DCCM case type=0 words=87 src_off=00029b10 dst_off=00007bac src_fifo=0 dst_fifo=1 fixed_read=0 fixed_write=1 inject_rst=0 inject_rand_delays=0 block_bytes=0
PASS: generated DCCM record index=5 route=0 replayed through axi_dma_top
UVM_INFO dv/caliptra_bfm/uvm/axi4_caliptra_uvm_pkg.sv(309) @ 3790000: uvm_test_top.env.agent.monitor [AXI_COVERAGE] accepted AW/W/B/AR/R=6/87/6/0/0; VALID=6/87/6/0/0; stalled AW/W/B/AR/R=0/0/0/0/0
UVM_INFO dv/caliptra_bfm/uvm/axi4_caliptra_uvm_pkg.sv(315) @ 3790000: uvm_test_top.env.agent.monitor [AXI_AW_COVERAGE] burst FIXED/INCR/WRAP/RESERVED/X=6/0/0/0/0 of AW=6; lock clear/set/X=6/0/0 of AW=6
UVM_INFO dv/caliptra_bfm/uvm/axi4_caliptra_uvm_pkg.sv(321) @ 3790000: uvm_test_top.env.agent.monitor [AXI_AR_COVERAGE] burst FIXED/INCR/WRAP/RESERVED/X=0/0/0/0/0 of AR=0; lock clear/set/X=0/0/0 of AR=0
UVM_INFO dv/caliptra_bfm/uvm/axi4_caliptra_uvm_pkg.sv(327) @ 3790000: uvm_test_top.env.agent.monitor [AXI_RESP_COVERAGE] B OKAY/EXOKAY/SLVERR/DECERR/X=6/0/0/0/0 of B=6; R=0/0/0/0/0 of R=0
UVM_INFO dv/caliptra_bfm/uvm/axi4_caliptra_uvm_pkg.sv(332) @ 3790000: uvm_test_top.env.agent.monitor [AXI_W_COVERAGE] WSTRB full/partial/zero/X=87/0/0/0 of W=87; LAST W=6 of W=87; R=0 of R=0
UVM_INFO /private/tmp/iverilog-uvm-install-4b3f342/lib/ivl/uvm/src/base/uvm_report_server.svh(1009) @ 3790000: reporter [UVM/REPORT/SERVER]
--- UVM Report Summary ---

** Report counts by severity
UVM_INFO :    7
UVM_WARNING :    0
UVM_ERROR :    0
UVM_FATAL :    0
** Report counts by id
[AXI_AR_COVERAGE]     1
[AXI_AW_COVERAGE]     1
[AXI_COVERAGE]     1
[AXI_RESP_COVERAGE]     1
[AXI_W_COVERAGE]     1
[RNTST]     1
[UVM/RELNOTES]     1

/private/tmp/iverilog-uvm-install-4b3f342/lib/ivl/uvm/src/base/uvm_root.svh:633: $finish called at 3790000 (1ps)
UVM_INFO /private/tmp/iverilog-uvm-install-4b3f342/lib/ivl/uvm/src/base/uvm_root.svh(476) @ 0: reporter [UVM/RELNOTES]
  ***********       IMPORTANT RELEASE NOTES         ************

  This implementation of the UVM Library deviates from the 1800.2-2020
  standard.  See the DEVIATIONS.md file contained in the release
  for more details.

----------------------------------------------------------------
Accellera:1800.2:UVM:2020.3.1

All copyright owners for this kit are listed in NOTICE.txt
All Rights Reserved Worldwide
----------------------------------------------------------------

      (Specify +UVM_NO_RELNOTES to turn off this notice)

UVM_INFO @ 0: reporter [RNTST] Running test axi_dma_top_uvm_bfm_test...
    ======================================================
    Running          25 iterations of rand_test_dma
    ======================================================
    ======================================================
    Writing random generated test cases to DCCM completed.
    * Final iteration count of rand_test_dma:          25
    ======================================================
INFO: replaying generated DCCM testcase 6 of 25 cases
INFO: Caliptra DCCM case type=2 words=4 src_off=00034ce0 dst_off=00025380 src_fifo=0 dst_fifo=0 fixed_read=0 fixed_write=1 inject_rst=0 inject_rand_delays=0 block_bytes=0
PASS: generated DCCM record index=6 route=2 replayed through axi_dma_top
UVM_INFO dv/caliptra_bfm/uvm/axi4_caliptra_uvm_pkg.sv(309) @ 390000: uvm_test_top.env.agent.monitor [AXI_COVERAGE] accepted AW/W/B/AR/R=1/4/1/1/4; VALID=1/4/1/1/4; stalled AW/W/B/AR/R=0/0/0/0/0
UVM_INFO dv/caliptra_bfm/uvm/axi4_caliptra_uvm_pkg.sv(315) @ 390000: uvm_test_top.env.agent.monitor [AXI_AW_COVERAGE] burst FIXED/INCR/WRAP/RESERVED/X=1/0/0/0/0 of AW=1; lock clear/set/X=1/0/0 of AW=1
UVM_INFO dv/caliptra_bfm/uvm/axi4_caliptra_uvm_pkg.sv(321) @ 390000: uvm_test_top.env.agent.monitor [AXI_AR_COVERAGE] burst FIXED/INCR/WRAP/RESERVED/X=0/1/0/0/0 of AR=1; lock clear/set/X=1/0/0 of AR=1
UVM_INFO dv/caliptra_bfm/uvm/axi4_caliptra_uvm_pkg.sv(327) @ 390000: uvm_test_top.env.agent.monitor [AXI_RESP_COVERAGE] B OKAY/EXOKAY/SLVERR/DECERR/X=1/0/0/0/0 of B=1; R=4/0/0/0/0 of R=4
UVM_INFO dv/caliptra_bfm/uvm/axi4_caliptra_uvm_pkg.sv(332) @ 390000: uvm_test_top.env.agent.monitor [AXI_W_COVERAGE] WSTRB full/partial/zero/X=4/0/0/0 of W=4; LAST W=1 of W=4; R=1 of R=4
UVM_INFO /private/tmp/iverilog-uvm-install-4b3f342/lib/ivl/uvm/src/base/uvm_report_server.svh(1009) @ 390000: reporter [UVM/REPORT/SERVER]
--- UVM Report Summary ---

** Report counts by severity
UVM_INFO :    7
UVM_WARNING :    0
UVM_ERROR :    0
UVM_FATAL :    0
** Report counts by id
[AXI_AR_COVERAGE]     1
[AXI_AW_COVERAGE]     1
[AXI_COVERAGE]     1
[AXI_RESP_COVERAGE]     1
[AXI_W_COVERAGE]     1
[RNTST]     1
[UVM/RELNOTES]     1

/private/tmp/iverilog-uvm-install-4b3f342/lib/ivl/uvm/src/base/uvm_root.svh:633: $finish called at 390000 (1ps)
UVM_INFO /private/tmp/iverilog-uvm-install-4b3f342/lib/ivl/uvm/src/base/uvm_root.svh(476) @ 0: reporter [UVM/RELNOTES]
  ***********       IMPORTANT RELEASE NOTES         ************

  This implementation of the UVM Library deviates from the 1800.2-2020
  standard.  See the DEVIATIONS.md file contained in the release
  for more details.

----------------------------------------------------------------
Accellera:1800.2:UVM:2020.3.1

All copyright owners for this kit are listed in NOTICE.txt
All Rights Reserved Worldwide
----------------------------------------------------------------

      (Specify +UVM_NO_RELNOTES to turn off this notice)

UVM_INFO @ 0: reporter [RNTST] Running test axi_dma_top_uvm_bfm_test...
    ======================================================
    Running          25 iterations of rand_test_dma
    ======================================================
    ======================================================
    Writing random generated test cases to DCCM completed.
    * Final iteration count of rand_test_dma:          25
    ======================================================
INFO: replaying generated DCCM testcase 7 of 25 cases
INFO: Caliptra DCCM case type=4 words=253 src_off=000342a0 dst_off=00006acc src_fifo=0 dst_fifo=0 fixed_read=0 fixed_write=0 inject_rst=0 inject_rand_delays=0 block_bytes=0
PASS: generated DCCM record index=7 route=4 replayed through axi_dma_top
UVM_INFO dv/caliptra_bfm/uvm/axi4_caliptra_uvm_pkg.sv(309) @ 10370000: uvm_test_top.env.agent.monitor [AXI_COVERAGE] accepted AW/W/B/AR/R=0/0/0/5/253; VALID=0/0/0/5/253; stalled AW/W/B/AR/R=0/0/0/0/0
UVM_INFO dv/caliptra_bfm/uvm/axi4_caliptra_uvm_pkg.sv(315) @ 10370000: uvm_test_top.env.agent.monitor [AXI_AW_COVERAGE] burst FIXED/INCR/WRAP/RESERVED/X=0/0/0/0/0 of AW=0; lock clear/set/X=0/0/0 of AW=0
UVM_INFO dv/caliptra_bfm/uvm/axi4_caliptra_uvm_pkg.sv(321) @ 10370000: uvm_test_top.env.agent.monitor [AXI_AR_COVERAGE] burst FIXED/INCR/WRAP/RESERVED/X=0/5/0/0/0 of AR=5; lock clear/set/X=5/0/0 of AR=5
UVM_INFO dv/caliptra_bfm/uvm/axi4_caliptra_uvm_pkg.sv(327) @ 10370000: uvm_test_top.env.agent.monitor [AXI_RESP_COVERAGE] B OKAY/EXOKAY/SLVERR/DECERR/X=0/0/0/0/0 of B=0; R=253/0/0/0/0 of R=253
UVM_INFO dv/caliptra_bfm/uvm/axi4_caliptra_uvm_pkg.sv(332) @ 10370000: uvm_test_top.env.agent.monitor [AXI_W_COVERAGE] WSTRB full/partial/zero/X=0/0/0/0 of W=0; LAST W=0 of W=0; R=5 of R=253
UVM_INFO /private/tmp/iverilog-uvm-install-4b3f342/lib/ivl/uvm/src/base/uvm_report_server.svh(1009) @ 10370000: reporter [UVM/REPORT/SERVER]
--- UVM Report Summary ---

** Report counts by severity
UVM_INFO :    7
UVM_WARNING :    0
UVM_ERROR :    0
UVM_FATAL :    0
** Report counts by id
[AXI_AR_COVERAGE]     1
[AXI_AW_COVERAGE]     1
[AXI_COVERAGE]     1
[AXI_RESP_COVERAGE]     1
[AXI_W_COVERAGE]     1
[RNTST]     1
[UVM/RELNOTES]     1

/private/tmp/iverilog-uvm-install-4b3f342/lib/ivl/uvm/src/base/uvm_root.svh:633: $finish called at 10370000 (1ps)
UVM_INFO /private/tmp/iverilog-uvm-install-4b3f342/lib/ivl/uvm/src/base/uvm_root.svh(476) @ 0: reporter [UVM/RELNOTES]
  ***********       IMPORTANT RELEASE NOTES         ************

  This implementation of the UVM Library deviates from the 1800.2-2020
  standard.  See the DEVIATIONS.md file contained in the release
  for more details.

----------------------------------------------------------------
Accellera:1800.2:UVM:2020.3.1

All copyright owners for this kit are listed in NOTICE.txt
All Rights Reserved Worldwide
----------------------------------------------------------------

      (Specify +UVM_NO_RELNOTES to turn off this notice)

UVM_INFO @ 0: reporter [RNTST] Running test axi_dma_top_uvm_bfm_test...
    ======================================================
    Running          25 iterations of rand_test_dma
    ======================================================
    ======================================================
    Writing random generated test cases to DCCM completed.
    * Final iteration count of rand_test_dma:          25
    ======================================================
INFO: replaying generated DCCM testcase 8 of 25 cases
INFO: Caliptra DCCM case type=4 words=4 src_off=000006c4 dst_off=0001f2b0 src_fifo=1 dst_fifo=0 fixed_read=1 fixed_write=0 inject_rst=0 inject_rand_delays=1 block_bytes=512
INFO: generated DCCM testcase 8 applied random stalls for 5 clock cycles
PASS: actual Caliptra axi_dma_top moved 4 FIFO words through 512-byte recovery blocks into the component data register
UVM_INFO dv/caliptra_bfm/uvm/axi4_caliptra_uvm_pkg.sv(309) @ 450000: uvm_test_top.env.agent.monitor [AXI_COVERAGE] accepted AW/W/B/AR/R=0/0/0/1/4; VALID=0/0/0/2/4; stalled AW/W/B/AR/R=0/0/0/1/0
UVM_INFO dv/caliptra_bfm/uvm/axi4_caliptra_uvm_pkg.sv(315) @ 450000: uvm_test_top.env.agent.monitor [AXI_AW_COVERAGE] burst FIXED/INCR/WRAP/RESERVED/X=0/0/0/0/0 of AW=0; lock clear/set/X=0/0/0 of AW=0
UVM_INFO dv/caliptra_bfm/uvm/axi4_caliptra_uvm_pkg.sv(321) @ 450000: uvm_test_top.env.agent.monitor [AXI_AR_COVERAGE] burst FIXED/INCR/WRAP/RESERVED/X=1/0/0/0/0 of AR=1; lock clear/set/X=1/0/0 of AR=1
UVM_INFO dv/caliptra_bfm/uvm/axi4_caliptra_uvm_pkg.sv(327) @ 450000: uvm_test_top.env.agent.monitor [AXI_RESP_COVERAGE] B OKAY/EXOKAY/SLVERR/DECERR/X=0/0/0/0/0 of B=0; R=4/0/0/0/0 of R=4
UVM_INFO dv/caliptra_bfm/uvm/axi4_caliptra_uvm_pkg.sv(332) @ 450000: uvm_test_top.env.agent.monitor [AXI_W_COVERAGE] WSTRB full/partial/zero/X=0/0/0/0 of W=0; LAST W=0 of W=0; R=1 of R=4
UVM_INFO /private/tmp/iverilog-uvm-install-4b3f342/lib/ivl/uvm/src/base/uvm_report_server.svh(1009) @ 450000: reporter [UVM/REPORT/SERVER]
--- UVM Report Summary ---

** Report counts by severity
UVM_INFO :    7
UVM_WARNING :    0
UVM_ERROR :    0
UVM_FATAL :    0
** Report counts by id
[AXI_AR_COVERAGE]     1
[AXI_AW_COVERAGE]     1
[AXI_COVERAGE]     1
[AXI_RESP_COVERAGE]     1
[AXI_W_COVERAGE]     1
[RNTST]     1
[UVM/RELNOTES]     1

/private/tmp/iverilog-uvm-install-4b3f342/lib/ivl/uvm/src/base/uvm_root.svh:633: $finish called at 450000 (1ps)
UVM_INFO /private/tmp/iverilog-uvm-install-4b3f342/lib/ivl/uvm/src/base/uvm_root.svh(476) @ 0: reporter [UVM/RELNOTES]
  ***********       IMPORTANT RELEASE NOTES         ************

  This implementation of the UVM Library deviates from the 1800.2-2020
  standard.  See the DEVIATIONS.md file contained in the release
  for more details.

----------------------------------------------------------------
Accellera:1800.2:UVM:2020.3.1

All copyright owners for this kit are listed in NOTICE.txt
All Rights Reserved Worldwide
----------------------------------------------------------------

      (Specify +UVM_NO_RELNOTES to turn off this notice)

UVM_INFO @ 0: reporter [RNTST] Running test axi_dma_top_uvm_bfm_test...
    ======================================================
    Running          25 iterations of rand_test_dma
    ======================================================
    ======================================================
    Writing random generated test cases to DCCM completed.
    * Final iteration count of rand_test_dma:          25
    ======================================================
INFO: replaying generated DCCM testcase 9 of 25 cases
INFO: Caliptra DCCM case type=1 words=52 src_off=0001bf6c dst_off=00009470 src_fifo=0 dst_fifo=1 fixed_read=0 fixed_write=1 inject_rst=0 inject_rand_delays=0 block_bytes=0
PASS: generated DCCM record index=9 route=1 replayed through axi_dma_top
UVM_INFO dv/caliptra_bfm/uvm/axi4_caliptra_uvm_pkg.sv(309) @ 1450000: uvm_test_top.env.agent.monitor [AXI_COVERAGE] accepted AW/W/B/AR/R=4/52/4/0/0; VALID=15/52/4/0/0; stalled AW/W/B/AR/R=11/0/0/0/0
UVM_INFO dv/caliptra_bfm/uvm/axi4_caliptra_uvm_pkg.sv(315) @ 1450000: uvm_test_top.env.agent.monitor [AXI_AW_COVERAGE] burst FIXED/INCR/WRAP/RESERVED/X=4/0/0/0/0 of AW=4; lock clear/set/X=4/0/0 of AW=4
UVM_INFO dv/caliptra_bfm/uvm/axi4_caliptra_uvm_pkg.sv(321) @ 1450000: uvm_test_top.env.agent.monitor [AXI_AR_COVERAGE] burst FIXED/INCR/WRAP/RESERVED/X=0/0/0/0/0 of AR=0; lock clear/set/X=0/0/0 of AR=0
UVM_INFO dv/caliptra_bfm/uvm/axi4_caliptra_uvm_pkg.sv(327) @ 1450000: uvm_test_top.env.agent.monitor [AXI_RESP_COVERAGE] B OKAY/EXOKAY/SLVERR/DECERR/X=4/0/0/0/0 of B=4; R=0/0/0/0/0 of R=0
UVM_INFO dv/caliptra_bfm/uvm/axi4_caliptra_uvm_pkg.sv(332) @ 1450000: uvm_test_top.env.agent.monitor [AXI_W_COVERAGE] WSTRB full/partial/zero/X=52/0/0/0 of W=52; LAST W=4 of W=52; R=0 of R=0
UVM_INFO /private/tmp/iverilog-uvm-install-4b3f342/lib/ivl/uvm/src/base/uvm_report_server.svh(1009) @ 1450000: reporter [UVM/REPORT/SERVER]
--- UVM Report Summary ---

** Report counts by severity
UVM_INFO :    7
UVM_WARNING :    0
UVM_ERROR :    0
UVM_FATAL :    0
** Report counts by id
[AXI_AR_COVERAGE]     1
[AXI_AW_COVERAGE]     1
[AXI_COVERAGE]     1
[AXI_RESP_COVERAGE]     1
[AXI_W_COVERAGE]     1
[RNTST]     1
[UVM/RELNOTES]     1

/private/tmp/iverilog-uvm-install-4b3f342/lib/ivl/uvm/src/base/uvm_root.svh:633: $finish called at 1450000 (1ps)
UVM_INFO /private/tmp/iverilog-uvm-install-4b3f342/lib/ivl/uvm/src/base/uvm_root.svh(476) @ 0: reporter [UVM/RELNOTES]
  ***********       IMPORTANT RELEASE NOTES         ************

  This implementation of the UVM Library deviates from the 1800.2-2020
  standard.  See the DEVIATIONS.md file contained in the release
  for more details.

----------------------------------------------------------------
Accellera:1800.2:UVM:2020.3.1

All copyright owners for this kit are listed in NOTICE.txt
All Rights Reserved Worldwide
----------------------------------------------------------------

      (Specify +UVM_NO_RELNOTES to turn off this notice)

UVM_INFO @ 0: reporter [RNTST] Running test axi_dma_top_uvm_bfm_test...
    ======================================================
    Running          25 iterations of rand_test_dma
    ======================================================
    ======================================================
    Writing random generated test cases to DCCM completed.
    * Final iteration count of rand_test_dma:          25
    ======================================================
INFO: replaying generated DCCM testcase 10 of 25 cases
INFO: Caliptra DCCM case type=1 words=47 src_off=0000c5e8 dst_off=00032648 src_fifo=0 dst_fifo=0 fixed_read=0 fixed_write=1 inject_rst=0 inject_rand_delays=1 block_bytes=0
INFO: generated DCCM testcase 10 applied random stalls for 54 clock cycles
PASS: generated DCCM record index=10 route=1 replayed through axi_dma_top
UVM_INFO dv/caliptra_bfm/uvm/axi4_caliptra_uvm_pkg.sv(309) @ 1570000: uvm_test_top.env.agent.monitor [AXI_COVERAGE] accepted AW/W/B/AR/R=3/47/3/0/0; VALID=5/95/3/0/0; stalled AW/W/B/AR/R=2/48/0/0/0
UVM_INFO dv/caliptra_bfm/uvm/axi4_caliptra_uvm_pkg.sv(315) @ 1570000: uvm_test_top.env.agent.monitor [AXI_AW_COVERAGE] burst FIXED/INCR/WRAP/RESERVED/X=3/0/0/0/0 of AW=3; lock clear/set/X=3/0/0 of AW=3
UVM_INFO dv/caliptra_bfm/uvm/axi4_caliptra_uvm_pkg.sv(321) @ 1570000: uvm_test_top.env.agent.monitor [AXI_AR_COVERAGE] burst FIXED/INCR/WRAP/RESERVED/X=0/0/0/0/0 of AR=0; lock clear/set/X=0/0/0 of AR=0
UVM_INFO dv/caliptra_bfm/uvm/axi4_caliptra_uvm_pkg.sv(327) @ 1570000: uvm_test_top.env.agent.monitor [AXI_RESP_COVERAGE] B OKAY/EXOKAY/SLVERR/DECERR/X=3/0/0/0/0 of B=3; R=0/0/0/0/0 of R=0
UVM_INFO dv/caliptra_bfm/uvm/axi4_caliptra_uvm_pkg.sv(332) @ 1570000: uvm_test_top.env.agent.monitor [AXI_W_COVERAGE] WSTRB full/partial/zero/X=47/0/0/0 of W=47; LAST W=3 of W=47; R=0 of R=0
UVM_INFO /private/tmp/iverilog-uvm-install-4b3f342/lib/ivl/uvm/src/base/uvm_report_server.svh(1009) @ 1570000: reporter [UVM/REPORT/SERVER]
--- UVM Report Summary ---

** Report counts by severity
UVM_INFO :    7
UVM_WARNING :    0
UVM_ERROR :    0
UVM_FATAL :    0
** Report counts by id
[AXI_AR_COVERAGE]     1
[AXI_AW_COVERAGE]     1
[AXI_COVERAGE]     1
[AXI_RESP_COVERAGE]     1
[AXI_W_COVERAGE]     1
[RNTST]     1
[UVM/RELNOTES]     1

/private/tmp/iverilog-uvm-install-4b3f342/lib/ivl/uvm/src/base/uvm_root.svh:633: $finish called at 1570000 (1ps)
UVM_INFO /private/tmp/iverilog-uvm-install-4b3f342/lib/ivl/uvm/src/base/uvm_root.svh(476) @ 0: reporter [UVM/RELNOTES]
  ***********       IMPORTANT RELEASE NOTES         ************

  This implementation of the UVM Library deviates from the 1800.2-2020
  standard.  See the DEVIATIONS.md file contained in the release
  for more details.

----------------------------------------------------------------
Accellera:1800.2:UVM:2020.3.1

All copyright owners for this kit are listed in NOTICE.txt
All Rights Reserved Worldwide
----------------------------------------------------------------

      (Specify +UVM_NO_RELNOTES to turn off this notice)

UVM_INFO @ 0: reporter [RNTST] Running test axi_dma_top_uvm_bfm_test...
    ======================================================
    Running          25 iterations of rand_test_dma
    ======================================================
    ======================================================
    Writing random generated test cases to DCCM completed.
    * Final iteration count of rand_test_dma:          25
    ======================================================
INFO: replaying generated DCCM testcase 11 of 25 cases
INFO: Caliptra DCCM case type=3 words=9 src_off=00008a88 dst_off=0003b2b0 src_fifo=1 dst_fifo=0 fixed_read=1 fixed_write=0 inject_rst=0 inject_rand_delays=0 block_bytes=2048
PASS: actual Caliptra axi_dma_top moved 9 FIFO words through 2048-byte recovery blocks into the mailbox
UVM_INFO dv/caliptra_bfm/uvm/axi4_caliptra_uvm_pkg.sv(309) @ 470000: uvm_test_top.env.agent.monitor [AXI_COVERAGE] accepted AW/W/B/AR/R=0/0/0/1/9; VALID=0/0/0/1/9; stalled AW/W/B/AR/R=0/0/0/0/0
UVM_INFO dv/caliptra_bfm/uvm/axi4_caliptra_uvm_pkg.sv(315) @ 470000: uvm_test_top.env.agent.monitor [AXI_AW_COVERAGE] burst FIXED/INCR/WRAP/RESERVED/X=0/0/0/0/0 of AW=0; lock clear/set/X=0/0/0 of AW=0
UVM_INFO dv/caliptra_bfm/uvm/axi4_caliptra_uvm_pkg.sv(321) @ 470000: uvm_test_top.env.agent.monitor [AXI_AR_COVERAGE] burst FIXED/INCR/WRAP/RESERVED/X=1/0/0/0/0 of AR=1; lock clear/set/X=1/0/0 of AR=1
UVM_INFO dv/caliptra_bfm/uvm/axi4_caliptra_uvm_pkg.sv(327) @ 470000: uvm_test_top.env.agent.monitor [AXI_RESP_COVERAGE] B OKAY/EXOKAY/SLVERR/DECERR/X=0/0/0/0/0 of B=0; R=9/0/0/0/0 of R=9
UVM_INFO dv/caliptra_bfm/uvm/axi4_caliptra_uvm_pkg.sv(332) @ 470000: uvm_test_top.env.agent.monitor [AXI_W_COVERAGE] WSTRB full/partial/zero/X=0/0/0/0 of W=0; LAST W=0 of W=0; R=1 of R=9
UVM_INFO /private/tmp/iverilog-uvm-install-4b3f342/lib/ivl/uvm/src/base/uvm_report_server.svh(1009) @ 470000: reporter [UVM/REPORT/SERVER]
--- UVM Report Summary ---

** Report counts by severity
UVM_INFO :    7
UVM_WARNING :    0
UVM_ERROR :    0
UVM_FATAL :    0
** Report counts by id
[AXI_AR_COVERAGE]     1
[AXI_AW_COVERAGE]     1
[AXI_COVERAGE]     1
[AXI_RESP_COVERAGE]     1
[AXI_W_COVERAGE]     1
[RNTST]     1
[UVM/RELNOTES]     1

/private/tmp/iverilog-uvm-install-4b3f342/lib/ivl/uvm/src/base/uvm_root.svh:633: $finish called at 470000 (1ps)
UVM_INFO /private/tmp/iverilog-uvm-install-4b3f342/lib/ivl/uvm/src/base/uvm_root.svh(476) @ 0: reporter [UVM/RELNOTES]
  ***********       IMPORTANT RELEASE NOTES         ************

  This implementation of the UVM Library deviates from the 1800.2-2020
  standard.  See the DEVIATIONS.md file contained in the release
  for more details.

----------------------------------------------------------------
Accellera:1800.2:UVM:2020.3.1

All copyright owners for this kit are listed in NOTICE.txt
All Rights Reserved Worldwide
----------------------------------------------------------------

      (Specify +UVM_NO_RELNOTES to turn off this notice)

UVM_INFO @ 0: reporter [RNTST] Running test axi_dma_top_uvm_bfm_test...
    ======================================================
    Running          25 iterations of rand_test_dma
    ======================================================
    ======================================================
    Writing random generated test cases to DCCM completed.
    * Final iteration count of rand_test_dma:          25
    ======================================================
INFO: replaying generated DCCM testcase 12 of 25 cases
INFO: Caliptra DCCM case type=4 words=34 src_off=00003e68 dst_off=00005530 src_fifo=1 dst_fifo=0 fixed_read=1 fixed_write=0 inject_rst=0 inject_rand_delays=1 block_bytes=1024
INFO: generated DCCM testcase 12 applied random stalls for 30 clock cycles
PASS: actual Caliptra axi_dma_top moved 34 FIFO words through 1024-byte recovery blocks into the component data register
UVM_INFO dv/caliptra_bfm/uvm/axi4_caliptra_uvm_pkg.sv(309) @ 1750000: uvm_test_top.env.agent.monitor [AXI_COVERAGE] accepted AW/W/B/AR/R=0/0/0/3/34; VALID=0/0/0/4/34; stalled AW/W/B/AR/R=0/0/0/1/0
UVM_INFO dv/caliptra_bfm/uvm/axi4_caliptra_uvm_pkg.sv(315) @ 1750000: uvm_test_top.env.agent.monitor [AXI_AW_COVERAGE] burst FIXED/INCR/WRAP/RESERVED/X=0/0/0/0/0 of AW=0; lock clear/set/X=0/0/0 of AW=0
UVM_INFO dv/caliptra_bfm/uvm/axi4_caliptra_uvm_pkg.sv(321) @ 1750000: uvm_test_top.env.agent.monitor [AXI_AR_COVERAGE] burst FIXED/INCR/WRAP/RESERVED/X=3/0/0/0/0 of AR=3; lock clear/set/X=3/0/0 of AR=3
UVM_INFO dv/caliptra_bfm/uvm/axi4_caliptra_uvm_pkg.sv(327) @ 1750000: uvm_test_top.env.agent.monitor [AXI_RESP_COVERAGE] B OKAY/EXOKAY/SLVERR/DECERR/X=0/0/0/0/0 of B=0; R=34/0/0/0/0 of R=34
UVM_INFO dv/caliptra_bfm/uvm/axi4_caliptra_uvm_pkg.sv(332) @ 1750000: uvm_test_top.env.agent.monitor [AXI_W_COVERAGE] WSTRB full/partial/zero/X=0/0/0/0 of W=0; LAST W=0 of W=0; R=3 of R=34
UVM_INFO /private/tmp/iverilog-uvm-install-4b3f342/lib/ivl/uvm/src/base/uvm_report_server.svh(1009) @ 1750000: reporter [UVM/REPORT/SERVER]
--- UVM Report Summary ---

** Report counts by severity
UVM_INFO :    7
UVM_WARNING :    0
UVM_ERROR :    0
UVM_FATAL :    0
** Report counts by id
[AXI_AR_COVERAGE]     1
[AXI_AW_COVERAGE]     1
[AXI_COVERAGE]     1
[AXI_RESP_COVERAGE]     1
[AXI_W_COVERAGE]     1
[RNTST]     1
[UVM/RELNOTES]     1

/private/tmp/iverilog-uvm-install-4b3f342/lib/ivl/uvm/src/base/uvm_root.svh:633: $finish called at 1750000 (1ps)
UVM_INFO /private/tmp/iverilog-uvm-install-4b3f342/lib/ivl/uvm/src/base/uvm_root.svh(476) @ 0: reporter [UVM/RELNOTES]
  ***********       IMPORTANT RELEASE NOTES         ************

  This implementation of the UVM Library deviates from the 1800.2-2020
  standard.  See the DEVIATIONS.md file contained in the release
  for more details.

----------------------------------------------------------------
Accellera:1800.2:UVM:2020.3.1

All copyright owners for this kit are listed in NOTICE.txt
All Rights Reserved Worldwide
----------------------------------------------------------------

      (Specify +UVM_NO_RELNOTES to turn off this notice)

UVM_INFO @ 0: reporter [RNTST] Running test axi_dma_top_uvm_bfm_test...
    ======================================================
    Running          25 iterations of rand_test_dma
    ======================================================
    ======================================================
    Writing random generated test cases to DCCM completed.
    * Final iteration count of rand_test_dma:          25
    ======================================================
INFO: replaying generated DCCM testcase 13 of 25 cases
INFO: Caliptra DCCM case type=4 words=27 src_off=00000680 dst_off=0003ec98 src_fifo=1 dst_fifo=0 fixed_read=1 fixed_write=0 inject_rst=0 inject_rand_delays=0 block_bytes=0
INFO: FIFO source stream supplied 27 words; FIFO drained
PASS: generated DCCM record index=13 route=4 replayed through axi_dma_top
UVM_INFO dv/caliptra_bfm/uvm/axi4_caliptra_uvm_pkg.sv(309) @ 1331000: uvm_test_top.env.agent.monitor [AXI_COVERAGE] accepted AW/W/B/AR/R=0/0/0/2/27; VALID=0/0/0/34/27; stalled AW/W/B/AR/R=0/0/0/32/0
UVM_INFO dv/caliptra_bfm/uvm/axi4_caliptra_uvm_pkg.sv(315) @ 1331000: uvm_test_top.env.agent.monitor [AXI_AW_COVERAGE] burst FIXED/INCR/WRAP/RESERVED/X=0/0/0/0/0 of AW=0; lock clear/set/X=0/0/0 of AW=0
UVM_INFO dv/caliptra_bfm/uvm/axi4_caliptra_uvm_pkg.sv(321) @ 1331000: uvm_test_top.env.agent.monitor [AXI_AR_COVERAGE] burst FIXED/INCR/WRAP/RESERVED/X=2/0/0/0/0 of AR=2; lock clear/set/X=2/0/0 of AR=2
UVM_INFO dv/caliptra_bfm/uvm/axi4_caliptra_uvm_pkg.sv(327) @ 1331000: uvm_test_top.env.agent.monitor [AXI_RESP_COVERAGE] B OKAY/EXOKAY/SLVERR/DECERR/X=0/0/0/0/0 of B=0; R=27/0/0/0/0 of R=27
UVM_INFO dv/caliptra_bfm/uvm/axi4_caliptra_uvm_pkg.sv(332) @ 1331000: uvm_test_top.env.agent.monitor [AXI_W_COVERAGE] WSTRB full/partial/zero/X=0/0/0/0 of W=0; LAST W=0 of W=0; R=2 of R=27
UVM_INFO /private/tmp/iverilog-uvm-install-4b3f342/lib/ivl/uvm/src/base/uvm_report_server.svh(1009) @ 1331000: reporter [UVM/REPORT/SERVER]
--- UVM Report Summary ---

** Report counts by severity
UVM_INFO :    7
UVM_WARNING :    0
UVM_ERROR :    0
UVM_FATAL :    0
** Report counts by id
[AXI_AR_COVERAGE]     1
[AXI_AW_COVERAGE]     1
[AXI_COVERAGE]     1
[AXI_RESP_COVERAGE]     1
[AXI_W_COVERAGE]     1
[RNTST]     1
[UVM/RELNOTES]     1

/private/tmp/iverilog-uvm-install-4b3f342/lib/ivl/uvm/src/base/uvm_root.svh:633: $finish called at 1331000 (1ps)
UVM_INFO /private/tmp/iverilog-uvm-install-4b3f342/lib/ivl/uvm/src/base/uvm_root.svh(476) @ 0: reporter [UVM/RELNOTES]
  ***********       IMPORTANT RELEASE NOTES         ************

  This implementation of the UVM Library deviates from the 1800.2-2020
  standard.  See the DEVIATIONS.md file contained in the release
  for more details.

----------------------------------------------------------------
Accellera:1800.2:UVM:2020.3.1

All copyright owners for this kit are listed in NOTICE.txt
All Rights Reserved Worldwide
----------------------------------------------------------------

      (Specify +UVM_NO_RELNOTES to turn off this notice)

UVM_INFO @ 0: reporter [RNTST] Running test axi_dma_top_uvm_bfm_test...
    ======================================================
    Running          25 iterations of rand_test_dma
    ======================================================
    ======================================================
    Writing random generated test cases to DCCM completed.
    * Final iteration count of rand_test_dma:          25
    ======================================================
INFO: replaying generated DCCM testcase 14 of 25 cases
INFO: Caliptra DCCM case type=2 words=4 src_off=00031744 dst_off=00036900 src_fifo=0 dst_fifo=0 fixed_read=0 fixed_write=1 inject_rst=0 inject_rand_delays=1 block_bytes=0
INFO: generated DCCM testcase 14 applied random stalls for 100 clock cycles
PASS: generated DCCM record index=14 route=2 replayed through axi_dma_top
UVM_INFO dv/caliptra_bfm/uvm/axi4_caliptra_uvm_pkg.sv(309) @ 1390000: uvm_test_top.env.agent.monitor [AXI_COVERAGE] accepted AW/W/B/AR/R=1/4/1/1/4; VALID=1/6/1/90/4; stalled AW/W/B/AR/R=0/2/0/89/0
UVM_INFO dv/caliptra_bfm/uvm/axi4_caliptra_uvm_pkg.sv(315) @ 1390000: uvm_test_top.env.agent.monitor [AXI_AW_COVERAGE] burst FIXED/INCR/WRAP/RESERVED/X=1/0/0/0/0 of AW=1; lock clear/set/X=1/0/0 of AW=1
UVM_INFO dv/caliptra_bfm/uvm/axi4_caliptra_uvm_pkg.sv(321) @ 1390000: uvm_test_top.env.agent.monitor [AXI_AR_COVERAGE] burst FIXED/INCR/WRAP/RESERVED/X=0/1/0/0/0 of AR=1; lock clear/set/X=1/0/0 of AR=1
UVM_INFO dv/caliptra_bfm/uvm/axi4_caliptra_uvm_pkg.sv(327) @ 1390000: uvm_test_top.env.agent.monitor [AXI_RESP_COVERAGE] B OKAY/EXOKAY/SLVERR/DECERR/X=1/0/0/0/0 of B=1; R=4/0/0/0/0 of R=4
UVM_INFO dv/caliptra_bfm/uvm/axi4_caliptra_uvm_pkg.sv(332) @ 1390000: uvm_test_top.env.agent.monitor [AXI_W_COVERAGE] WSTRB full/partial/zero/X=4/0/0/0 of W=4; LAST W=1 of W=4; R=1 of R=4
UVM_INFO /private/tmp/iverilog-uvm-install-4b3f342/lib/ivl/uvm/src/base/uvm_report_server.svh(1009) @ 1390000: reporter [UVM/REPORT/SERVER]
--- UVM Report Summary ---

** Report counts by severity
UVM_INFO :    7
UVM_WARNING :    0
UVM_ERROR :    0
UVM_FATAL :    0
** Report counts by id
[AXI_AR_COVERAGE]     1
[AXI_AW_COVERAGE]     1
[AXI_COVERAGE]     1
[AXI_RESP_COVERAGE]     1
[AXI_W_COVERAGE]     1
[RNTST]     1
[UVM/RELNOTES]     1

/private/tmp/iverilog-uvm-install-4b3f342/lib/ivl/uvm/src/base/uvm_root.svh:633: $finish called at 1390000 (1ps)
UVM_INFO /private/tmp/iverilog-uvm-install-4b3f342/lib/ivl/uvm/src/base/uvm_root.svh(476) @ 0: reporter [UVM/RELNOTES]
  ***********       IMPORTANT RELEASE NOTES         ************

  This implementation of the UVM Library deviates from the 1800.2-2020
  standard.  See the DEVIATIONS.md file contained in the release
  for more details.

----------------------------------------------------------------
Accellera:1800.2:UVM:2020.3.1

All copyright owners for this kit are listed in NOTICE.txt
All Rights Reserved Worldwide
----------------------------------------------------------------

      (Specify +UVM_NO_RELNOTES to turn off this notice)

UVM_INFO @ 0: reporter [RNTST] Running test axi_dma_top_uvm_bfm_test...
    ======================================================
    Running          25 iterations of rand_test_dma
    ======================================================
    ======================================================
    Writing random generated test cases to DCCM completed.
    * Final iteration count of rand_test_dma:          25
    ======================================================
INFO: replaying generated DCCM testcase 15 of 25 cases
INFO: Caliptra DCCM case type=2 words=2 src_off=000125cc dst_off=00038764 src_fifo=0 dst_fifo=0 fixed_read=1 fixed_write=0 inject_rst=0 inject_rand_delays=1 block_bytes=0
INFO: generated DCCM testcase 15 applied random stalls for 99 clock cycles
PASS: generated DCCM record index=15 route=2 replayed through axi_dma_top
UVM_INFO dv/caliptra_bfm/uvm/axi4_caliptra_uvm_pkg.sv(309) @ 1310000: uvm_test_top.env.agent.monitor [AXI_COVERAGE] accepted AW/W/B/AR/R=1/2/1/1/2; VALID=2/2/1/90/2; stalled AW/W/B/AR/R=1/0/0/89/0
UVM_INFO dv/caliptra_bfm/uvm/axi4_caliptra_uvm_pkg.sv(315) @ 1310000: uvm_test_top.env.agent.monitor [AXI_AW_COVERAGE] burst FIXED/INCR/WRAP/RESERVED/X=0/1/0/0/0 of AW=1; lock clear/set/X=1/0/0 of AW=1
UVM_INFO dv/caliptra_bfm/uvm/axi4_caliptra_uvm_pkg.sv(321) @ 1310000: uvm_test_top.env.agent.monitor [AXI_AR_COVERAGE] burst FIXED/INCR/WRAP/RESERVED/X=1/0/0/0/0 of AR=1; lock clear/set/X=1/0/0 of AR=1
UVM_INFO dv/caliptra_bfm/uvm/axi4_caliptra_uvm_pkg.sv(327) @ 1310000: uvm_test_top.env.agent.monitor [AXI_RESP_COVERAGE] B OKAY/EXOKAY/SLVERR/DECERR/X=1/0/0/0/0 of B=1; R=2/0/0/0/0 of R=2
UVM_INFO dv/caliptra_bfm/uvm/axi4_caliptra_uvm_pkg.sv(332) @ 1310000: uvm_test_top.env.agent.monitor [AXI_W_COVERAGE] WSTRB full/partial/zero/X=2/0/0/0 of W=2; LAST W=1 of W=2; R=1 of R=2
UVM_INFO /private/tmp/iverilog-uvm-install-4b3f342/lib/ivl/uvm/src/base/uvm_report_server.svh(1009) @ 1310000: reporter [UVM/REPORT/SERVER]
--- UVM Report Summary ---

** Report counts by severity
UVM_INFO :    7
UVM_WARNING :    0
UVM_ERROR :    0
UVM_FATAL :    0
** Report counts by id
[AXI_AR_COVERAGE]     1
[AXI_AW_COVERAGE]     1
[AXI_COVERAGE]     1
[AXI_RESP_COVERAGE]     1
[AXI_W_COVERAGE]     1
[RNTST]     1
[UVM/RELNOTES]     1

/private/tmp/iverilog-uvm-install-4b3f342/lib/ivl/uvm/src/base/uvm_root.svh:633: $finish called at 1310000 (1ps)
UVM_INFO /private/tmp/iverilog-uvm-install-4b3f342/lib/ivl/uvm/src/base/uvm_root.svh(476) @ 0: reporter [UVM/RELNOTES]
  ***********       IMPORTANT RELEASE NOTES         ************

  This implementation of the UVM Library deviates from the 1800.2-2020
  standard.  See the DEVIATIONS.md file contained in the release
  for more details.

----------------------------------------------------------------
Accellera:1800.2:UVM:2020.3.1

All copyright owners for this kit are listed in NOTICE.txt
All Rights Reserved Worldwide
----------------------------------------------------------------

      (Specify +UVM_NO_RELNOTES to turn off this notice)

UVM_INFO @ 0: reporter [RNTST] Running test axi_dma_top_uvm_bfm_test...
    ======================================================
    Running          25 iterations of rand_test_dma
    ======================================================
    ======================================================
    Writing random generated test cases to DCCM completed.
    * Final iteration count of rand_test_dma:          25
    ======================================================
INFO: replaying generated DCCM testcase 16 of 25 cases
INFO: Caliptra DCCM case type=4 words=45 src_off=0000e45c dst_off=00019f6c src_fifo=1 dst_fifo=0 fixed_read=1 fixed_write=0 inject_rst=0 inject_rand_delays=0 block_bytes=512
PASS: actual Caliptra axi_dma_top moved 45 FIFO words through 512-byte recovery blocks into the component data register
UVM_INFO dv/caliptra_bfm/uvm/axi4_caliptra_uvm_pkg.sv(309) @ 2150000: uvm_test_top.env.agent.monitor [AXI_COVERAGE] accepted AW/W/B/AR/R=0/0/0/3/45; VALID=0/0/0/3/45; stalled AW/W/B/AR/R=0/0/0/0/0
UVM_INFO dv/caliptra_bfm/uvm/axi4_caliptra_uvm_pkg.sv(315) @ 2150000: uvm_test_top.env.agent.monitor [AXI_AW_COVERAGE] burst FIXED/INCR/WRAP/RESERVED/X=0/0/0/0/0 of AW=0; lock clear/set/X=0/0/0 of AW=0
UVM_INFO dv/caliptra_bfm/uvm/axi4_caliptra_uvm_pkg.sv(321) @ 2150000: uvm_test_top.env.agent.monitor [AXI_AR_COVERAGE] burst FIXED/INCR/WRAP/RESERVED/X=3/0/0/0/0 of AR=3; lock clear/set/X=3/0/0 of AR=3
UVM_INFO dv/caliptra_bfm/uvm/axi4_caliptra_uvm_pkg.sv(327) @ 2150000: uvm_test_top.env.agent.monitor [AXI_RESP_COVERAGE] B OKAY/EXOKAY/SLVERR/DECERR/X=0/0/0/0/0 of B=0; R=45/0/0/0/0 of R=45
UVM_INFO dv/caliptra_bfm/uvm/axi4_caliptra_uvm_pkg.sv(332) @ 2150000: uvm_test_top.env.agent.monitor [AXI_W_COVERAGE] WSTRB full/partial/zero/X=0/0/0/0 of W=0; LAST W=0 of W=0; R=3 of R=45
UVM_INFO /private/tmp/iverilog-uvm-install-4b3f342/lib/ivl/uvm/src/base/uvm_report_server.svh(1009) @ 2150000: reporter [UVM/REPORT/SERVER]
--- UVM Report Summary ---

** Report counts by severity
UVM_INFO :    7
UVM_WARNING :    0
UVM_ERROR :    0
UVM_FATAL :    0
** Report counts by id
[AXI_AR_COVERAGE]     1
[AXI_AW_COVERAGE]     1
[AXI_COVERAGE]     1
[AXI_RESP_COVERAGE]     1
[AXI_W_COVERAGE]     1
[RNTST]     1
[UVM/RELNOTES]     1

/private/tmp/iverilog-uvm-install-4b3f342/lib/ivl/uvm/src/base/uvm_root.svh:633: $finish called at 2150000 (1ps)
UVM_INFO /private/tmp/iverilog-uvm-install-4b3f342/lib/ivl/uvm/src/base/uvm_root.svh(476) @ 0: reporter [UVM/RELNOTES]
  ***********       IMPORTANT RELEASE NOTES         ************

  This implementation of the UVM Library deviates from the 1800.2-2020
  standard.  See the DEVIATIONS.md file contained in the release
  for more details.

----------------------------------------------------------------
Accellera:1800.2:UVM:2020.3.1

All copyright owners for this kit are listed in NOTICE.txt
All Rights Reserved Worldwide
----------------------------------------------------------------

      (Specify +UVM_NO_RELNOTES to turn off this notice)

UVM_INFO @ 0: reporter [RNTST] Running test axi_dma_top_uvm_bfm_test...
    ======================================================
    Running          25 iterations of rand_test_dma
    ======================================================
    ======================================================
    Writing random generated test cases to DCCM completed.
    * Final iteration count of rand_test_dma:          25
    ======================================================
INFO: replaying generated DCCM testcase 17 of 25 cases
INFO: Caliptra DCCM case type=0 words=222 src_off=000120dc dst_off=0001dab8 src_fifo=0 dst_fifo=0 fixed_read=0 fixed_write=0 inject_rst=0 inject_rand_delays=0 block_bytes=0
PASS: generated DCCM record index=17 route=0 replayed through axi_dma_top
UVM_INFO dv/caliptra_bfm/uvm/axi4_caliptra_uvm_pkg.sv(309) @ 9410000: uvm_test_top.env.agent.monitor [AXI_COVERAGE] accepted AW/W/B/AR/R=5/222/5/0/0; VALID=5/222/5/0/0; stalled AW/W/B/AR/R=0/0/0/0/0
UVM_INFO dv/caliptra_bfm/uvm/axi4_caliptra_uvm_pkg.sv(315) @ 9410000: uvm_test_top.env.agent.monitor [AXI_AW_COVERAGE] burst FIXED/INCR/WRAP/RESERVED/X=0/5/0/0/0 of AW=5; lock clear/set/X=5/0/0 of AW=5
UVM_INFO dv/caliptra_bfm/uvm/axi4_caliptra_uvm_pkg.sv(321) @ 9410000: uvm_test_top.env.agent.monitor [AXI_AR_COVERAGE] burst FIXED/INCR/WRAP/RESERVED/X=0/0/0/0/0 of AR=0; lock clear/set/X=0/0/0 of AR=0
UVM_INFO dv/caliptra_bfm/uvm/axi4_caliptra_uvm_pkg.sv(327) @ 9410000: uvm_test_top.env.agent.monitor [AXI_RESP_COVERAGE] B OKAY/EXOKAY/SLVERR/DECERR/X=5/0/0/0/0 of B=5; R=0/0/0/0/0 of R=0
UVM_INFO dv/caliptra_bfm/uvm/axi4_caliptra_uvm_pkg.sv(332) @ 9410000: uvm_test_top.env.agent.monitor [AXI_W_COVERAGE] WSTRB full/partial/zero/X=222/0/0/0 of W=222; LAST W=5 of W=222; R=0 of R=0
UVM_INFO /private/tmp/iverilog-uvm-install-4b3f342/lib/ivl/uvm/src/base/uvm_report_server.svh(1009) @ 9410000: reporter [UVM/REPORT/SERVER]
--- UVM Report Summary ---

** Report counts by severity
UVM_INFO :    7
UVM_WARNING :    0
UVM_ERROR :    0
UVM_FATAL :    0
** Report counts by id
[AXI_AR_COVERAGE]     1
[AXI_AW_COVERAGE]     1
[AXI_COVERAGE]     1
[AXI_RESP_COVERAGE]     1
[AXI_W_COVERAGE]     1
[RNTST]     1
[UVM/RELNOTES]     1

/private/tmp/iverilog-uvm-install-4b3f342/lib/ivl/uvm/src/base/uvm_root.svh:633: $finish called at 9410000 (1ps)
UVM_INFO /private/tmp/iverilog-uvm-install-4b3f342/lib/ivl/uvm/src/base/uvm_root.svh(476) @ 0: reporter [UVM/RELNOTES]
  ***********       IMPORTANT RELEASE NOTES         ************

  This implementation of the UVM Library deviates from the 1800.2-2020
  standard.  See the DEVIATIONS.md file contained in the release
  for more details.

----------------------------------------------------------------
Accellera:1800.2:UVM:2020.3.1

All copyright owners for this kit are listed in NOTICE.txt
All Rights Reserved Worldwide
----------------------------------------------------------------

      (Specify +UVM_NO_RELNOTES to turn off this notice)

UVM_INFO @ 0: reporter [RNTST] Running test axi_dma_top_uvm_bfm_test...
    ======================================================
    Running          25 iterations of rand_test_dma
    ======================================================
    ======================================================
    Writing random generated test cases to DCCM completed.
    * Final iteration count of rand_test_dma:          25
    ======================================================
INFO: replaying generated DCCM testcase 18 of 25 cases
INFO: Caliptra DCCM case type=2 words=61 src_off=00016f0c dst_off=00035a0c src_fifo=0 dst_fifo=0 fixed_read=1 fixed_write=1 inject_rst=0 inject_rand_delays=0 block_bytes=0
PASS: generated DCCM record index=18 route=2 replayed through axi_dma_top
UVM_INFO dv/caliptra_bfm/uvm/axi4_caliptra_uvm_pkg.sv(309) @ 1610000: uvm_test_top.env.agent.monitor [AXI_COVERAGE] accepted AW/W/B/AR/R=4/61/4/4/61; VALID=4/61/4/4/61; stalled AW/W/B/AR/R=0/0/0/0/0
UVM_INFO dv/caliptra_bfm/uvm/axi4_caliptra_uvm_pkg.sv(315) @ 1610000: uvm_test_top.env.agent.monitor [AXI_AW_COVERAGE] burst FIXED/INCR/WRAP/RESERVED/X=4/0/0/0/0 of AW=4; lock clear/set/X=4/0/0 of AW=4
UVM_INFO dv/caliptra_bfm/uvm/axi4_caliptra_uvm_pkg.sv(321) @ 1610000: uvm_test_top.env.agent.monitor [AXI_AR_COVERAGE] burst FIXED/INCR/WRAP/RESERVED/X=4/0/0/0/0 of AR=4; lock clear/set/X=4/0/0 of AR=4
UVM_INFO dv/caliptra_bfm/uvm/axi4_caliptra_uvm_pkg.sv(327) @ 1610000: uvm_test_top.env.agent.monitor [AXI_RESP_COVERAGE] B OKAY/EXOKAY/SLVERR/DECERR/X=4/0/0/0/0 of B=4; R=61/0/0/0/0 of R=61
UVM_INFO dv/caliptra_bfm/uvm/axi4_caliptra_uvm_pkg.sv(332) @ 1610000: uvm_test_top.env.agent.monitor [AXI_W_COVERAGE] WSTRB full/partial/zero/X=61/0/0/0 of W=61; LAST W=4 of W=61; R=4 of R=61
UVM_INFO /private/tmp/iverilog-uvm-install-4b3f342/lib/ivl/uvm/src/base/uvm_report_server.svh(1009) @ 1610000: reporter [UVM/REPORT/SERVER]
--- UVM Report Summary ---

** Report counts by severity
UVM_INFO :    7
UVM_WARNING :    0
UVM_ERROR :    0
UVM_FATAL :    0
** Report counts by id
[AXI_AR_COVERAGE]     1
[AXI_AW_COVERAGE]     1
[AXI_COVERAGE]     1
[AXI_RESP_COVERAGE]     1
[AXI_W_COVERAGE]     1
[RNTST]     1
[UVM/RELNOTES]     1

/private/tmp/iverilog-uvm-install-4b3f342/lib/ivl/uvm/src/base/uvm_root.svh:633: $finish called at 1610000 (1ps)
UVM_INFO /private/tmp/iverilog-uvm-install-4b3f342/lib/ivl/uvm/src/base/uvm_root.svh(476) @ 0: reporter [UVM/RELNOTES]
  ***********       IMPORTANT RELEASE NOTES         ************

  This implementation of the UVM Library deviates from the 1800.2-2020
  standard.  See the DEVIATIONS.md file contained in the release
  for more details.

----------------------------------------------------------------
Accellera:1800.2:UVM:2020.3.1

All copyright owners for this kit are listed in NOTICE.txt
All Rights Reserved Worldwide
----------------------------------------------------------------

      (Specify +UVM_NO_RELNOTES to turn off this notice)

UVM_INFO @ 0: reporter [RNTST] Running test axi_dma_top_uvm_bfm_test...
    ======================================================
    Running          25 iterations of rand_test_dma
    ======================================================
    ======================================================
    Writing random generated test cases to DCCM completed.
    * Final iteration count of rand_test_dma:          25
    ======================================================
INFO: replaying generated DCCM testcase 19 of 25 cases
INFO: Caliptra DCCM case type=2 words=17 src_off=00013a4c dst_off=0000ee68 src_fifo=0 dst_fifo=1 fixed_read=1 fixed_write=1 inject_rst=0 inject_rand_delays=0 block_bytes=0
PASS: generated DCCM record index=19 route=2 replayed through axi_dma_top
UVM_INFO dv/caliptra_bfm/uvm/axi4_caliptra_uvm_pkg.sv(309) @ 790000: uvm_test_top.env.agent.monitor [AXI_COVERAGE] accepted AW/W/B/AR/R=2/17/2/2/17; VALID=19/17/2/2/17; stalled AW/W/B/AR/R=17/0/0/0/0
UVM_INFO dv/caliptra_bfm/uvm/axi4_caliptra_uvm_pkg.sv(315) @ 790000: uvm_test_top.env.agent.monitor [AXI_AW_COVERAGE] burst FIXED/INCR/WRAP/RESERVED/X=2/0/0/0/0 of AW=2; lock clear/set/X=2/0/0 of AW=2
UVM_INFO dv/caliptra_bfm/uvm/axi4_caliptra_uvm_pkg.sv(321) @ 790000: uvm_test_top.env.agent.monitor [AXI_AR_COVERAGE] burst FIXED/INCR/WRAP/RESERVED/X=2/0/0/0/0 of AR=2; lock clear/set/X=2/0/0 of AR=2
UVM_INFO dv/caliptra_bfm/uvm/axi4_caliptra_uvm_pkg.sv(327) @ 790000: uvm_test_top.env.agent.monitor [AXI_RESP_COVERAGE] B OKAY/EXOKAY/SLVERR/DECERR/X=2/0/0/0/0 of B=2; R=17/0/0/0/0 of R=17
UVM_INFO dv/caliptra_bfm/uvm/axi4_caliptra_uvm_pkg.sv(332) @ 790000: uvm_test_top.env.agent.monitor [AXI_W_COVERAGE] WSTRB full/partial/zero/X=17/0/0/0 of W=17; LAST W=2 of W=17; R=2 of R=17
UVM_INFO /private/tmp/iverilog-uvm-install-4b3f342/lib/ivl/uvm/src/base/uvm_report_server.svh(1009) @ 790000: reporter [UVM/REPORT/SERVER]
--- UVM Report Summary ---

** Report counts by severity
UVM_INFO :    7
UVM_WARNING :    0
UVM_ERROR :    0
UVM_FATAL :    0
** Report counts by id
[AXI_AR_COVERAGE]     1
[AXI_AW_COVERAGE]     1
[AXI_COVERAGE]     1
[AXI_RESP_COVERAGE]     1
[AXI_W_COVERAGE]     1
[RNTST]     1
[UVM/RELNOTES]     1

/private/tmp/iverilog-uvm-install-4b3f342/lib/ivl/uvm/src/base/uvm_root.svh:633: $finish called at 790000 (1ps)
UVM_INFO /private/tmp/iverilog-uvm-install-4b3f342/lib/ivl/uvm/src/base/uvm_root.svh(476) @ 0: reporter [UVM/RELNOTES]
  ***********       IMPORTANT RELEASE NOTES         ************

  This implementation of the UVM Library deviates from the 1800.2-2020
  standard.  See the DEVIATIONS.md file contained in the release
  for more details.

----------------------------------------------------------------
Accellera:1800.2:UVM:2020.3.1

All copyright owners for this kit are listed in NOTICE.txt
All Rights Reserved Worldwide
----------------------------------------------------------------

      (Specify +UVM_NO_RELNOTES to turn off this notice)

UVM_INFO @ 0: reporter [RNTST] Running test axi_dma_top_uvm_bfm_test...
    ======================================================
    Running          25 iterations of rand_test_dma
    ======================================================
    ======================================================
    Writing random generated test cases to DCCM completed.
    * Final iteration count of rand_test_dma:          25
    ======================================================
INFO: replaying generated DCCM testcase 20 of 25 cases
INFO: Caliptra DCCM case type=0 words=2633 src_off=00011920 dst_off=000216ec src_fifo=0 dst_fifo=0 fixed_read=0 fixed_write=0 inject_rst=0 inject_rand_delays=1 block_bytes=0
INFO: generated DCCM testcase 20 applied random stalls for 4824 clock cycles
PASS: generated DCCM record index=20 route=0 replayed through axi_dma_top
UVM_INFO dv/caliptra_bfm/uvm/axi4_caliptra_uvm_pkg.sv(309) @ 107110000: uvm_test_top.env.agent.monitor [AXI_COVERAGE] accepted AW/W/B/AR/R=43/2633/43/0/0; VALID=612/6459/43/0/0; stalled AW/W/B/AR/R=569/3826/0/0/0
UVM_INFO dv/caliptra_bfm/uvm/axi4_caliptra_uvm_pkg.sv(315) @ 107110000: uvm_test_top.env.agent.monitor [AXI_AW_COVERAGE] burst FIXED/INCR/WRAP/RESERVED/X=0/43/0/0/0 of AW=43; lock clear/set/X=43/0/0 of AW=43
UVM_INFO dv/caliptra_bfm/uvm/axi4_caliptra_uvm_pkg.sv(321) @ 107110000: uvm_test_top.env.agent.monitor [AXI_AR_COVERAGE] burst FIXED/INCR/WRAP/RESERVED/X=0/0/0/0/0 of AR=0; lock clear/set/X=0/0/0 of AR=0
UVM_INFO dv/caliptra_bfm/uvm/axi4_caliptra_uvm_pkg.sv(327) @ 107110000: uvm_test_top.env.agent.monitor [AXI_RESP_COVERAGE] B OKAY/EXOKAY/SLVERR/DECERR/X=43/0/0/0/0 of B=43; R=0/0/0/0/0 of R=0
UVM_INFO dv/caliptra_bfm/uvm/axi4_caliptra_uvm_pkg.sv(332) @ 107110000: uvm_test_top.env.agent.monitor [AXI_W_COVERAGE] WSTRB full/partial/zero/X=2633/0/0/0 of W=2633; LAST W=43 of W=2633; R=0 of R=0
UVM_INFO /private/tmp/iverilog-uvm-install-4b3f342/lib/ivl/uvm/src/base/uvm_report_server.svh(1009) @ 107110000: reporter [UVM/REPORT/SERVER]
--- UVM Report Summary ---

** Report counts by severity
UVM_INFO :    7
UVM_WARNING :    0
UVM_ERROR :    0
UVM_FATAL :    0
** Report counts by id
[AXI_AR_COVERAGE]     1
[AXI_AW_COVERAGE]     1
[AXI_COVERAGE]     1
[AXI_RESP_COVERAGE]     1
[AXI_W_COVERAGE]     1
[RNTST]     1
[UVM/RELNOTES]     1

/private/tmp/iverilog-uvm-install-4b3f342/lib/ivl/uvm/src/base/uvm_root.svh:633: $finish called at 107110000 (1ps)
UVM_INFO /private/tmp/iverilog-uvm-install-4b3f342/lib/ivl/uvm/src/base/uvm_root.svh(476) @ 0: reporter [UVM/RELNOTES]
  ***********       IMPORTANT RELEASE NOTES         ************

  This implementation of the UVM Library deviates from the 1800.2-2020
  standard.  See the DEVIATIONS.md file contained in the release
  for more details.

----------------------------------------------------------------
Accellera:1800.2:UVM:2020.3.1

All copyright owners for this kit are listed in NOTICE.txt
All Rights Reserved Worldwide
----------------------------------------------------------------

      (Specify +UVM_NO_RELNOTES to turn off this notice)

UVM_INFO @ 0: reporter [RNTST] Running test axi_dma_top_uvm_bfm_test...
    ======================================================
    Running          25 iterations of rand_test_dma
    ======================================================
    ======================================================
    Writing random generated test cases to DCCM completed.
    * Final iteration count of rand_test_dma:          25
    ======================================================
INFO: replaying generated DCCM testcase 21 of 25 cases
INFO: Caliptra DCCM case type=4 words=140 src_off=00008fa4 dst_off=0002a3b8 src_fifo=1 dst_fifo=0 fixed_read=1 fixed_write=0 inject_rst=0 inject_rand_delays=0 block_bytes=2048
PASS: actual Caliptra axi_dma_top moved 140 FIFO words through 2048-byte recovery blocks into the component data register
UVM_INFO dv/caliptra_bfm/uvm/axi4_caliptra_uvm_pkg.sv(309) @ 6190000: uvm_test_top.env.agent.monitor [AXI_COVERAGE] accepted AW/W/B/AR/R=0/0/0/9/140; VALID=0/0/0/9/140; stalled AW/W/B/AR/R=0/0/0/0/0
UVM_INFO dv/caliptra_bfm/uvm/axi4_caliptra_uvm_pkg.sv(315) @ 6190000: uvm_test_top.env.agent.monitor [AXI_AW_COVERAGE] burst FIXED/INCR/WRAP/RESERVED/X=0/0/0/0/0 of AW=0; lock clear/set/X=0/0/0 of AW=0
UVM_INFO dv/caliptra_bfm/uvm/axi4_caliptra_uvm_pkg.sv(321) @ 6190000: uvm_test_top.env.agent.monitor [AXI_AR_COVERAGE] burst FIXED/INCR/WRAP/RESERVED/X=9/0/0/0/0 of AR=9; lock clear/set/X=9/0/0 of AR=9
UVM_INFO dv/caliptra_bfm/uvm/axi4_caliptra_uvm_pkg.sv(327) @ 6190000: uvm_test_top.env.agent.monitor [AXI_RESP_COVERAGE] B OKAY/EXOKAY/SLVERR/DECERR/X=0/0/0/0/0 of B=0; R=140/0/0/0/0 of R=140
UVM_INFO dv/caliptra_bfm/uvm/axi4_caliptra_uvm_pkg.sv(332) @ 6190000: uvm_test_top.env.agent.monitor [AXI_W_COVERAGE] WSTRB full/partial/zero/X=0/0/0/0 of W=0; LAST W=0 of W=0; R=9 of R=140
UVM_INFO /private/tmp/iverilog-uvm-install-4b3f342/lib/ivl/uvm/src/base/uvm_report_server.svh(1009) @ 6190000: reporter [UVM/REPORT/SERVER]
--- UVM Report Summary ---

** Report counts by severity
UVM_INFO :    7
UVM_WARNING :    0
UVM_ERROR :    0
UVM_FATAL :    0
** Report counts by id
[AXI_AR_COVERAGE]     1
[AXI_AW_COVERAGE]     1
[AXI_COVERAGE]     1
[AXI_RESP_COVERAGE]     1
[AXI_W_COVERAGE]     1
[RNTST]     1
[UVM/RELNOTES]     1

/private/tmp/iverilog-uvm-install-4b3f342/lib/ivl/uvm/src/base/uvm_root.svh:633: $finish called at 6190000 (1ps)
UVM_INFO /private/tmp/iverilog-uvm-install-4b3f342/lib/ivl/uvm/src/base/uvm_root.svh(476) @ 0: reporter [UVM/RELNOTES]
  ***********       IMPORTANT RELEASE NOTES         ************

  This implementation of the UVM Library deviates from the 1800.2-2020
  standard.  See the DEVIATIONS.md file contained in the release
  for more details.

----------------------------------------------------------------
Accellera:1800.2:UVM:2020.3.1

All copyright owners for this kit are listed in NOTICE.txt
All Rights Reserved Worldwide
----------------------------------------------------------------

      (Specify +UVM_NO_RELNOTES to turn off this notice)

UVM_INFO @ 0: reporter [RNTST] Running test axi_dma_top_uvm_bfm_test...
    ======================================================
    Running          25 iterations of rand_test_dma
    ======================================================
    ======================================================
    Writing random generated test cases to DCCM completed.
    * Final iteration count of rand_test_dma:          25
    ======================================================
INFO: replaying generated DCCM testcase 22 of 25 cases
INFO: Caliptra DCCM case type=0 words=33 src_off=00012008 dst_off=00001dbc src_fifo=0 dst_fifo=1 fixed_read=0 fixed_write=1 inject_rst=0 inject_rand_delays=0 block_bytes=0
PASS: generated DCCM record index=22 route=0 replayed through axi_dma_top
UVM_INFO dv/caliptra_bfm/uvm/axi4_caliptra_uvm_pkg.sv(309) @ 1730000: uvm_test_top.env.agent.monitor [AXI_COVERAGE] accepted AW/W/B/AR/R=3/33/3/0/0; VALID=18/33/3/0/0; stalled AW/W/B/AR/R=15/0/0/0/0
UVM_INFO dv/caliptra_bfm/uvm/axi4_caliptra_uvm_pkg.sv(315) @ 1730000: uvm_test_top.env.agent.monitor [AXI_AW_COVERAGE] burst FIXED/INCR/WRAP/RESERVED/X=3/0/0/0/0 of AW=3; lock clear/set/X=3/0/0 of AW=3
UVM_INFO dv/caliptra_bfm/uvm/axi4_caliptra_uvm_pkg.sv(321) @ 1730000: uvm_test_top.env.agent.monitor [AXI_AR_COVERAGE] burst FIXED/INCR/WRAP/RESERVED/X=0/0/0/0/0 of AR=0; lock clear/set/X=0/0/0 of AR=0
UVM_INFO dv/caliptra_bfm/uvm/axi4_caliptra_uvm_pkg.sv(327) @ 1730000: uvm_test_top.env.agent.monitor [AXI_RESP_COVERAGE] B OKAY/EXOKAY/SLVERR/DECERR/X=3/0/0/0/0 of B=3; R=0/0/0/0/0 of R=0
UVM_INFO dv/caliptra_bfm/uvm/axi4_caliptra_uvm_pkg.sv(332) @ 1730000: uvm_test_top.env.agent.monitor [AXI_W_COVERAGE] WSTRB full/partial/zero/X=33/0/0/0 of W=33; LAST W=3 of W=33; R=0 of R=0
UVM_INFO /private/tmp/iverilog-uvm-install-4b3f342/lib/ivl/uvm/src/base/uvm_report_server.svh(1009) @ 1730000: reporter [UVM/REPORT/SERVER]
--- UVM Report Summary ---

** Report counts by severity
UVM_INFO :    7
UVM_WARNING :    0
UVM_ERROR :    0
UVM_FATAL :    0
** Report counts by id
[AXI_AR_COVERAGE]     1
[AXI_AW_COVERAGE]     1
[AXI_COVERAGE]     1
[AXI_RESP_COVERAGE]     1
[AXI_W_COVERAGE]     1
[RNTST]     1
[UVM/RELNOTES]     1

/private/tmp/iverilog-uvm-install-4b3f342/lib/ivl/uvm/src/base/uvm_root.svh:633: $finish called at 1730000 (1ps)
UVM_INFO /private/tmp/iverilog-uvm-install-4b3f342/lib/ivl/uvm/src/base/uvm_root.svh(476) @ 0: reporter [UVM/RELNOTES]
  ***********       IMPORTANT RELEASE NOTES         ************

  This implementation of the UVM Library deviates from the 1800.2-2020
  standard.  See the DEVIATIONS.md file contained in the release
  for more details.

----------------------------------------------------------------
Accellera:1800.2:UVM:2020.3.1

All copyright owners for this kit are listed in NOTICE.txt
All Rights Reserved Worldwide
----------------------------------------------------------------

      (Specify +UVM_NO_RELNOTES to turn off this notice)

UVM_INFO @ 0: reporter [RNTST] Running test axi_dma_top_uvm_bfm_test...
    ======================================================
    Running          25 iterations of rand_test_dma
    ======================================================
    ======================================================
    Writing random generated test cases to DCCM completed.
    * Final iteration count of rand_test_dma:          25
    ======================================================
INFO: replaying generated DCCM testcase 23 of 25 cases
INFO: Caliptra DCCM case type=4 words=109 src_off=00016e3c dst_off=00012d7c src_fifo=0 dst_fifo=0 fixed_read=0 fixed_write=0 inject_rst=0 inject_rand_delays=0 block_bytes=0
PASS: generated DCCM record index=23 route=4 replayed through axi_dma_top
UVM_INFO dv/caliptra_bfm/uvm/axi4_caliptra_uvm_pkg.sv(309) @ 4610000: uvm_test_top.env.agent.monitor [AXI_COVERAGE] accepted AW/W/B/AR/R=0/0/0/2/109; VALID=0/0/0/2/109; stalled AW/W/B/AR/R=0/0/0/0/0
UVM_INFO dv/caliptra_bfm/uvm/axi4_caliptra_uvm_pkg.sv(315) @ 4610000: uvm_test_top.env.agent.monitor [AXI_AW_COVERAGE] burst FIXED/INCR/WRAP/RESERVED/X=0/0/0/0/0 of AW=0; lock clear/set/X=0/0/0 of AW=0
UVM_INFO dv/caliptra_bfm/uvm/axi4_caliptra_uvm_pkg.sv(321) @ 4610000: uvm_test_top.env.agent.monitor [AXI_AR_COVERAGE] burst FIXED/INCR/WRAP/RESERVED/X=0/2/0/0/0 of AR=2; lock clear/set/X=2/0/0 of AR=2
UVM_INFO dv/caliptra_bfm/uvm/axi4_caliptra_uvm_pkg.sv(327) @ 4610000: uvm_test_top.env.agent.monitor [AXI_RESP_COVERAGE] B OKAY/EXOKAY/SLVERR/DECERR/X=0/0/0/0/0 of B=0; R=109/0/0/0/0 of R=109
UVM_INFO dv/caliptra_bfm/uvm/axi4_caliptra_uvm_pkg.sv(332) @ 4610000: uvm_test_top.env.agent.monitor [AXI_W_COVERAGE] WSTRB full/partial/zero/X=0/0/0/0 of W=0; LAST W=0 of W=0; R=2 of R=109
UVM_INFO /private/tmp/iverilog-uvm-install-4b3f342/lib/ivl/uvm/src/base/uvm_report_server.svh(1009) @ 4610000: reporter [UVM/REPORT/SERVER]
--- UVM Report Summary ---

** Report counts by severity
UVM_INFO :    7
UVM_WARNING :    0
UVM_ERROR :    0
UVM_FATAL :    0
** Report counts by id
[AXI_AR_COVERAGE]     1
[AXI_AW_COVERAGE]     1
[AXI_COVERAGE]     1
[AXI_RESP_COVERAGE]     1
[AXI_W_COVERAGE]     1
[RNTST]     1
[UVM/RELNOTES]     1

/private/tmp/iverilog-uvm-install-4b3f342/lib/ivl/uvm/src/base/uvm_root.svh:633: $finish called at 4610000 (1ps)
UVM_INFO /private/tmp/iverilog-uvm-install-4b3f342/lib/ivl/uvm/src/base/uvm_root.svh(476) @ 0: reporter [UVM/RELNOTES]
  ***********       IMPORTANT RELEASE NOTES         ************

  This implementation of the UVM Library deviates from the 1800.2-2020
  standard.  See the DEVIATIONS.md file contained in the release
  for more details.

----------------------------------------------------------------
Accellera:1800.2:UVM:2020.3.1

All copyright owners for this kit are listed in NOTICE.txt
All Rights Reserved Worldwide
----------------------------------------------------------------

      (Specify +UVM_NO_RELNOTES to turn off this notice)

UVM_INFO @ 0: reporter [RNTST] Running test axi_dma_top_uvm_bfm_test...
    ======================================================
    Running          25 iterations of rand_test_dma
    ======================================================
    ======================================================
    Writing random generated test cases to DCCM completed.
    * Final iteration count of rand_test_dma:          25
    ======================================================
INFO: replaying generated DCCM testcase 24 of 25 cases
INFO: Caliptra DCCM case type=4 words=41 src_off=00003120 dst_off=0002d194 src_fifo=1 dst_fifo=0 fixed_read=1 fixed_write=0 inject_rst=0 inject_rand_delays=0 block_bytes=0
INFO: FIFO source stream supplied 41 words; FIFO drained
PASS: generated DCCM record index=24 route=4 replayed through axi_dma_top
UVM_INFO dv/caliptra_bfm/uvm/axi4_caliptra_uvm_pkg.sv(309) @ 1891000: uvm_test_top.env.agent.monitor [AXI_COVERAGE] accepted AW/W/B/AR/R=0/0/0/3/41; VALID=0/0/0/67/41; stalled AW/W/B/AR/R=0/0/0/64/0
UVM_INFO dv/caliptra_bfm/uvm/axi4_caliptra_uvm_pkg.sv(315) @ 1891000: uvm_test_top.env.agent.monitor [AXI_AW_COVERAGE] burst FIXED/INCR/WRAP/RESERVED/X=0/0/0/0/0 of AW=0; lock clear/set/X=0/0/0 of AW=0
UVM_INFO dv/caliptra_bfm/uvm/axi4_caliptra_uvm_pkg.sv(321) @ 1891000: uvm_test_top.env.agent.monitor [AXI_AR_COVERAGE] burst FIXED/INCR/WRAP/RESERVED/X=3/0/0/0/0 of AR=3; lock clear/set/X=3/0/0 of AR=3
UVM_INFO dv/caliptra_bfm/uvm/axi4_caliptra_uvm_pkg.sv(327) @ 1891000: uvm_test_top.env.agent.monitor [AXI_RESP_COVERAGE] B OKAY/EXOKAY/SLVERR/DECERR/X=0/0/0/0/0 of B=0; R=41/0/0/0/0 of R=41
UVM_INFO dv/caliptra_bfm/uvm/axi4_caliptra_uvm_pkg.sv(332) @ 1891000: uvm_test_top.env.agent.monitor [AXI_W_COVERAGE] WSTRB full/partial/zero/X=0/0/0/0 of W=0; LAST W=0 of W=0; R=3 of R=41
UVM_INFO /private/tmp/iverilog-uvm-install-4b3f342/lib/ivl/uvm/src/base/uvm_report_server.svh(1009) @ 1891000: reporter [UVM/REPORT/SERVER]
--- UVM Report Summary ---

** Report counts by severity
UVM_INFO :    7
UVM_WARNING :    0
UVM_ERROR :    0
UVM_FATAL :    0
** Report counts by id
[AXI_AR_COVERAGE]     1
[AXI_AW_COVERAGE]     1
[AXI_COVERAGE]     1
[AXI_RESP_COVERAGE]     1
[AXI_W_COVERAGE]     1
[RNTST]     1
[UVM/RELNOTES]     1

/private/tmp/iverilog-uvm-install-4b3f342/lib/ivl/uvm/src/base/uvm_root.svh:633: $finish called at 1891000 (1ps)
INFO: replayed 25 seeded default mixed DCCM records through axi_dma_top across all routes and FIFO/fixed/delay/recovery flags
memory guard: command exited 0; minimum available 7.02 GiB; maximum process group 0.38 GiB
